Archive member included to satisfy reference by file (symbol)

c:/program files (x86)/atmel/studio/7.0/toolchain/avr8/avr8-gnu-toolchain/bin/../lib/gcc/avr/4.9.2/avr5\libgcc.a(_divmodhi4.o)
                              xnormidi-develop/bytequeue/bytequeue.o (__divmodhi4)
c:/program files (x86)/atmel/studio/7.0/toolchain/avr8/avr8-gnu-toolchain/bin/../lib/gcc/avr/4.9.2/avr5\libgcc.a(_exit.o)
                              C:/Program Files (x86)/Atmel/Studio/7.0/Packs/atmel/ATmega_DFP/1.0.98/gcc/dev/atmega328pb/avr5/crtatmega328pb.o (exit)
c:/program files (x86)/atmel/studio/7.0/toolchain/avr8/avr8-gnu-toolchain/bin/../lib/gcc/avr/4.9.2/avr5\libgcc.a(_tablejump2.o)
                              xnormidi-develop/midi.o (__tablejump2__)
c:/program files (x86)/atmel/studio/7.0/toolchain/avr8/avr8-gnu-toolchain/bin/../lib/gcc/avr/4.9.2/avr5\libgcc.a(_copy_data.o)
                              drums.o (__do_copy_data)
c:/program files (x86)/atmel/studio/7.0/toolchain/avr8/avr8-gnu-toolchain/bin/../lib/gcc/avr/4.9.2/avr5\libgcc.a(_clear_bss.o)
                              clock.o (__do_clear_bss)
c:/program files (x86)/atmel/studio/7.0/toolchain/avr8/avr8-gnu-toolchain/bin/../lib/gcc/avr/4.9.2/avr5\libgcc.a(_umulhisi3.o)
                              xnormidi-develop/midi_device.o (__umulhisi3)
c:/program files (x86)/atmel/studio/7.0/toolchain/avr8/avr8-gnu-toolchain/bin/../lib/gcc/avr/4.9.2/avr5\libgcc.a(_udivmodhi4.o)
                              c:/program files (x86)/atmel/studio/7.0/toolchain/avr8/avr8-gnu-toolchain/bin/../lib/gcc/avr/4.9.2/avr5\libgcc.a(_divmodhi4.o) (__udivmodhi4)
c:/program files (x86)/atmel/studio/7.0/toolchain/avr8/avr8-gnu-toolchain/bin/../lib/gcc/avr/4.9.2/../../../../avr/lib/avr5\libc.a(memcpy.o)
                              xnormidi-develop/midi.o (memcpy)

Allocating common symbols
Common symbol       size              file

internal_clock      0x7               clock.o
din_clock           0x7               clock.o
midi_clock          0x7               clock.o
midi_device         0xed              main.o
sequencer           0xd8              sequencer.o

Discarded input sections

 .data          0x00000000        0x0 C:/Program Files (x86)/Atmel/Studio/7.0/Packs/atmel/ATmega_DFP/1.0.98/gcc/dev/atmega328pb/avr5/crtatmega328pb.o
 .bss           0x00000000        0x0 C:/Program Files (x86)/Atmel/Studio/7.0/Packs/atmel/ATmega_DFP/1.0.98/gcc/dev/atmega328pb/avr5/crtatmega328pb.o
 .text          0x00000000        0x0 adc.o
 .data          0x00000000        0x0 adc.o
 .bss           0x00000000        0x0 adc.o
 .text          0x00000000        0x0 clock.o
 .data          0x00000000        0x0 clock.o
 .bss           0x00000000        0x0 clock.o
 .text          0x00000000        0x0 drums.o
 .data          0x00000000        0x0 drums.o
 .bss           0x00000000        0x0 drums.o
 .text          0x00000000        0x0 interrupts.o
 .data          0x00000000        0x0 interrupts.o
 .bss           0x00000000        0x0 interrupts.o
 .text          0x00000000        0x0 leds.o
 .data          0x00000000        0x0 leds.o
 .bss           0x00000000        0x0 leds.o
 .text.flash_once
                0x00000000        0x2 leds.o
 .text.update_step_led_mask
                0x00000000       0x8e leds.o
 .text          0x00000000        0x0 main.o
 .data          0x00000000        0x0 main.o
 .bss           0x00000000        0x0 main.o
 .text          0x00000000        0x0 midi.o
 .data          0x00000000        0x0 midi.o
 .bss           0x00000000        0x0 midi.o
 .debug_info    0x00000000       0x5d midi.o
 .debug_abbrev  0x00000000       0x26 midi.o
 .debug_aranges
                0x00000000       0x18 midi.o
 .debug_line    0x00000000       0x1a midi.o
 .debug_str     0x00000000      0x165 midi.o
 .comment       0x00000000       0x31 midi.o
 .text          0x00000000        0x0 mode.o
 .data          0x00000000        0x0 mode.o
 .bss           0x00000000        0x0 mode.o
 .text          0x00000000        0x0 sequencer.o
 .data          0x00000000        0x0 sequencer.o
 .bss           0x00000000        0x0 sequencer.o
 .text          0x00000000        0x0 spi.o
 .data          0x00000000        0x0 spi.o
 .bss           0x00000000        0x0 spi.o
 .bss.switch_states
                0x00000000        0x5 spi.o
 .text          0x00000000        0x0 switches.o
 .data          0x00000000        0x0 switches.o
 .bss           0x00000000        0x0 switches.o
 .text          0x00000000        0x0 xnormidi-develop/bytequeue/bytequeue.o
 .data          0x00000000        0x0 xnormidi-develop/bytequeue/bytequeue.o
 .bss           0x00000000        0x0 xnormidi-develop/bytequeue/bytequeue.o
 .text          0x00000000        0x0 xnormidi-develop/bytequeue/interrupt_setting.o
 .data          0x00000000        0x0 xnormidi-develop/bytequeue/interrupt_setting.o
 .bss           0x00000000        0x0 xnormidi-develop/bytequeue/interrupt_setting.o
 .text          0x00000000        0x0 xnormidi-develop/midi.o
 .data          0x00000000        0x0 xnormidi-develop/midi.o
 .bss           0x00000000        0x0 xnormidi-develop/midi.o
 .text.midi_send_cc
                0x00000000       0x20 xnormidi-develop/midi.o
 .text.midi_send_noteon
                0x00000000       0x20 xnormidi-develop/midi.o
 .text.midi_send_noteoff
                0x00000000       0x20 xnormidi-develop/midi.o
 .text.midi_send_aftertouch
                0x00000000       0x20 xnormidi-develop/midi.o
 .text.midi_send_pitchbend
                0x00000000       0x4c xnormidi-develop/midi.o
 .text.midi_send_programchange
                0x00000000       0x1e xnormidi-develop/midi.o
 .text.midi_send_channelpressure
                0x00000000       0x1e xnormidi-develop/midi.o
 .text.midi_send_clock
                0x00000000       0x18 xnormidi-develop/midi.o
 .text.midi_send_tick
                0x00000000       0x18 xnormidi-develop/midi.o
 .text.midi_send_start
                0x00000000       0x18 xnormidi-develop/midi.o
 .text.midi_send_continue
                0x00000000       0x18 xnormidi-develop/midi.o
 .text.midi_send_stop
                0x00000000       0x18 xnormidi-develop/midi.o
 .text.midi_send_activesense
                0x00000000       0x18 xnormidi-develop/midi.o
 .text.midi_send_reset
                0x00000000       0x18 xnormidi-develop/midi.o
 .text.midi_send_tcquarterframe
                0x00000000       0x1a xnormidi-develop/midi.o
 .text.midi_send_songposition
                0x00000000       0x2a xnormidi-develop/midi.o
 .text.midi_send_songselect
                0x00000000       0x1a xnormidi-develop/midi.o
 .text.midi_send_tunerequest
                0x00000000       0x18 xnormidi-develop/midi.o
 .text.midi_send_byte
                0x00000000       0x18 xnormidi-develop/midi.o
 .text.midi_send_data
                0x00000000        0xe xnormidi-develop/midi.o
 .text.midi_send_array
                0x00000000       0xa8 xnormidi-develop/midi.o
 .text.midi_register_cc_callback
                0x00000000        0x8 xnormidi-develop/midi.o
 .text.midi_register_aftertouch_callback
                0x00000000        0x8 xnormidi-develop/midi.o
 .text.midi_register_pitchbend_callback
                0x00000000        0x8 xnormidi-develop/midi.o
 .text.midi_register_songposition_callback
                0x00000000        0x8 xnormidi-develop/midi.o
 .text.midi_register_progchange_callback
                0x00000000        0x8 xnormidi-develop/midi.o
 .text.midi_register_chanpressure_callback
                0x00000000        0x8 xnormidi-develop/midi.o
 .text.midi_register_songselect_callback
                0x00000000        0x8 xnormidi-develop/midi.o
 .text.midi_register_tc_quarterframe_callback
                0x00000000        0x8 xnormidi-develop/midi.o
 .text.midi_register_tunerequest_callback
                0x00000000        0x8 xnormidi-develop/midi.o
 .text.midi_register_sysex_callback
                0x00000000        0x8 xnormidi-develop/midi.o
 .text.midi_register_fallthrough_callback
                0x00000000        0x8 xnormidi-develop/midi.o
 .text.midi_register_catchall_callback
                0x00000000        0x8 xnormidi-develop/midi.o
 .text          0x00000000        0x0 xnormidi-develop/midi_device.o
 .data          0x00000000        0x0 xnormidi-develop/midi_device.o
 .bss           0x00000000        0x0 xnormidi-develop/midi_device.o
 .text.midi_device_set_send_func
                0x00000000        0x8 xnormidi-develop/midi_device.o
 .text.midi_device_set_pre_input_process_func
                0x00000000        0x8 xnormidi-develop/midi_device.o
 .text          0x00000000        0x0 xnormidi-develop/sysex_tools.o
 .data          0x00000000        0x0 xnormidi-develop/sysex_tools.o
 .bss           0x00000000        0x0 xnormidi-develop/sysex_tools.o
 .text.sysex_encoded_length
                0x00000000       0x96 xnormidi-develop/sysex_tools.o
 .text.sysex_decoded_length
                0x00000000       0x54 xnormidi-develop/sysex_tools.o
 .text.sysex_encode
                0x00000000      0x1ac xnormidi-develop/sysex_tools.o
 .text.sysex_decode
                0x00000000      0x144 xnormidi-develop/sysex_tools.o
 .debug_info    0x00000000      0x2e0 xnormidi-develop/sysex_tools.o
 .debug_abbrev  0x00000000       0xf4 xnormidi-develop/sysex_tools.o
 .debug_loc     0x00000000      0x7e1 xnormidi-develop/sysex_tools.o
 .debug_aranges
                0x00000000       0x38 xnormidi-develop/sysex_tools.o
 .debug_ranges  0x00000000       0x40 xnormidi-develop/sysex_tools.o
 .debug_line    0x00000000      0x16b xnormidi-develop/sysex_tools.o
 .debug_str     0x00000000      0x262 xnormidi-develop/sysex_tools.o
 .comment       0x00000000       0x31 xnormidi-develop/sysex_tools.o
 .debug_frame   0x00000000       0xf4 xnormidi-develop/sysex_tools.o
 .text          0x00000000        0x0 c:/program files (x86)/atmel/studio/7.0/toolchain/avr8/avr8-gnu-toolchain/bin/../lib/gcc/avr/4.9.2/avr5\libgcc.a(_divmodhi4.o)
 .data          0x00000000        0x0 c:/program files (x86)/atmel/studio/7.0/toolchain/avr8/avr8-gnu-toolchain/bin/../lib/gcc/avr/4.9.2/avr5\libgcc.a(_divmodhi4.o)
 .bss           0x00000000        0x0 c:/program files (x86)/atmel/studio/7.0/toolchain/avr8/avr8-gnu-toolchain/bin/../lib/gcc/avr/4.9.2/avr5\libgcc.a(_divmodhi4.o)
 .text.libgcc.mul
                0x00000000        0x0 c:/program files (x86)/atmel/studio/7.0/toolchain/avr8/avr8-gnu-toolchain/bin/../lib/gcc/avr/4.9.2/avr5\libgcc.a(_divmodhi4.o)
 .text.libgcc   0x00000000        0x0 c:/program files (x86)/atmel/studio/7.0/toolchain/avr8/avr8-gnu-toolchain/bin/../lib/gcc/avr/4.9.2/avr5\libgcc.a(_divmodhi4.o)
 .text.libgcc.prologue
                0x00000000        0x0 c:/program files (x86)/atmel/studio/7.0/toolchain/avr8/avr8-gnu-toolchain/bin/../lib/gcc/avr/4.9.2/avr5\libgcc.a(_divmodhi4.o)
 .text.libgcc.builtins
                0x00000000        0x0 c:/program files (x86)/atmel/studio/7.0/toolchain/avr8/avr8-gnu-toolchain/bin/../lib/gcc/avr/4.9.2/avr5\libgcc.a(_divmodhi4.o)
 .text.libgcc.fmul
                0x00000000        0x0 c:/program files (x86)/atmel/studio/7.0/toolchain/avr8/avr8-gnu-toolchain/bin/../lib/gcc/avr/4.9.2/avr5\libgcc.a(_divmodhi4.o)
 .text.libgcc.fixed
                0x00000000        0x0 c:/program files (x86)/atmel/studio/7.0/toolchain/avr8/avr8-gnu-toolchain/bin/../lib/gcc/avr/4.9.2/avr5\libgcc.a(_divmodhi4.o)
 .text          0x00000000        0x0 c:/program files (x86)/atmel/studio/7.0/toolchain/avr8/avr8-gnu-toolchain/bin/../lib/gcc/avr/4.9.2/avr5\libgcc.a(_exit.o)
 .data          0x00000000        0x0 c:/program files (x86)/atmel/studio/7.0/toolchain/avr8/avr8-gnu-toolchain/bin/../lib/gcc/avr/4.9.2/avr5\libgcc.a(_exit.o)
 .bss           0x00000000        0x0 c:/program files (x86)/atmel/studio/7.0/toolchain/avr8/avr8-gnu-toolchain/bin/../lib/gcc/avr/4.9.2/avr5\libgcc.a(_exit.o)
 .text.libgcc.mul
                0x00000000        0x0 c:/program files (x86)/atmel/studio/7.0/toolchain/avr8/avr8-gnu-toolchain/bin/../lib/gcc/avr/4.9.2/avr5\libgcc.a(_exit.o)
 .text.libgcc.div
                0x00000000        0x0 c:/program files (x86)/atmel/studio/7.0/toolchain/avr8/avr8-gnu-toolchain/bin/../lib/gcc/avr/4.9.2/avr5\libgcc.a(_exit.o)
 .text.libgcc   0x00000000        0x0 c:/program files (x86)/atmel/studio/7.0/toolchain/avr8/avr8-gnu-toolchain/bin/../lib/gcc/avr/4.9.2/avr5\libgcc.a(_exit.o)
 .text.libgcc.prologue
                0x00000000        0x0 c:/program files (x86)/atmel/studio/7.0/toolchain/avr8/avr8-gnu-toolchain/bin/../lib/gcc/avr/4.9.2/avr5\libgcc.a(_exit.o)
 .text.libgcc.builtins
                0x00000000        0x0 c:/program files (x86)/atmel/studio/7.0/toolchain/avr8/avr8-gnu-toolchain/bin/../lib/gcc/avr/4.9.2/avr5\libgcc.a(_exit.o)
 .text.libgcc.fmul
                0x00000000        0x0 c:/program files (x86)/atmel/studio/7.0/toolchain/avr8/avr8-gnu-toolchain/bin/../lib/gcc/avr/4.9.2/avr5\libgcc.a(_exit.o)
 .text.libgcc.fixed
                0x00000000        0x0 c:/program files (x86)/atmel/studio/7.0/toolchain/avr8/avr8-gnu-toolchain/bin/../lib/gcc/avr/4.9.2/avr5\libgcc.a(_exit.o)
 .text          0x00000000        0x0 c:/program files (x86)/atmel/studio/7.0/toolchain/avr8/avr8-gnu-toolchain/bin/../lib/gcc/avr/4.9.2/avr5\libgcc.a(_tablejump2.o)
 .data          0x00000000        0x0 c:/program files (x86)/atmel/studio/7.0/toolchain/avr8/avr8-gnu-toolchain/bin/../lib/gcc/avr/4.9.2/avr5\libgcc.a(_tablejump2.o)
 .bss           0x00000000        0x0 c:/program files (x86)/atmel/studio/7.0/toolchain/avr8/avr8-gnu-toolchain/bin/../lib/gcc/avr/4.9.2/avr5\libgcc.a(_tablejump2.o)
 .text.libgcc.mul
                0x00000000        0x0 c:/program files (x86)/atmel/studio/7.0/toolchain/avr8/avr8-gnu-toolchain/bin/../lib/gcc/avr/4.9.2/avr5\libgcc.a(_tablejump2.o)
 .text.libgcc.div
                0x00000000        0x0 c:/program files (x86)/atmel/studio/7.0/toolchain/avr8/avr8-gnu-toolchain/bin/../lib/gcc/avr/4.9.2/avr5\libgcc.a(_tablejump2.o)
 .text.libgcc.prologue
                0x00000000        0x0 c:/program files (x86)/atmel/studio/7.0/toolchain/avr8/avr8-gnu-toolchain/bin/../lib/gcc/avr/4.9.2/avr5\libgcc.a(_tablejump2.o)
 .text.libgcc.builtins
                0x00000000        0x0 c:/program files (x86)/atmel/studio/7.0/toolchain/avr8/avr8-gnu-toolchain/bin/../lib/gcc/avr/4.9.2/avr5\libgcc.a(_tablejump2.o)
 .text.libgcc.fmul
                0x00000000        0x0 c:/program files (x86)/atmel/studio/7.0/toolchain/avr8/avr8-gnu-toolchain/bin/../lib/gcc/avr/4.9.2/avr5\libgcc.a(_tablejump2.o)
 .text.libgcc.fixed
                0x00000000        0x0 c:/program files (x86)/atmel/studio/7.0/toolchain/avr8/avr8-gnu-toolchain/bin/../lib/gcc/avr/4.9.2/avr5\libgcc.a(_tablejump2.o)
 .text          0x00000000        0x0 c:/program files (x86)/atmel/studio/7.0/toolchain/avr8/avr8-gnu-toolchain/bin/../lib/gcc/avr/4.9.2/avr5\libgcc.a(_copy_data.o)
 .data          0x00000000        0x0 c:/program files (x86)/atmel/studio/7.0/toolchain/avr8/avr8-gnu-toolchain/bin/../lib/gcc/avr/4.9.2/avr5\libgcc.a(_copy_data.o)
 .bss           0x00000000        0x0 c:/program files (x86)/atmel/studio/7.0/toolchain/avr8/avr8-gnu-toolchain/bin/../lib/gcc/avr/4.9.2/avr5\libgcc.a(_copy_data.o)
 .text.libgcc.mul
                0x00000000        0x0 c:/program files (x86)/atmel/studio/7.0/toolchain/avr8/avr8-gnu-toolchain/bin/../lib/gcc/avr/4.9.2/avr5\libgcc.a(_copy_data.o)
 .text.libgcc.div
                0x00000000        0x0 c:/program files (x86)/atmel/studio/7.0/toolchain/avr8/avr8-gnu-toolchain/bin/../lib/gcc/avr/4.9.2/avr5\libgcc.a(_copy_data.o)
 .text.libgcc   0x00000000        0x0 c:/program files (x86)/atmel/studio/7.0/toolchain/avr8/avr8-gnu-toolchain/bin/../lib/gcc/avr/4.9.2/avr5\libgcc.a(_copy_data.o)
 .text.libgcc.prologue
                0x00000000        0x0 c:/program files (x86)/atmel/studio/7.0/toolchain/avr8/avr8-gnu-toolchain/bin/../lib/gcc/avr/4.9.2/avr5\libgcc.a(_copy_data.o)
 .text.libgcc.builtins
                0x00000000        0x0 c:/program files (x86)/atmel/studio/7.0/toolchain/avr8/avr8-gnu-toolchain/bin/../lib/gcc/avr/4.9.2/avr5\libgcc.a(_copy_data.o)
 .text.libgcc.fmul
                0x00000000        0x0 c:/program files (x86)/atmel/studio/7.0/toolchain/avr8/avr8-gnu-toolchain/bin/../lib/gcc/avr/4.9.2/avr5\libgcc.a(_copy_data.o)
 .text.libgcc.fixed
                0x00000000        0x0 c:/program files (x86)/atmel/studio/7.0/toolchain/avr8/avr8-gnu-toolchain/bin/../lib/gcc/avr/4.9.2/avr5\libgcc.a(_copy_data.o)
 .text          0x00000000        0x0 c:/program files (x86)/atmel/studio/7.0/toolchain/avr8/avr8-gnu-toolchain/bin/../lib/gcc/avr/4.9.2/avr5\libgcc.a(_clear_bss.o)
 .data          0x00000000        0x0 c:/program files (x86)/atmel/studio/7.0/toolchain/avr8/avr8-gnu-toolchain/bin/../lib/gcc/avr/4.9.2/avr5\libgcc.a(_clear_bss.o)
 .bss           0x00000000        0x0 c:/program files (x86)/atmel/studio/7.0/toolchain/avr8/avr8-gnu-toolchain/bin/../lib/gcc/avr/4.9.2/avr5\libgcc.a(_clear_bss.o)
 .text.libgcc.mul
                0x00000000        0x0 c:/program files (x86)/atmel/studio/7.0/toolchain/avr8/avr8-gnu-toolchain/bin/../lib/gcc/avr/4.9.2/avr5\libgcc.a(_clear_bss.o)
 .text.libgcc.div
                0x00000000        0x0 c:/program files (x86)/atmel/studio/7.0/toolchain/avr8/avr8-gnu-toolchain/bin/../lib/gcc/avr/4.9.2/avr5\libgcc.a(_clear_bss.o)
 .text.libgcc   0x00000000        0x0 c:/program files (x86)/atmel/studio/7.0/toolchain/avr8/avr8-gnu-toolchain/bin/../lib/gcc/avr/4.9.2/avr5\libgcc.a(_clear_bss.o)
 .text.libgcc.prologue
                0x00000000        0x0 c:/program files (x86)/atmel/studio/7.0/toolchain/avr8/avr8-gnu-toolchain/bin/../lib/gcc/avr/4.9.2/avr5\libgcc.a(_clear_bss.o)
 .text.libgcc.builtins
                0x00000000        0x0 c:/program files (x86)/atmel/studio/7.0/toolchain/avr8/avr8-gnu-toolchain/bin/../lib/gcc/avr/4.9.2/avr5\libgcc.a(_clear_bss.o)
 .text.libgcc.fmul
                0x00000000        0x0 c:/program files (x86)/atmel/studio/7.0/toolchain/avr8/avr8-gnu-toolchain/bin/../lib/gcc/avr/4.9.2/avr5\libgcc.a(_clear_bss.o)
 .text.libgcc.fixed
                0x00000000        0x0 c:/program files (x86)/atmel/studio/7.0/toolchain/avr8/avr8-gnu-toolchain/bin/../lib/gcc/avr/4.9.2/avr5\libgcc.a(_clear_bss.o)
 .text          0x00000000        0x0 c:/program files (x86)/atmel/studio/7.0/toolchain/avr8/avr8-gnu-toolchain/bin/../lib/gcc/avr/4.9.2/avr5\libgcc.a(_umulhisi3.o)
 .data          0x00000000        0x0 c:/program files (x86)/atmel/studio/7.0/toolchain/avr8/avr8-gnu-toolchain/bin/../lib/gcc/avr/4.9.2/avr5\libgcc.a(_umulhisi3.o)
 .bss           0x00000000        0x0 c:/program files (x86)/atmel/studio/7.0/toolchain/avr8/avr8-gnu-toolchain/bin/../lib/gcc/avr/4.9.2/avr5\libgcc.a(_umulhisi3.o)
 .text.libgcc.div
                0x00000000        0x0 c:/program files (x86)/atmel/studio/7.0/toolchain/avr8/avr8-gnu-toolchain/bin/../lib/gcc/avr/4.9.2/avr5\libgcc.a(_umulhisi3.o)
 .text.libgcc   0x00000000        0x0 c:/program files (x86)/atmel/studio/7.0/toolchain/avr8/avr8-gnu-toolchain/bin/../lib/gcc/avr/4.9.2/avr5\libgcc.a(_umulhisi3.o)
 .text.libgcc.prologue
                0x00000000        0x0 c:/program files (x86)/atmel/studio/7.0/toolchain/avr8/avr8-gnu-toolchain/bin/../lib/gcc/avr/4.9.2/avr5\libgcc.a(_umulhisi3.o)
 .text.libgcc.builtins
                0x00000000        0x0 c:/program files (x86)/atmel/studio/7.0/toolchain/avr8/avr8-gnu-toolchain/bin/../lib/gcc/avr/4.9.2/avr5\libgcc.a(_umulhisi3.o)
 .text.libgcc.fmul
                0x00000000        0x0 c:/program files (x86)/atmel/studio/7.0/toolchain/avr8/avr8-gnu-toolchain/bin/../lib/gcc/avr/4.9.2/avr5\libgcc.a(_umulhisi3.o)
 .text.libgcc.fixed
                0x00000000        0x0 c:/program files (x86)/atmel/studio/7.0/toolchain/avr8/avr8-gnu-toolchain/bin/../lib/gcc/avr/4.9.2/avr5\libgcc.a(_umulhisi3.o)
 .text          0x00000000        0x0 c:/program files (x86)/atmel/studio/7.0/toolchain/avr8/avr8-gnu-toolchain/bin/../lib/gcc/avr/4.9.2/avr5\libgcc.a(_udivmodhi4.o)
 .data          0x00000000        0x0 c:/program files (x86)/atmel/studio/7.0/toolchain/avr8/avr8-gnu-toolchain/bin/../lib/gcc/avr/4.9.2/avr5\libgcc.a(_udivmodhi4.o)
 .bss           0x00000000        0x0 c:/program files (x86)/atmel/studio/7.0/toolchain/avr8/avr8-gnu-toolchain/bin/../lib/gcc/avr/4.9.2/avr5\libgcc.a(_udivmodhi4.o)
 .text.libgcc.mul
                0x00000000        0x0 c:/program files (x86)/atmel/studio/7.0/toolchain/avr8/avr8-gnu-toolchain/bin/../lib/gcc/avr/4.9.2/avr5\libgcc.a(_udivmodhi4.o)
 .text.libgcc   0x00000000        0x0 c:/program files (x86)/atmel/studio/7.0/toolchain/avr8/avr8-gnu-toolchain/bin/../lib/gcc/avr/4.9.2/avr5\libgcc.a(_udivmodhi4.o)
 .text.libgcc.prologue
                0x00000000        0x0 c:/program files (x86)/atmel/studio/7.0/toolchain/avr8/avr8-gnu-toolchain/bin/../lib/gcc/avr/4.9.2/avr5\libgcc.a(_udivmodhi4.o)
 .text.libgcc.builtins
                0x00000000        0x0 c:/program files (x86)/atmel/studio/7.0/toolchain/avr8/avr8-gnu-toolchain/bin/../lib/gcc/avr/4.9.2/avr5\libgcc.a(_udivmodhi4.o)
 .text.libgcc.fmul
                0x00000000        0x0 c:/program files (x86)/atmel/studio/7.0/toolchain/avr8/avr8-gnu-toolchain/bin/../lib/gcc/avr/4.9.2/avr5\libgcc.a(_udivmodhi4.o)
 .text.libgcc.fixed
                0x00000000        0x0 c:/program files (x86)/atmel/studio/7.0/toolchain/avr8/avr8-gnu-toolchain/bin/../lib/gcc/avr/4.9.2/avr5\libgcc.a(_udivmodhi4.o)
 .text          0x00000000        0x0 c:/program files (x86)/atmel/studio/7.0/toolchain/avr8/avr8-gnu-toolchain/bin/../lib/gcc/avr/4.9.2/../../../../avr/lib/avr5\libc.a(memcpy.o)
 .data          0x00000000        0x0 c:/program files (x86)/atmel/studio/7.0/toolchain/avr8/avr8-gnu-toolchain/bin/../lib/gcc/avr/4.9.2/../../../../avr/lib/avr5\libc.a(memcpy.o)
 .bss           0x00000000        0x0 c:/program files (x86)/atmel/studio/7.0/toolchain/avr8/avr8-gnu-toolchain/bin/../lib/gcc/avr/4.9.2/../../../../avr/lib/avr5\libc.a(memcpy.o)
 .text.avr-libc
                0x00000000       0x12 c:/program files (x86)/atmel/studio/7.0/toolchain/avr8/avr8-gnu-toolchain/bin/../lib/gcc/avr/4.9.2/../../../../avr/lib/avr5\libc.a(memcpy.o)

Memory Configuration

Name             Origin             Length             Attributes
text             0x00000000         0x00020000         xr
data             0x00800060         0x0000ffa0         rw !x
eeprom           0x00810000         0x00010000         rw !x
fuse             0x00820000         0x00000400         rw !x
lock             0x00830000         0x00000400         rw !x
signature        0x00840000         0x00000400         rw !x
user_signatures  0x00850000         0x00000400         rw !x
*default*        0x00000000         0xffffffff

Linker script and memory map

Address of section .data set to 0x800100
LOAD C:/Program Files (x86)/Atmel/Studio/7.0/Packs/atmel/ATmega_DFP/1.0.98/gcc/dev/atmega328pb/avr5/crtatmega328pb.o
LOAD adc.o
LOAD clock.o
LOAD drums.o
LOAD interrupts.o
LOAD leds.o
LOAD main.o
LOAD midi.o
LOAD mode.o
LOAD sequencer.o
LOAD spi.o
LOAD switches.o
LOAD xnormidi-develop/bytequeue/bytequeue.o
LOAD xnormidi-develop/bytequeue/interrupt_setting.o
LOAD xnormidi-develop/midi.o
LOAD xnormidi-develop/midi_device.o
LOAD xnormidi-develop/sysex_tools.o
START GROUP
LOAD c:/program files (x86)/atmel/studio/7.0/toolchain/avr8/avr8-gnu-toolchain/bin/../lib/gcc/avr/4.9.2/../../../../avr/lib/avr5\libm.a
END GROUP
START GROUP
LOAD c:/program files (x86)/atmel/studio/7.0/toolchain/avr8/avr8-gnu-toolchain/bin/../lib/gcc/avr/4.9.2/avr5\libgcc.a
LOAD c:/program files (x86)/atmel/studio/7.0/toolchain/avr8/avr8-gnu-toolchain/bin/../lib/gcc/avr/4.9.2/../../../../avr/lib/avr5\libm.a
LOAD c:/program files (x86)/atmel/studio/7.0/toolchain/avr8/avr8-gnu-toolchain/bin/../lib/gcc/avr/4.9.2/../../../../avr/lib/avr5\libc.a
LOAD C:/Program Files (x86)/Atmel/Studio/7.0/Packs/atmel/ATmega_DFP/1.0.98/gcc/dev/atmega328pb/avr5\libatmega328pb.a
END GROUP

.hash
 *(.hash)

.dynsym
 *(.dynsym)

.dynstr
 *(.dynstr)

.gnu.version
 *(.gnu.version)

.gnu.version_d
 *(.gnu.version_d)

.gnu.version_r
 *(.gnu.version_r)

.rel.init
 *(.rel.init)

.rela.init
 *(.rela.init)

.rel.text
 *(.rel.text)
 *(.rel.text.*)
 *(.rel.gnu.linkonce.t*)

.rela.text
 *(.rela.text)
 *(.rela.text.*)
 *(.rela.gnu.linkonce.t*)

.rel.fini
 *(.rel.fini)

.rela.fini
 *(.rela.fini)

.rel.rodata
 *(.rel.rodata)
 *(.rel.rodata.*)
 *(.rel.gnu.linkonce.r*)

.rela.rodata
 *(.rela.rodata)
 *(.rela.rodata.*)
 *(.rela.gnu.linkonce.r*)

.rel.data
 *(.rel.data)
 *(.rel.data.*)
 *(.rel.gnu.linkonce.d*)

.rela.data
 *(.rela.data)
 *(.rela.data.*)
 *(.rela.gnu.linkonce.d*)

.rel.ctors
 *(.rel.ctors)

.rela.ctors
 *(.rela.ctors)

.rel.dtors
 *(.rel.dtors)

.rela.dtors
 *(.rela.dtors)

.rel.got
 *(.rel.got)

.rela.got
 *(.rela.got)

.rel.bss
 *(.rel.bss)

.rela.bss
 *(.rela.bss)

.rel.plt
 *(.rel.plt)

.rela.plt
 *(.rela.plt)

.text           0x00000000     0x1970
 *(.vectors)
 .vectors       0x00000000       0xb4 C:/Program Files (x86)/Atmel/Studio/7.0/Packs/atmel/ATmega_DFP/1.0.98/gcc/dev/atmega328pb/avr5/crtatmega328pb.o
                0x00000000                __vector_default
                0x00000000                __vectors
 *(.vectors)
 *(.progmem.gcc*)
 .progmem.gcc_sw_table.midi_packet_length
                0x000000b4       0x1e xnormidi-develop/midi.o
                0x000000d2                . = ALIGN (0x2)
                0x000000d2                __trampolines_start = .
 *(.trampolines)
 .trampolines   0x000000d2        0x0 linker stubs
 *(.trampolines*)
                0x000000d2                __trampolines_end = .
 *(.progmem*)
                0x000000d2                . = ALIGN (0x2)
 *(.jumptables)
 *(.jumptables*)
 *(.lowtext)
 *(.lowtext*)
                0x000000d2                __ctors_start = .
 *(.ctors)
                0x000000d2                __ctors_end = .
                0x000000d2                __dtors_start = .
 *(.dtors)
                0x000000d2                __dtors_end = .
 SORT(*)(.ctors)
 SORT(*)(.dtors)
 *(.init0)
 .init0         0x000000d2        0x0 C:/Program Files (x86)/Atmel/Studio/7.0/Packs/atmel/ATmega_DFP/1.0.98/gcc/dev/atmega328pb/avr5/crtatmega328pb.o
                0x000000d2                __init
 *(.init0)
 *(.init1)
 *(.init1)
 *(.init2)
 .init2         0x000000d2        0xc C:/Program Files (x86)/Atmel/Studio/7.0/Packs/atmel/ATmega_DFP/1.0.98/gcc/dev/atmega328pb/avr5/crtatmega328pb.o
 *(.init2)
 *(.init3)
 *(.init3)
 *(.init4)
 .init4         0x000000de       0x16 c:/program files (x86)/atmel/studio/7.0/toolchain/avr8/avr8-gnu-toolchain/bin/../lib/gcc/avr/4.9.2/avr5\libgcc.a(_copy_data.o)
                0x000000de                __do_copy_data
 .init4         0x000000f4       0x10 c:/program files (x86)/atmel/studio/7.0/toolchain/avr8/avr8-gnu-toolchain/bin/../lib/gcc/avr/4.9.2/avr5\libgcc.a(_clear_bss.o)
                0x000000f4                __do_clear_bss
 *(.init4)
 *(.init5)
 *(.init5)
 *(.init6)
 *(.init6)
 *(.init7)
 *(.init7)
 *(.init8)
 *(.init8)
 *(.init9)
 .init9         0x00000104        0x8 C:/Program Files (x86)/Atmel/Studio/7.0/Packs/atmel/ATmega_DFP/1.0.98/gcc/dev/atmega328pb/avr5/crtatmega328pb.o
 *(.init9)
 *(.text)
 .text          0x0000010c        0x4 C:/Program Files (x86)/Atmel/Studio/7.0/Packs/atmel/ATmega_DFP/1.0.98/gcc/dev/atmega328pb/avr5/crtatmega328pb.o
                0x0000010c                __vector_38
                0x0000010c                __vector_22
                0x0000010c                __vector_28
                0x0000010c                __vector_1
                0x0000010c                __vector_32
                0x0000010c                __vector_34
                0x0000010c                __vector_24
                0x0000010c                __vector_12
                0x0000010c                __bad_interrupt
                0x0000010c                __vector_6
                0x0000010c                __vector_31
                0x0000010c                __vector_35
                0x0000010c                __vector_39
                0x0000010c                __vector_3
                0x0000010c                __vector_23
                0x0000010c                __vector_30
                0x0000010c                __vector_25
                0x0000010c                __vector_13
                0x0000010c                __vector_17
                0x0000010c                __vector_19
                0x0000010c                __vector_7
                0x0000010c                __vector_41
                0x0000010c                __vector_43
                0x0000010c                __vector_27
                0x0000010c                __vector_5
                0x0000010c                __vector_33
                0x0000010c                __vector_37
                0x0000010c                __vector_4
                0x0000010c                __vector_44
                0x0000010c                __vector_9
                0x0000010c                __vector_2
                0x0000010c                __vector_21
                0x0000010c                __vector_15
                0x0000010c                __vector_36
                0x0000010c                __vector_29
                0x0000010c                __vector_40
                0x0000010c                __vector_8
                0x0000010c                __vector_26
                0x0000010c                __vector_10
                0x0000010c                __vector_16
                0x0000010c                __vector_42
                0x00000110                . = ALIGN (0x2)
 *(.text.*)
 .text.setup_adc
                0x00000110       0x26 adc.o
                0x00000110                setup_adc
 .text.read_tempo_pot
                0x00000136       0x38 adc.o
                0x00000136                read_tempo_pot
 .text.setup_internal_clock
                0x0000016e        0xe clock.o
                0x0000016e                setup_internal_clock
 .text.update_clock_rate
                0x0000017c       0x22 clock.o
                0x0000017c                update_clock_rate
 .text.trigger_drum
                0x0000019e       0xbc drums.o
                0x0000019e                trigger_drum
 .text.clear_all_trigs
                0x0000025a       0x14 drums.o
                0x0000025a                clear_all_trigs
 .text.trigger_step
                0x0000026e      0x11c drums.o
                0x0000026e                trigger_step
 .text.live_hits
                0x0000038a      0x10a drums.o
                0x0000038a                live_hits
 .text.__vector_14
                0x00000494       0x36 interrupts.o
                0x00000494                __vector_14
 .text.__vector_11
                0x000004ca      0x2be interrupts.o
                0x000004ca                __vector_11
 .text.turn_on  0x00000788       0x3c leds.o
                0x00000788                turn_on
 .text.turn_off
                0x000007c4       0x3e leds.o
                0x000007c4                turn_off
 .text.toggle   0x00000802       0x26 leds.o
                0x00000802                toggle
 .text.turn_off_all_inst_leds
                0x00000828       0x1e leds.o
                0x00000828                turn_off_all_inst_leds
 .text.note_off_event
                0x00000846        0x2 main.o
                0x00000846                note_off_event
 .text.real_time_event
                0x00000848        0x2 main.o
                0x00000848                real_time_event
 .text.note_on_event
                0x0000084a        0xe main.o
                0x0000084a                note_on_event
 .text.refresh  0x00000858       0x3c main.o
                0x00000858                refresh
 .text.setup_midi_usart
                0x00000894       0x14 main.o
                0x00000894                setup_midi_usart
 .text.__vector_18
                0x000008a8       0x6a main.o
                0x000008a8                __vector_18
 .text.__vector_20
                0x00000912       0x14 main.o
                0x00000912                __vector_20
 .text.main     0x00000926       0xd4 main.o
                0x00000926                main
 .text.update_mode
                0x000009fa       0x72 mode.o
                0x000009fa                update_mode
 .text.update_tempo
                0x00000a6c       0x5c sequencer.o
                0x00000a6c                update_tempo
 .text.process_step
                0x00000ac8      0x13c sequencer.o
                0x00000ac8                process_step
 .text.update_step_board
                0x00000c04      0x268 sequencer.o
                0x00000c04                update_step_board
 .text.spi_shift_byte
                0x00000e6c       0x14 spi.o
                0x00000e6c                spi_shift_byte
 .text.update_spi
                0x00000e80       0x48 spi.o
                0x00000e80                update_spi
 .text.read_switches
                0x00000ec8       0x9c spi.o
                0x00000ec8                read_switches
 .text.parse_switch_data
                0x00000f64       0x4e switches.o
                0x00000f64                parse_switch_data
 .text.check_start_stop_tap
                0x00000fb2       0x92 switches.o
                0x00000fb2                check_start_stop_tap
 .text.check_inst_switches
                0x00001044      0x14a switches.o
                0x00001044                check_inst_switches
 .text.check_variation_switches
                0x0000118e       0x5c switches.o
                0x0000118e                check_variation_switches
 .text.check_clear_switch
                0x000011ea       0xaa switches.o
                0x000011ea                check_clear_switch
 .text.bytequeue_init
                0x00001294        0xe xnormidi-develop/bytequeue/bytequeue.o
                0x00001294                bytequeue_init
 .text.bytequeue_enqueue
                0x000012a2       0x6c xnormidi-develop/bytequeue/bytequeue.o
                0x000012a2                bytequeue_enqueue
 .text.bytequeue_length
                0x0000130e       0x2c xnormidi-develop/bytequeue/bytequeue.o
                0x0000130e                bytequeue_length
 .text.bytequeue_get
                0x0000133a       0x24 xnormidi-develop/bytequeue/bytequeue.o
                0x0000133a                bytequeue_get
 .text.bytequeue_remove
                0x0000135e       0x36 xnormidi-develop/bytequeue/bytequeue.o
                0x0000135e                bytequeue_remove
 .text.store_and_clear_interrupt
                0x00001394        0x6 xnormidi-develop/bytequeue/interrupt_setting.o
                0x00001394                store_and_clear_interrupt
 .text.restore_interrupt_setting
                0x0000139a        0x4 xnormidi-develop/bytequeue/interrupt_setting.o
                0x0000139a                restore_interrupt_setting
 .text.midi_is_statusbyte
                0x0000139e        0x8 xnormidi-develop/midi.o
                0x0000139e                midi_is_statusbyte
 .text.midi_is_realtime
                0x000013a6        0xc xnormidi-develop/midi.o
                0x000013a6                midi_is_realtime
 .text.midi_packet_length
                0x000013b2       0x66 xnormidi-develop/midi.o
                0x000013b2                midi_packet_length
 .text.midi_register_noteon_callback
                0x00001418        0x8 xnormidi-develop/midi.o
                0x00001418                midi_register_noteon_callback
 .text.midi_register_noteoff_callback
                0x00001420        0x8 xnormidi-develop/midi.o
                0x00001420                midi_register_noteoff_callback
 .text.midi_register_realtime_callback
                0x00001428        0x8 xnormidi-develop/midi.o
                0x00001428                midi_register_realtime_callback
 .text.midi_device_init
                0x00001430       0x62 xnormidi-develop/midi_device.o
                0x00001430                midi_device_init
 .text.midi_device_input
                0x00001492       0x44 xnormidi-develop/midi_device.o
                0x00001492                midi_device_input
 .text.midi_input_callbacks
                0x000014d6      0x228 xnormidi-develop/midi_device.o
                0x000014d6                midi_input_callbacks
 .text.midi_process_byte
                0x000016fe      0x186 xnormidi-develop/midi_device.o
                0x000016fe                midi_process_byte
 .text.midi_device_process
                0x00001884       0x6e xnormidi-develop/midi_device.o
                0x00001884                midi_device_process
 .text.libgcc.div
                0x000018f2       0x28 c:/program files (x86)/atmel/studio/7.0/toolchain/avr8/avr8-gnu-toolchain/bin/../lib/gcc/avr/4.9.2/avr5\libgcc.a(_divmodhi4.o)
                0x000018f2                _div
                0x000018f2                __divmodhi4
 .text.libgcc   0x0000191a        0xc c:/program files (x86)/atmel/studio/7.0/toolchain/avr8/avr8-gnu-toolchain/bin/../lib/gcc/avr/4.9.2/avr5\libgcc.a(_tablejump2.o)
                0x0000191a                __tablejump2__
 .text.libgcc.mul
                0x00001926       0x1e c:/program files (x86)/atmel/studio/7.0/toolchain/avr8/avr8-gnu-toolchain/bin/../lib/gcc/avr/4.9.2/avr5\libgcc.a(_umulhisi3.o)
                0x00001926                __umulhisi3
 .text.libgcc.div
                0x00001944       0x28 c:/program files (x86)/atmel/studio/7.0/toolchain/avr8/avr8-gnu-toolchain/bin/../lib/gcc/avr/4.9.2/avr5\libgcc.a(_udivmodhi4.o)
                0x00001944                __udivmodhi4
                0x0000196c                . = ALIGN (0x2)
 *(.fini9)
 .fini9         0x0000196c        0x0 c:/program files (x86)/atmel/studio/7.0/toolchain/avr8/avr8-gnu-toolchain/bin/../lib/gcc/avr/4.9.2/avr5\libgcc.a(_exit.o)
                0x0000196c                _exit
                0x0000196c                exit
 *(.fini9)
 *(.fini8)
 *(.fini8)
 *(.fini7)
 *(.fini7)
 *(.fini6)
 *(.fini6)
 *(.fini5)
 *(.fini5)
 *(.fini4)
 *(.fini4)
 *(.fini3)
 *(.fini3)
 *(.fini2)
 *(.fini2)
 *(.fini1)
 *(.fini1)
 *(.fini0)
 .fini0         0x0000196c        0x4 c:/program files (x86)/atmel/studio/7.0/toolchain/avr8/avr8-gnu-toolchain/bin/../lib/gcc/avr/4.9.2/avr5\libgcc.a(_exit.o)
 *(.fini0)
                0x00001970                _etext = .

.data           0x00800100      0x158 load address 0x00001970
                0x00800100                PROVIDE (__data_start, .)
 *(.data)
 *(.data*)
 .data.drum_hit
                0x00800100       0x66 drums.o
                0x00800100                drum_hit
 .data.trigger_finished
                0x00800166        0x1 drums.o
                0x00800166                trigger_finished
 .data.led      0x00800167       0xa5 leds.o
                0x00800167                led
 .data.current_mode
                0x0080020c        0x6 mode.o
                0x0080020c                current_mode
 .data.button   0x00800212       0x46 switches.o
                0x00800212                button
 *(.rodata)
 *(.rodata*)
 *(.gnu.linkonce.d*)
                0x00800258                . = ALIGN (0x2)
                0x00800258                _edata = .
                0x00800258                PROVIDE (__data_end, .)

.bss            0x00800258      0x1f5
                0x00800258                PROVIDE (__bss_start, .)
 *(.bss)
 *(.bss*)
 .bss.current_drum_hit
                0x00800258        0x1 drums.o
                0x00800258                current_drum_hit
 .bss.mode_index
                0x00800259        0x1 mode.o
                0x00800259                mode_index
 .bss.current_tempo_adc.1806
                0x0080025a        0x2 sequencer.o
 .bss.new_tempo_adc.1805
                0x0080025c        0x2 sequencer.o
 .bss.spi_previous_switch_data
                0x0080025e        0x5 spi.o
                0x0080025e                spi_previous_switch_data
 .bss.spi_current_switch_data
                0x00800263        0x5 spi.o
                0x00800263                spi_current_switch_data
 .bss.spi_data  0x00800268        0x9 spi.o
                0x00800268                spi_data
 .bss.previous_start_stop_tap_state
                0x00800271        0x1 switches.o
                0x00800271                previous_start_stop_tap_state
 .bss.current_start_stop_tap_state
                0x00800272        0x1 switches.o
                0x00800272                current_start_stop_tap_state
 *(COMMON)
 COMMON         0x00800273       0x15 clock.o
                0x00800273                internal_clock
                0x0080027a                din_clock
                0x00800281                midi_clock
 COMMON         0x00800288       0xed main.o
                0x00800288                midi_device
 COMMON         0x00800375       0xd8 sequencer.o
                0x00800375                sequencer
                0x0080044d                PROVIDE (__bss_end, .)
                0x00001970                __data_load_start = LOADADDR (.data)
                0x00001ac8                __data_load_end = (__data_load_start + SIZEOF (.data))

.noinit         0x0080044d        0x0
                0x0080044d                PROVIDE (__noinit_start, .)
 *(.noinit*)
                0x0080044d                PROVIDE (__noinit_end, .)
                0x0080044d                _end = .
                0x0080044d                PROVIDE (__heap_start, .)

.eeprom         0x00810000        0x0
 *(.eeprom*)
                0x00810000                __eeprom_end = .

.fuse
 *(.fuse)
 *(.lfuse)
 *(.hfuse)
 *(.efuse)

.lock
 *(.lock*)

.signature
 *(.signature*)

.user_signatures
 *(.user_signatures*)

.stab
 *(.stab)

.stabstr
 *(.stabstr)

.stab.excl
 *(.stab.excl)

.stab.exclstr
 *(.stab.exclstr)

.stab.index
 *(.stab.index)

.stab.indexstr
 *(.stab.indexstr)

.comment        0x00000000       0x30
 *(.comment)
 .comment       0x00000000       0x30 adc.o
                                 0x31 (size before relaxing)
 .comment       0x00000030       0x31 clock.o
 .comment       0x00000030       0x31 drums.o
 .comment       0x00000030       0x31 interrupts.o
 .comment       0x00000030       0x31 leds.o
 .comment       0x00000030       0x31 main.o
 .comment       0x00000030       0x31 mode.o
 .comment       0x00000030       0x31 sequencer.o
 .comment       0x00000030       0x31 spi.o
 .comment       0x00000030       0x31 switches.o
 .comment       0x00000030       0x31 xnormidi-develop/bytequeue/bytequeue.o
 .comment       0x00000030       0x31 xnormidi-develop/bytequeue/interrupt_setting.o
 .comment       0x00000030       0x31 xnormidi-develop/midi.o
 .comment       0x00000030       0x31 xnormidi-develop/midi_device.o

.note.gnu.avr.deviceinfo
                0x00000000       0x40
 .note.gnu.avr.deviceinfo
                0x00000000       0x40 C:/Program Files (x86)/Atmel/Studio/7.0/Packs/atmel/ATmega_DFP/1.0.98/gcc/dev/atmega328pb/avr5/crtatmega328pb.o

.note.gnu.build-id
 *(.note.gnu.build-id)

.debug
 *(.debug)

.line
 *(.line)

.debug_srcinfo
 *(.debug_srcinfo)

.debug_sfnames
 *(.debug_sfnames)

.debug_aranges  0x00000000      0x418
 *(.debug_aranges)
 .debug_aranges
                0x00000000       0x28 adc.o
 .debug_aranges
                0x00000028       0x28 clock.o
 .debug_aranges
                0x00000050       0x38 drums.o
 .debug_aranges
                0x00000088       0x28 interrupts.o
 .debug_aranges
                0x000000b0       0x48 leds.o
 .debug_aranges
                0x000000f8       0x58 main.o
 .debug_aranges
                0x00000150       0x20 mode.o
 .debug_aranges
                0x00000170       0x30 sequencer.o
 .debug_aranges
                0x000001a0       0x30 spi.o
 .debug_aranges
                0x000001d0       0x40 switches.o
 .debug_aranges
                0x00000210       0x40 xnormidi-develop/bytequeue/bytequeue.o
 .debug_aranges
                0x00000250       0x28 xnormidi-develop/bytequeue/interrupt_setting.o
 .debug_aranges
                0x00000278      0x150 xnormidi-develop/midi.o
 .debug_aranges
                0x000003c8       0x50 xnormidi-develop/midi_device.o

.debug_pubnames
 *(.debug_pubnames)

.debug_info     0x00000000     0x51e7
 *(.debug_info .gnu.linkonce.wi.*)
 .debug_info    0x00000000       0xae adc.o
 .debug_info    0x000000ae      0x14b clock.o
 .debug_info    0x000001f9      0x665 drums.o
 .debug_info    0x0000085e      0x51a interrupts.o
 .debug_info    0x00000d78      0x4dc leds.o
 .debug_info    0x00001254      0xb64 main.o
 .debug_info    0x00001db8      0x42b mode.o
 .debug_info    0x000021e3      0x599 sequencer.o
 .debug_info    0x0000277c      0x4a3 spi.o
 .debug_info    0x00002c1f      0x659 switches.o
 .debug_info    0x00003278      0x2ba xnormidi-develop/bytequeue/bytequeue.o
 .debug_info    0x00003532       0xc8 xnormidi-develop/bytequeue/interrupt_setting.o
 .debug_info    0x000035fa     0x11ac xnormidi-develop/midi.o
 .debug_info    0x000047a6      0xa41 xnormidi-develop/midi_device.o

.debug_abbrev   0x00000000     0x144c
 *(.debug_abbrev)
 .debug_abbrev  0x00000000       0x69 adc.o
 .debug_abbrev  0x00000069       0xbe clock.o
 .debug_abbrev  0x00000127      0x1bd drums.o
 .debug_abbrev  0x000002e4      0x187 interrupts.o
 .debug_abbrev  0x0000046b      0x1b0 leds.o
 .debug_abbrev  0x0000061b      0x23a main.o
 .debug_abbrev  0x00000855      0x10d mode.o
 .debug_abbrev  0x00000962      0x1d1 sequencer.o
 .debug_abbrev  0x00000b33      0x151 spi.o
 .debug_abbrev  0x00000c84      0x1d3 switches.o
 .debug_abbrev  0x00000e57      0x16f xnormidi-develop/bytequeue/bytequeue.o
 .debug_abbrev  0x00000fc6       0x8b xnormidi-develop/bytequeue/interrupt_setting.o
 .debug_abbrev  0x00001051      0x1f6 xnormidi-develop/midi.o
 .debug_abbrev  0x00001247      0x205 xnormidi-develop/midi_device.o

.debug_line     0x00000000     0x14ea
 *(.debug_line .debug_line.* .debug_line_end)
 .debug_line    0x00000000       0xba adc.o
 .debug_line    0x000000ba       0xbf clock.o
 .debug_line    0x00000179      0x15a drums.o
 .debug_line    0x000002d3      0x138 interrupts.o
 .debug_line    0x0000040b      0x142 leds.o
 .debug_line    0x0000054d      0x22d main.o
 .debug_line    0x0000077a       0xec mode.o
 .debug_line    0x00000866      0x1a6 sequencer.o
 .debug_line    0x00000a0c      0x10d spi.o
 .debug_line    0x00000b19      0x1af switches.o
 .debug_line    0x00000cc8      0x132 xnormidi-develop/bytequeue/bytequeue.o
 .debug_line    0x00000dfa       0xea xnormidi-develop/bytequeue/interrupt_setting.o
 .debug_line    0x00000ee4      0x3db xnormidi-develop/midi.o
 .debug_line    0x000012bf      0x22b xnormidi-develop/midi_device.o

.debug_frame    0x00000000      0xacc
 *(.debug_frame)
 .debug_frame   0x00000000       0x34 adc.o
 .debug_frame   0x00000034       0x34 clock.o
 .debug_frame   0x00000068       0x9c drums.o
 .debug_frame   0x00000104       0xa0 interrupts.o
 .debug_frame   0x000001a4       0x98 leds.o
 .debug_frame   0x0000023c       0xf8 main.o
 .debug_frame   0x00000334       0x24 mode.o
 .debug_frame   0x00000358       0xc0 sequencer.o
 .debug_frame   0x00000418       0x5c spi.o
 .debug_frame   0x00000474       0xdc switches.o
 .debug_frame   0x00000550       0x9c xnormidi-develop/bytequeue/bytequeue.o
 .debug_frame   0x000005ec       0x34 xnormidi-develop/bytequeue/interrupt_setting.o
 .debug_frame   0x00000620      0x380 xnormidi-develop/midi.o
 .debug_frame   0x000009a0      0x12c xnormidi-develop/midi_device.o

.debug_str      0x00000000     0x1049
 *(.debug_str)
 .debug_str     0x00000000      0x151 adc.o
                                0x18a (size before relaxing)
 .debug_str     0x00000151       0x79 clock.o
                                0x1f9 (size before relaxing)
 .debug_str     0x000001ca      0x265 drums.o
                                0x3f8 (size before relaxing)
 .debug_str     0x0000042f       0x60 interrupts.o
                                0x410 (size before relaxing)
 .debug_str     0x0000048f       0x35 leds.o
                                0x39d (size before relaxing)
 .debug_str     0x000004c4      0x4b4 main.o
                                0x87d (size before relaxing)
 .debug_str     0x00000978       0x2e mode.o
                                0x36e (size before relaxing)
 .debug_str     0x000009a6       0x42 sequencer.o
                                0x429 (size before relaxing)
 .debug_str     0x000009e8       0x59 spi.o
                                0x379 (size before relaxing)
 .debug_str     0x00000a41       0x65 switches.o
                                0x4c9 (size before relaxing)
 .debug_str     0x00000aa6       0xed xnormidi-develop/bytequeue/bytequeue.o
                                0x288 (size before relaxing)
 .debug_str     0x00000b93       0x37 xnormidi-develop/bytequeue/interrupt_setting.o
                                0x1df (size before relaxing)
 .debug_str     0x00000bca      0x3d8 xnormidi-develop/midi.o
                                0x8d2 (size before relaxing)
 .debug_str     0x00000fa2       0xa7 xnormidi-develop/midi_device.o
                                0x628 (size before relaxing)

.debug_loc      0x00000000     0x20ea
 *(.debug_loc)
 .debug_loc     0x00000000       0x32 clock.o
 .debug_loc     0x00000032      0x15c drums.o
 .debug_loc     0x0000018e      0x13b interrupts.o
 .debug_loc     0x000002c9      0x11d leds.o
 .debug_loc     0x000003e6      0x1b6 main.o
 .debug_loc     0x0000059c      0x233 sequencer.o
 .debug_loc     0x000007cf       0x7d spi.o
 .debug_loc     0x0000084c      0x1eb switches.o
 .debug_loc     0x00000a37      0x292 xnormidi-develop/bytequeue/bytequeue.o
 .debug_loc     0x00000cc9      0xc4e xnormidi-develop/midi.o
 .debug_loc     0x00001917      0x7d3 xnormidi-develop/midi_device.o

.debug_macinfo
 *(.debug_macinfo)

.debug_weaknames
 *(.debug_weaknames)

.debug_funcnames
 *(.debug_funcnames)

.debug_typenames
 *(.debug_typenames)

.debug_varnames
 *(.debug_varnames)

.debug_pubtypes
 *(.debug_pubtypes)

.debug_ranges   0x00000000      0x350
 *(.debug_ranges)
 .debug_ranges  0x00000000       0x18 adc.o
 .debug_ranges  0x00000018       0x18 clock.o
 .debug_ranges  0x00000030       0x28 drums.o
 .debug_ranges  0x00000058       0x18 interrupts.o
 .debug_ranges  0x00000070       0x38 leds.o
 .debug_ranges  0x000000a8       0x48 main.o
 .debug_ranges  0x000000f0       0x10 mode.o
 .debug_ranges  0x00000100       0x38 sequencer.o
 .debug_ranges  0x00000138       0x20 spi.o
 .debug_ranges  0x00000158       0x30 switches.o
 .debug_ranges  0x00000188       0x30 xnormidi-develop/bytequeue/bytequeue.o
 .debug_ranges  0x000001b8       0x18 xnormidi-develop/bytequeue/interrupt_setting.o
 .debug_ranges  0x000001d0      0x140 xnormidi-develop/midi.o
 .debug_ranges  0x00000310       0x40 xnormidi-develop/midi_device.o

.debug_macro
 *(.debug_macro)
OUTPUT(TR-808-firmware.elf elf32-avr)
LOAD linker stubs
