Archive member included to satisfy reference by file (symbol)

c:/program files (x86)/atmel/studio/7.0/toolchain/avr8/avr8-gnu-toolchain/bin/../lib/gcc/avr/4.9.2/avr5\libgcc.a(_divmodhi4.o)
                              xnormidi-develop/bytequeue/bytequeue.o (__divmodhi4)
c:/program files (x86)/atmel/studio/7.0/toolchain/avr8/avr8-gnu-toolchain/bin/../lib/gcc/avr/4.9.2/avr5\libgcc.a(_exit.o)
                              C:/Program Files (x86)/Atmel/Studio/7.0/Packs/atmel/ATmega_DFP/1.0.98/gcc/dev/atmega328pb/avr5/crtatmega328pb.o (exit)
c:/program files (x86)/atmel/studio/7.0/toolchain/avr8/avr8-gnu-toolchain/bin/../lib/gcc/avr/4.9.2/avr5\libgcc.a(_tablejump2.o)
                              xnormidi-develop/midi.o (__tablejump2__)
c:/program files (x86)/atmel/studio/7.0/toolchain/avr8/avr8-gnu-toolchain/bin/../lib/gcc/avr/4.9.2/avr5\libgcc.a(_copy_data.o)
                              drums.o (__do_copy_data)
c:/program files (x86)/atmel/studio/7.0/toolchain/avr8/avr8-gnu-toolchain/bin/../lib/gcc/avr/4.9.2/avr5\libgcc.a(_clear_bss.o)
                              clock.o (__do_clear_bss)
c:/program files (x86)/atmel/studio/7.0/toolchain/avr8/avr8-gnu-toolchain/bin/../lib/gcc/avr/4.9.2/avr5\libgcc.a(_umulhisi3.o)
                              xnormidi-develop/midi_device.o (__umulhisi3)
c:/program files (x86)/atmel/studio/7.0/toolchain/avr8/avr8-gnu-toolchain/bin/../lib/gcc/avr/4.9.2/avr5\libgcc.a(_udivmodhi4.o)
                              c:/program files (x86)/atmel/studio/7.0/toolchain/avr8/avr8-gnu-toolchain/bin/../lib/gcc/avr/4.9.2/avr5\libgcc.a(_divmodhi4.o) (__udivmodhi4)
c:/program files (x86)/atmel/studio/7.0/toolchain/avr8/avr8-gnu-toolchain/bin/../lib/gcc/avr/4.9.2/../../../../avr/lib/avr5\libc.a(memcpy.o)
                              xnormidi-develop/midi.o (memcpy)

Allocating common symbols
Common symbol       size              file

flag                0x2               drums.o
midi_output_queue_data
                    0xc0              midi.o
midi_byte_queue     0x5               midi.o
midi_device         0xed              main.o
clock               0x8               clock.o
sequencer           0xd9              sequencer.o

Discarded input sections

 .data          0x00000000        0x0 C:/Program Files (x86)/Atmel/Studio/7.0/Packs/atmel/ATmega_DFP/1.0.98/gcc/dev/atmega328pb/avr5/crtatmega328pb.o
 .bss           0x00000000        0x0 C:/Program Files (x86)/Atmel/Studio/7.0/Packs/atmel/ATmega_DFP/1.0.98/gcc/dev/atmega328pb/avr5/crtatmega328pb.o
 .text          0x00000000        0x0 adc.o
 .data          0x00000000        0x0 adc.o
 .bss           0x00000000        0x0 adc.o
 .text          0x00000000        0x0 clock.o
 .data          0x00000000        0x0 clock.o
 .bss           0x00000000        0x0 clock.o
 .text          0x00000000        0x0 drums.o
 .data          0x00000000        0x0 drums.o
 .bss           0x00000000        0x0 drums.o
 .data.midi_note_queue
                0x00000000       0x10 drums.o
 .text          0x00000000        0x0 i2c_eeprom.o
 .data          0x00000000        0x0 i2c_eeprom.o
 .bss           0x00000000        0x0 i2c_eeprom.o
 .text.i2c_Setup
                0x00000000        0x8 i2c_eeprom.o
 .text.i2c_Start
                0x00000000       0x4a i2c_eeprom.o
 .text.i2c_Stop
                0x00000000        0x8 i2c_eeprom.o
 .text.i2c_Read_ACK
                0x00000000       0x16 i2c_eeprom.o
 .text.i2c_Read_NACK
                0x00000000       0x16 i2c_eeprom.o
 .text.i2c_Write
                0x00000000       0x24 i2c_eeprom.o
 .text.i2c_Transmit
                0x00000000       0x6c i2c_eeprom.o
 .text.i2c_Receive
                0x00000000       0x6c i2c_eeprom.o
 .debug_info    0x00000000      0x26c i2c_eeprom.o
 .debug_abbrev  0x00000000      0x152 i2c_eeprom.o
 .debug_loc     0x00000000      0x2ff i2c_eeprom.o
 .debug_aranges
                0x00000000       0x58 i2c_eeprom.o
 .debug_ranges  0x00000000       0x48 i2c_eeprom.o
 .debug_line    0x00000000      0x188 i2c_eeprom.o
 .debug_str     0x00000000      0x1ec i2c_eeprom.o
 .comment       0x00000000       0x31 i2c_eeprom.o
 .debug_frame   0x00000000       0xf4 i2c_eeprom.o
 .text          0x00000000        0x0 interrupts.o
 .data          0x00000000        0x0 interrupts.o
 .bss           0x00000000        0x0 interrupts.o
 .text          0x00000000        0x0 leds.o
 .data          0x00000000        0x0 leds.o
 .bss           0x00000000        0x0 leds.o
 .text.flash_once
                0x00000000        0x2 leds.o
 .text.refresh_step_leds
                0x00000000        0xa leds.o
 .text.set_up_led_timer
                0x00000000       0x1a leds.o
 .text          0x00000000        0x0 main.o
 .data          0x00000000        0x0 main.o
 .bss           0x00000000        0x0 main.o
 .text          0x00000000        0x0 midi.o
 .data          0x00000000        0x0 midi.o
 .bss           0x00000000        0x0 midi.o
 .text          0x00000000        0x0 mode.o
 .data          0x00000000        0x0 mode.o
 .bss           0x00000000        0x0 mode.o
 .data.sync_mode
                0x00000000        0x4 mode.o
 .text          0x00000000        0x0 sequencer.o
 .data          0x00000000        0x0 sequencer.o
 .bss           0x00000000        0x0 sequencer.o
 .text.update_variation
                0x00000000       0x5e sequencer.o
 .text          0x00000000        0x0 spi.o
 .data          0x00000000        0x0 spi.o
 .bss           0x00000000        0x0 spi.o
 .bss.switch_states
                0x00000000        0x5 spi.o
 .text          0x00000000        0x0 switches.o
 .data          0x00000000        0x0 switches.o
 .bss           0x00000000        0x0 switches.o
 .text          0x00000000        0x0 xnormidi-develop/bytequeue/bytequeue.o
 .data          0x00000000        0x0 xnormidi-develop/bytequeue/bytequeue.o
 .bss           0x00000000        0x0 xnormidi-develop/bytequeue/bytequeue.o
 .text          0x00000000        0x0 xnormidi-develop/bytequeue/interrupt_setting.o
 .data          0x00000000        0x0 xnormidi-develop/bytequeue/interrupt_setting.o
 .bss           0x00000000        0x0 xnormidi-develop/bytequeue/interrupt_setting.o
 .text          0x00000000        0x0 xnormidi-develop/midi.o
 .data          0x00000000        0x0 xnormidi-develop/midi.o
 .bss           0x00000000        0x0 xnormidi-develop/midi.o
 .text.midi_send_cc
                0x00000000       0x20 xnormidi-develop/midi.o
 .text.midi_send_noteon
                0x00000000       0x20 xnormidi-develop/midi.o
 .text.midi_send_noteoff
                0x00000000       0x20 xnormidi-develop/midi.o
 .text.midi_send_aftertouch
                0x00000000       0x20 xnormidi-develop/midi.o
 .text.midi_send_pitchbend
                0x00000000       0x4c xnormidi-develop/midi.o
 .text.midi_send_programchange
                0x00000000       0x1e xnormidi-develop/midi.o
 .text.midi_send_channelpressure
                0x00000000       0x1e xnormidi-develop/midi.o
 .text.midi_send_tick
                0x00000000       0x18 xnormidi-develop/midi.o
 .text.midi_send_continue
                0x00000000       0x18 xnormidi-develop/midi.o
 .text.midi_send_activesense
                0x00000000       0x18 xnormidi-develop/midi.o
 .text.midi_send_reset
                0x00000000       0x18 xnormidi-develop/midi.o
 .text.midi_send_tcquarterframe
                0x00000000       0x1a xnormidi-develop/midi.o
 .text.midi_send_songposition
                0x00000000       0x2a xnormidi-develop/midi.o
 .text.midi_send_songselect
                0x00000000       0x1a xnormidi-develop/midi.o
 .text.midi_send_tunerequest
                0x00000000       0x18 xnormidi-develop/midi.o
 .text.midi_send_byte
                0x00000000       0x18 xnormidi-develop/midi.o
 .text.midi_send_data
                0x00000000        0xe xnormidi-develop/midi.o
 .text.midi_send_array
                0x00000000       0xa8 xnormidi-develop/midi.o
 .text.midi_register_cc_callback
                0x00000000        0x8 xnormidi-develop/midi.o
 .text.midi_register_aftertouch_callback
                0x00000000        0x8 xnormidi-develop/midi.o
 .text.midi_register_pitchbend_callback
                0x00000000        0x8 xnormidi-develop/midi.o
 .text.midi_register_songposition_callback
                0x00000000        0x8 xnormidi-develop/midi.o
 .text.midi_register_progchange_callback
                0x00000000        0x8 xnormidi-develop/midi.o
 .text.midi_register_chanpressure_callback
                0x00000000        0x8 xnormidi-develop/midi.o
 .text.midi_register_songselect_callback
                0x00000000        0x8 xnormidi-develop/midi.o
 .text.midi_register_tc_quarterframe_callback
                0x00000000        0x8 xnormidi-develop/midi.o
 .text.midi_register_tunerequest_callback
                0x00000000        0x8 xnormidi-develop/midi.o
 .text.midi_register_sysex_callback
                0x00000000        0x8 xnormidi-develop/midi.o
 .text.midi_register_fallthrough_callback
                0x00000000        0x8 xnormidi-develop/midi.o
 .text.midi_register_catchall_callback
                0x00000000        0x8 xnormidi-develop/midi.o
 .text          0x00000000        0x0 xnormidi-develop/midi_device.o
 .data          0x00000000        0x0 xnormidi-develop/midi_device.o
 .bss           0x00000000        0x0 xnormidi-develop/midi_device.o
 .text.midi_device_set_pre_input_process_func
                0x00000000        0x8 xnormidi-develop/midi_device.o
 .text          0x00000000        0x0 xnormidi-develop/sysex_tools.o
 .data          0x00000000        0x0 xnormidi-develop/sysex_tools.o
 .bss           0x00000000        0x0 xnormidi-develop/sysex_tools.o
 .text.sysex_encoded_length
                0x00000000       0x96 xnormidi-develop/sysex_tools.o
 .text.sysex_decoded_length
                0x00000000       0x54 xnormidi-develop/sysex_tools.o
 .text.sysex_encode
                0x00000000      0x1ac xnormidi-develop/sysex_tools.o
 .text.sysex_decode
                0x00000000      0x144 xnormidi-develop/sysex_tools.o
 .debug_info    0x00000000      0x2e0 xnormidi-develop/sysex_tools.o
 .debug_abbrev  0x00000000       0xf4 xnormidi-develop/sysex_tools.o
 .debug_loc     0x00000000      0x7e1 xnormidi-develop/sysex_tools.o
 .debug_aranges
                0x00000000       0x38 xnormidi-develop/sysex_tools.o
 .debug_ranges  0x00000000       0x40 xnormidi-develop/sysex_tools.o
 .debug_line    0x00000000      0x16b xnormidi-develop/sysex_tools.o
 .debug_str     0x00000000      0x262 xnormidi-develop/sysex_tools.o
 .comment       0x00000000       0x31 xnormidi-develop/sysex_tools.o
 .debug_frame   0x00000000       0xf4 xnormidi-develop/sysex_tools.o
 .text          0x00000000        0x0 c:/program files (x86)/atmel/studio/7.0/toolchain/avr8/avr8-gnu-toolchain/bin/../lib/gcc/avr/4.9.2/avr5\libgcc.a(_divmodhi4.o)
 .data          0x00000000        0x0 c:/program files (x86)/atmel/studio/7.0/toolchain/avr8/avr8-gnu-toolchain/bin/../lib/gcc/avr/4.9.2/avr5\libgcc.a(_divmodhi4.o)
 .bss           0x00000000        0x0 c:/program files (x86)/atmel/studio/7.0/toolchain/avr8/avr8-gnu-toolchain/bin/../lib/gcc/avr/4.9.2/avr5\libgcc.a(_divmodhi4.o)
 .text.libgcc.mul
                0x00000000        0x0 c:/program files (x86)/atmel/studio/7.0/toolchain/avr8/avr8-gnu-toolchain/bin/../lib/gcc/avr/4.9.2/avr5\libgcc.a(_divmodhi4.o)
 .text.libgcc   0x00000000        0x0 c:/program files (x86)/atmel/studio/7.0/toolchain/avr8/avr8-gnu-toolchain/bin/../lib/gcc/avr/4.9.2/avr5\libgcc.a(_divmodhi4.o)
 .text.libgcc.prologue
                0x00000000        0x0 c:/program files (x86)/atmel/studio/7.0/toolchain/avr8/avr8-gnu-toolchain/bin/../lib/gcc/avr/4.9.2/avr5\libgcc.a(_divmodhi4.o)
 .text.libgcc.builtins
                0x00000000        0x0 c:/program files (x86)/atmel/studio/7.0/toolchain/avr8/avr8-gnu-toolchain/bin/../lib/gcc/avr/4.9.2/avr5\libgcc.a(_divmodhi4.o)
 .text.libgcc.fmul
                0x00000000        0x0 c:/program files (x86)/atmel/studio/7.0/toolchain/avr8/avr8-gnu-toolchain/bin/../lib/gcc/avr/4.9.2/avr5\libgcc.a(_divmodhi4.o)
 .text.libgcc.fixed
                0x00000000        0x0 c:/program files (x86)/atmel/studio/7.0/toolchain/avr8/avr8-gnu-toolchain/bin/../lib/gcc/avr/4.9.2/avr5\libgcc.a(_divmodhi4.o)
 .text          0x00000000        0x0 c:/program files (x86)/atmel/studio/7.0/toolchain/avr8/avr8-gnu-toolchain/bin/../lib/gcc/avr/4.9.2/avr5\libgcc.a(_exit.o)
 .data          0x00000000        0x0 c:/program files (x86)/atmel/studio/7.0/toolchain/avr8/avr8-gnu-toolchain/bin/../lib/gcc/avr/4.9.2/avr5\libgcc.a(_exit.o)
 .bss           0x00000000        0x0 c:/program files (x86)/atmel/studio/7.0/toolchain/avr8/avr8-gnu-toolchain/bin/../lib/gcc/avr/4.9.2/avr5\libgcc.a(_exit.o)
 .text.libgcc.mul
                0x00000000        0x0 c:/program files (x86)/atmel/studio/7.0/toolchain/avr8/avr8-gnu-toolchain/bin/../lib/gcc/avr/4.9.2/avr5\libgcc.a(_exit.o)
 .text.libgcc.div
                0x00000000        0x0 c:/program files (x86)/atmel/studio/7.0/toolchain/avr8/avr8-gnu-toolchain/bin/../lib/gcc/avr/4.9.2/avr5\libgcc.a(_exit.o)
 .text.libgcc   0x00000000        0x0 c:/program files (x86)/atmel/studio/7.0/toolchain/avr8/avr8-gnu-toolchain/bin/../lib/gcc/avr/4.9.2/avr5\libgcc.a(_exit.o)
 .text.libgcc.prologue
                0x00000000        0x0 c:/program files (x86)/atmel/studio/7.0/toolchain/avr8/avr8-gnu-toolchain/bin/../lib/gcc/avr/4.9.2/avr5\libgcc.a(_exit.o)
 .text.libgcc.builtins
                0x00000000        0x0 c:/program files (x86)/atmel/studio/7.0/toolchain/avr8/avr8-gnu-toolchain/bin/../lib/gcc/avr/4.9.2/avr5\libgcc.a(_exit.o)
 .text.libgcc.fmul
                0x00000000        0x0 c:/program files (x86)/atmel/studio/7.0/toolchain/avr8/avr8-gnu-toolchain/bin/../lib/gcc/avr/4.9.2/avr5\libgcc.a(_exit.o)
 .text.libgcc.fixed
                0x00000000        0x0 c:/program files (x86)/atmel/studio/7.0/toolchain/avr8/avr8-gnu-toolchain/bin/../lib/gcc/avr/4.9.2/avr5\libgcc.a(_exit.o)
 .text          0x00000000        0x0 c:/program files (x86)/atmel/studio/7.0/toolchain/avr8/avr8-gnu-toolchain/bin/../lib/gcc/avr/4.9.2/avr5\libgcc.a(_tablejump2.o)
 .data          0x00000000        0x0 c:/program files (x86)/atmel/studio/7.0/toolchain/avr8/avr8-gnu-toolchain/bin/../lib/gcc/avr/4.9.2/avr5\libgcc.a(_tablejump2.o)
 .bss           0x00000000        0x0 c:/program files (x86)/atmel/studio/7.0/toolchain/avr8/avr8-gnu-toolchain/bin/../lib/gcc/avr/4.9.2/avr5\libgcc.a(_tablejump2.o)
 .text.libgcc.mul
                0x00000000        0x0 c:/program files (x86)/atmel/studio/7.0/toolchain/avr8/avr8-gnu-toolchain/bin/../lib/gcc/avr/4.9.2/avr5\libgcc.a(_tablejump2.o)
 .text.libgcc.div
                0x00000000        0x0 c:/program files (x86)/atmel/studio/7.0/toolchain/avr8/avr8-gnu-toolchain/bin/../lib/gcc/avr/4.9.2/avr5\libgcc.a(_tablejump2.o)
 .text.libgcc.prologue
                0x00000000        0x0 c:/program files (x86)/atmel/studio/7.0/toolchain/avr8/avr8-gnu-toolchain/bin/../lib/gcc/avr/4.9.2/avr5\libgcc.a(_tablejump2.o)
 .text.libgcc.builtins
                0x00000000        0x0 c:/program files (x86)/atmel/studio/7.0/toolchain/avr8/avr8-gnu-toolchain/bin/../lib/gcc/avr/4.9.2/avr5\libgcc.a(_tablejump2.o)
 .text.libgcc.fmul
                0x00000000        0x0 c:/program files (x86)/atmel/studio/7.0/toolchain/avr8/avr8-gnu-toolchain/bin/../lib/gcc/avr/4.9.2/avr5\libgcc.a(_tablejump2.o)
 .text.libgcc.fixed
                0x00000000        0x0 c:/program files (x86)/atmel/studio/7.0/toolchain/avr8/avr8-gnu-toolchain/bin/../lib/gcc/avr/4.9.2/avr5\libgcc.a(_tablejump2.o)
 .text          0x00000000        0x0 c:/program files (x86)/atmel/studio/7.0/toolchain/avr8/avr8-gnu-toolchain/bin/../lib/gcc/avr/4.9.2/avr5\libgcc.a(_copy_data.o)
 .data          0x00000000        0x0 c:/program files (x86)/atmel/studio/7.0/toolchain/avr8/avr8-gnu-toolchain/bin/../lib/gcc/avr/4.9.2/avr5\libgcc.a(_copy_data.o)
 .bss           0x00000000        0x0 c:/program files (x86)/atmel/studio/7.0/toolchain/avr8/avr8-gnu-toolchain/bin/../lib/gcc/avr/4.9.2/avr5\libgcc.a(_copy_data.o)
 .text.libgcc.mul
                0x00000000        0x0 c:/program files (x86)/atmel/studio/7.0/toolchain/avr8/avr8-gnu-toolchain/bin/../lib/gcc/avr/4.9.2/avr5\libgcc.a(_copy_data.o)
 .text.libgcc.div
                0x00000000        0x0 c:/program files (x86)/atmel/studio/7.0/toolchain/avr8/avr8-gnu-toolchain/bin/../lib/gcc/avr/4.9.2/avr5\libgcc.a(_copy_data.o)
 .text.libgcc   0x00000000        0x0 c:/program files (x86)/atmel/studio/7.0/toolchain/avr8/avr8-gnu-toolchain/bin/../lib/gcc/avr/4.9.2/avr5\libgcc.a(_copy_data.o)
 .text.libgcc.prologue
                0x00000000        0x0 c:/program files (x86)/atmel/studio/7.0/toolchain/avr8/avr8-gnu-toolchain/bin/../lib/gcc/avr/4.9.2/avr5\libgcc.a(_copy_data.o)
 .text.libgcc.builtins
                0x00000000        0x0 c:/program files (x86)/atmel/studio/7.0/toolchain/avr8/avr8-gnu-toolchain/bin/../lib/gcc/avr/4.9.2/avr5\libgcc.a(_copy_data.o)
 .text.libgcc.fmul
                0x00000000        0x0 c:/program files (x86)/atmel/studio/7.0/toolchain/avr8/avr8-gnu-toolchain/bin/../lib/gcc/avr/4.9.2/avr5\libgcc.a(_copy_data.o)
 .text.libgcc.fixed
                0x00000000        0x0 c:/program files (x86)/atmel/studio/7.0/toolchain/avr8/avr8-gnu-toolchain/bin/../lib/gcc/avr/4.9.2/avr5\libgcc.a(_copy_data.o)
 .text          0x00000000        0x0 c:/program files (x86)/atmel/studio/7.0/toolchain/avr8/avr8-gnu-toolchain/bin/../lib/gcc/avr/4.9.2/avr5\libgcc.a(_clear_bss.o)
 .data          0x00000000        0x0 c:/program files (x86)/atmel/studio/7.0/toolchain/avr8/avr8-gnu-toolchain/bin/../lib/gcc/avr/4.9.2/avr5\libgcc.a(_clear_bss.o)
 .bss           0x00000000        0x0 c:/program files (x86)/atmel/studio/7.0/toolchain/avr8/avr8-gnu-toolchain/bin/../lib/gcc/avr/4.9.2/avr5\libgcc.a(_clear_bss.o)
 .text.libgcc.mul
                0x00000000        0x0 c:/program files (x86)/atmel/studio/7.0/toolchain/avr8/avr8-gnu-toolchain/bin/../lib/gcc/avr/4.9.2/avr5\libgcc.a(_clear_bss.o)
 .text.libgcc.div
                0x00000000        0x0 c:/program files (x86)/atmel/studio/7.0/toolchain/avr8/avr8-gnu-toolchain/bin/../lib/gcc/avr/4.9.2/avr5\libgcc.a(_clear_bss.o)
 .text.libgcc   0x00000000        0x0 c:/program files (x86)/atmel/studio/7.0/toolchain/avr8/avr8-gnu-toolchain/bin/../lib/gcc/avr/4.9.2/avr5\libgcc.a(_clear_bss.o)
 .text.libgcc.prologue
                0x00000000        0x0 c:/program files (x86)/atmel/studio/7.0/toolchain/avr8/avr8-gnu-toolchain/bin/../lib/gcc/avr/4.9.2/avr5\libgcc.a(_clear_bss.o)
 .text.libgcc.builtins
                0x00000000        0x0 c:/program files (x86)/atmel/studio/7.0/toolchain/avr8/avr8-gnu-toolchain/bin/../lib/gcc/avr/4.9.2/avr5\libgcc.a(_clear_bss.o)
 .text.libgcc.fmul
                0x00000000        0x0 c:/program files (x86)/atmel/studio/7.0/toolchain/avr8/avr8-gnu-toolchain/bin/../lib/gcc/avr/4.9.2/avr5\libgcc.a(_clear_bss.o)
 .text.libgcc.fixed
                0x00000000        0x0 c:/program files (x86)/atmel/studio/7.0/toolchain/avr8/avr8-gnu-toolchain/bin/../lib/gcc/avr/4.9.2/avr5\libgcc.a(_clear_bss.o)
 .text          0x00000000        0x0 c:/program files (x86)/atmel/studio/7.0/toolchain/avr8/avr8-gnu-toolchain/bin/../lib/gcc/avr/4.9.2/avr5\libgcc.a(_umulhisi3.o)
 .data          0x00000000        0x0 c:/program files (x86)/atmel/studio/7.0/toolchain/avr8/avr8-gnu-toolchain/bin/../lib/gcc/avr/4.9.2/avr5\libgcc.a(_umulhisi3.o)
 .bss           0x00000000        0x0 c:/program files (x86)/atmel/studio/7.0/toolchain/avr8/avr8-gnu-toolchain/bin/../lib/gcc/avr/4.9.2/avr5\libgcc.a(_umulhisi3.o)
 .text.libgcc.div
                0x00000000        0x0 c:/program files (x86)/atmel/studio/7.0/toolchain/avr8/avr8-gnu-toolchain/bin/../lib/gcc/avr/4.9.2/avr5\libgcc.a(_umulhisi3.o)
 .text.libgcc   0x00000000        0x0 c:/program files (x86)/atmel/studio/7.0/toolchain/avr8/avr8-gnu-toolchain/bin/../lib/gcc/avr/4.9.2/avr5\libgcc.a(_umulhisi3.o)
 .text.libgcc.prologue
                0x00000000        0x0 c:/program files (x86)/atmel/studio/7.0/toolchain/avr8/avr8-gnu-toolchain/bin/../lib/gcc/avr/4.9.2/avr5\libgcc.a(_umulhisi3.o)
 .text.libgcc.builtins
                0x00000000        0x0 c:/program files (x86)/atmel/studio/7.0/toolchain/avr8/avr8-gnu-toolchain/bin/../lib/gcc/avr/4.9.2/avr5\libgcc.a(_umulhisi3.o)
 .text.libgcc.fmul
                0x00000000        0x0 c:/program files (x86)/atmel/studio/7.0/toolchain/avr8/avr8-gnu-toolchain/bin/../lib/gcc/avr/4.9.2/avr5\libgcc.a(_umulhisi3.o)
 .text.libgcc.fixed
                0x00000000        0x0 c:/program files (x86)/atmel/studio/7.0/toolchain/avr8/avr8-gnu-toolchain/bin/../lib/gcc/avr/4.9.2/avr5\libgcc.a(_umulhisi3.o)
 .text          0x00000000        0x0 c:/program files (x86)/atmel/studio/7.0/toolchain/avr8/avr8-gnu-toolchain/bin/../lib/gcc/avr/4.9.2/avr5\libgcc.a(_udivmodhi4.o)
 .data          0x00000000        0x0 c:/program files (x86)/atmel/studio/7.0/toolchain/avr8/avr8-gnu-toolchain/bin/../lib/gcc/avr/4.9.2/avr5\libgcc.a(_udivmodhi4.o)
 .bss           0x00000000        0x0 c:/program files (x86)/atmel/studio/7.0/toolchain/avr8/avr8-gnu-toolchain/bin/../lib/gcc/avr/4.9.2/avr5\libgcc.a(_udivmodhi4.o)
 .text.libgcc.mul
                0x00000000        0x0 c:/program files (x86)/atmel/studio/7.0/toolchain/avr8/avr8-gnu-toolchain/bin/../lib/gcc/avr/4.9.2/avr5\libgcc.a(_udivmodhi4.o)
 .text.libgcc   0x00000000        0x0 c:/program files (x86)/atmel/studio/7.0/toolchain/avr8/avr8-gnu-toolchain/bin/../lib/gcc/avr/4.9.2/avr5\libgcc.a(_udivmodhi4.o)
 .text.libgcc.prologue
                0x00000000        0x0 c:/program files (x86)/atmel/studio/7.0/toolchain/avr8/avr8-gnu-toolchain/bin/../lib/gcc/avr/4.9.2/avr5\libgcc.a(_udivmodhi4.o)
 .text.libgcc.builtins
                0x00000000        0x0 c:/program files (x86)/atmel/studio/7.0/toolchain/avr8/avr8-gnu-toolchain/bin/../lib/gcc/avr/4.9.2/avr5\libgcc.a(_udivmodhi4.o)
 .text.libgcc.fmul
                0x00000000        0x0 c:/program files (x86)/atmel/studio/7.0/toolchain/avr8/avr8-gnu-toolchain/bin/../lib/gcc/avr/4.9.2/avr5\libgcc.a(_udivmodhi4.o)
 .text.libgcc.fixed
                0x00000000        0x0 c:/program files (x86)/atmel/studio/7.0/toolchain/avr8/avr8-gnu-toolchain/bin/../lib/gcc/avr/4.9.2/avr5\libgcc.a(_udivmodhi4.o)
 .text          0x00000000        0x0 c:/program files (x86)/atmel/studio/7.0/toolchain/avr8/avr8-gnu-toolchain/bin/../lib/gcc/avr/4.9.2/../../../../avr/lib/avr5\libc.a(memcpy.o)
 .data          0x00000000        0x0 c:/program files (x86)/atmel/studio/7.0/toolchain/avr8/avr8-gnu-toolchain/bin/../lib/gcc/avr/4.9.2/../../../../avr/lib/avr5\libc.a(memcpy.o)
 .bss           0x00000000        0x0 c:/program files (x86)/atmel/studio/7.0/toolchain/avr8/avr8-gnu-toolchain/bin/../lib/gcc/avr/4.9.2/../../../../avr/lib/avr5\libc.a(memcpy.o)
 .text.avr-libc
                0x00000000       0x12 c:/program files (x86)/atmel/studio/7.0/toolchain/avr8/avr8-gnu-toolchain/bin/../lib/gcc/avr/4.9.2/../../../../avr/lib/avr5\libc.a(memcpy.o)

Memory Configuration

Name             Origin             Length             Attributes
text             0x00000000         0x00020000         xr
data             0x00800060         0x0000ffa0         rw !x
eeprom           0x00810000         0x00010000         rw !x
fuse             0x00820000         0x00000400         rw !x
lock             0x00830000         0x00000400         rw !x
signature        0x00840000         0x00000400         rw !x
user_signatures  0x00850000         0x00000400         rw !x
*default*        0x00000000         0xffffffff

Linker script and memory map

Address of section .data set to 0x800100
LOAD C:/Program Files (x86)/Atmel/Studio/7.0/Packs/atmel/ATmega_DFP/1.0.98/gcc/dev/atmega328pb/avr5/crtatmega328pb.o
LOAD adc.o
LOAD clock.o
LOAD drums.o
LOAD i2c_eeprom.o
LOAD interrupts.o
LOAD leds.o
LOAD main.o
LOAD midi.o
LOAD mode.o
LOAD sequencer.o
LOAD spi.o
LOAD switches.o
LOAD xnormidi-develop/bytequeue/bytequeue.o
LOAD xnormidi-develop/bytequeue/interrupt_setting.o
LOAD xnormidi-develop/midi.o
LOAD xnormidi-develop/midi_device.o
LOAD xnormidi-develop/sysex_tools.o
START GROUP
LOAD c:/program files (x86)/atmel/studio/7.0/toolchain/avr8/avr8-gnu-toolchain/bin/../lib/gcc/avr/4.9.2/../../../../avr/lib/avr5\libm.a
END GROUP
START GROUP
LOAD c:/program files (x86)/atmel/studio/7.0/toolchain/avr8/avr8-gnu-toolchain/bin/../lib/gcc/avr/4.9.2/avr5\libgcc.a
LOAD c:/program files (x86)/atmel/studio/7.0/toolchain/avr8/avr8-gnu-toolchain/bin/../lib/gcc/avr/4.9.2/../../../../avr/lib/avr5\libm.a
LOAD c:/program files (x86)/atmel/studio/7.0/toolchain/avr8/avr8-gnu-toolchain/bin/../lib/gcc/avr/4.9.2/../../../../avr/lib/avr5\libc.a
LOAD C:/Program Files (x86)/Atmel/Studio/7.0/Packs/atmel/ATmega_DFP/1.0.98/gcc/dev/atmega328pb/avr5\libatmega328pb.a
END GROUP

.hash
 *(.hash)

.dynsym
 *(.dynsym)

.dynstr
 *(.dynstr)

.gnu.version
 *(.gnu.version)

.gnu.version_d
 *(.gnu.version_d)

.gnu.version_r
 *(.gnu.version_r)

.rel.init
 *(.rel.init)

.rela.init
 *(.rela.init)

.rel.text
 *(.rel.text)
 *(.rel.text.*)
 *(.rel.gnu.linkonce.t*)

.rela.text
 *(.rela.text)
 *(.rela.text.*)
 *(.rela.gnu.linkonce.t*)

.rel.fini
 *(.rel.fini)

.rela.fini
 *(.rela.fini)

.rel.rodata
 *(.rel.rodata)
 *(.rel.rodata.*)
 *(.rel.gnu.linkonce.r*)

.rela.rodata
 *(.rela.rodata)
 *(.rela.rodata.*)
 *(.rela.gnu.linkonce.r*)

.rel.data
 *(.rel.data)
 *(.rel.data.*)
 *(.rel.gnu.linkonce.d*)

.rela.data
 *(.rela.data)
 *(.rela.data.*)
 *(.rela.gnu.linkonce.d*)

.rel.ctors
 *(.rel.ctors)

.rela.ctors
 *(.rela.ctors)

.rel.dtors
 *(.rel.dtors)

.rela.dtors
 *(.rela.dtors)

.rel.got
 *(.rel.got)

.rela.got
 *(.rela.got)

.rel.bss
 *(.rel.bss)

.rela.bss
 *(.rela.bss)

.rel.plt
 *(.rel.plt)

.rela.plt
 *(.rela.plt)

.text           0x00000000     0x2436
 *(.vectors)
 .vectors       0x00000000       0xb4 C:/Program Files (x86)/Atmel/Studio/7.0/Packs/atmel/ATmega_DFP/1.0.98/gcc/dev/atmega328pb/avr5/crtatmega328pb.o
                0x00000000                __vector_default
                0x00000000                __vectors
 *(.vectors)
 *(.progmem.gcc*)
 .progmem.gcc_sw_table.midi_packet_length
                0x000000b4       0x1e xnormidi-develop/midi.o
                0x000000d2                . = ALIGN (0x2)
                0x000000d2                __trampolines_start = .
 *(.trampolines)
 .trampolines   0x000000d2        0x0 linker stubs
 *(.trampolines*)
                0x000000d2                __trampolines_end = .
 *(.progmem*)
                0x000000d2                . = ALIGN (0x2)
 *(.jumptables)
 *(.jumptables*)
 *(.lowtext)
 *(.lowtext*)
                0x000000d2                __ctors_start = .
 *(.ctors)
                0x000000d2                __ctors_end = .
                0x000000d2                __dtors_start = .
 *(.dtors)
                0x000000d2                __dtors_end = .
 SORT(*)(.ctors)
 SORT(*)(.dtors)
 *(.init0)
 .init0         0x000000d2        0x0 C:/Program Files (x86)/Atmel/Studio/7.0/Packs/atmel/ATmega_DFP/1.0.98/gcc/dev/atmega328pb/avr5/crtatmega328pb.o
                0x000000d2                __init
 *(.init0)
 *(.init1)
 *(.init1)
 *(.init2)
 .init2         0x000000d2        0xc C:/Program Files (x86)/Atmel/Studio/7.0/Packs/atmel/ATmega_DFP/1.0.98/gcc/dev/atmega328pb/avr5/crtatmega328pb.o
 *(.init2)
 *(.init3)
 *(.init3)
 *(.init4)
 .init4         0x000000de       0x16 c:/program files (x86)/atmel/studio/7.0/toolchain/avr8/avr8-gnu-toolchain/bin/../lib/gcc/avr/4.9.2/avr5\libgcc.a(_copy_data.o)
                0x000000de                __do_copy_data
 .init4         0x000000f4       0x10 c:/program files (x86)/atmel/studio/7.0/toolchain/avr8/avr8-gnu-toolchain/bin/../lib/gcc/avr/4.9.2/avr5\libgcc.a(_clear_bss.o)
                0x000000f4                __do_clear_bss
 *(.init4)
 *(.init5)
 *(.init5)
 *(.init6)
 *(.init6)
 *(.init7)
 *(.init7)
 *(.init8)
 *(.init8)
 *(.init9)
 .init9         0x00000104        0x8 C:/Program Files (x86)/Atmel/Studio/7.0/Packs/atmel/ATmega_DFP/1.0.98/gcc/dev/atmega328pb/avr5/crtatmega328pb.o
 *(.init9)
 *(.text)
 .text          0x0000010c        0x4 C:/Program Files (x86)/Atmel/Studio/7.0/Packs/atmel/ATmega_DFP/1.0.98/gcc/dev/atmega328pb/avr5/crtatmega328pb.o
                0x0000010c                __vector_38
                0x0000010c                __vector_22
                0x0000010c                __vector_28
                0x0000010c                __vector_1
                0x0000010c                __vector_32
                0x0000010c                __vector_34
                0x0000010c                __vector_24
                0x0000010c                __vector_12
                0x0000010c                __bad_interrupt
                0x0000010c                __vector_6
                0x0000010c                __vector_31
                0x0000010c                __vector_35
                0x0000010c                __vector_39
                0x0000010c                __vector_3
                0x0000010c                __vector_23
                0x0000010c                __vector_30
                0x0000010c                __vector_25
                0x0000010c                __vector_13
                0x0000010c                __vector_17
                0x0000010c                __vector_7
                0x0000010c                __vector_41
                0x0000010c                __vector_43
                0x0000010c                __vector_27
                0x0000010c                __vector_5
                0x0000010c                __vector_37
                0x0000010c                __vector_4
                0x0000010c                __vector_44
                0x0000010c                __vector_9
                0x0000010c                __vector_2
                0x0000010c                __vector_21
                0x0000010c                __vector_15
                0x0000010c                __vector_36
                0x0000010c                __vector_29
                0x0000010c                __vector_40
                0x0000010c                __vector_8
                0x0000010c                __vector_26
                0x0000010c                __vector_10
                0x0000010c                __vector_16
                0x0000010c                __vector_20
                0x0000010c                __vector_42
                0x00000110                . = ALIGN (0x2)
 *(.text.*)
 .text.setup_adc
                0x00000110       0x26 adc.o
                0x00000110                setup_adc
 .text.read_tempo_pot
                0x00000136       0x38 adc.o
                0x00000136                read_tempo_pot
 .text.setup_clock
                0x0000016e        0xe clock.o
                0x0000016e                setup_clock
 .text.update_clock_rate
                0x0000017c       0x22 clock.o
                0x0000017c                update_clock_rate
 .text.trigger_drum
                0x0000019e       0xbc drums.o
                0x0000019e                trigger_drum
 .text.clear_all_trigs
                0x0000025a       0x14 drums.o
                0x0000025a                clear_all_trigs
 .text.trigger_step
                0x0000026e      0x1a0 drums.o
                0x0000026e                trigger_step
 .text.live_hits
                0x0000040e      0x10a drums.o
                0x0000040e                live_hits
 .text.__vector_14
                0x00000518       0xbc interrupts.o
                0x00000518                __vector_14
 .text.__vector_33
                0x000005d4       0x14 interrupts.o
                0x000005d4                __vector_33
 .text.__vector_11
                0x000005e8       0x60 interrupts.o
                0x000005e8                __vector_11
 .text.__vector_18
                0x00000648       0x6a interrupts.o
                0x00000648                __vector_18
 .text.__vector_19
                0x000006b2       0x7e interrupts.o
                0x000006b2                __vector_19
 .text.turn_on  0x00000730       0x3c leds.o
                0x00000730                turn_on
 .text.turn_off
                0x0000076c       0x3e leds.o
                0x0000076c                turn_off
 .text.toggle   0x000007aa       0x26 leds.o
                0x000007aa                toggle
 .text.turn_off_all_inst_leds
                0x000007d0       0x1e leds.o
                0x000007d0                turn_off_all_inst_leds
 .text.update_inst_leds
                0x000007ee       0x74 leds.o
                0x000007ee                update_inst_leds
 .text.update_step_led_mask
                0x00000862      0x1c2 leds.o
                0x00000862                update_step_led_mask
 .text.refresh  0x00000a24       0x4c main.o
                0x00000a24                refresh
 .text.main     0x00000a70      0x126 main.o
                0x00000a70                main
 .text.midi_send
                0x00000b96       0x48 midi.o
                0x00000b96                midi_send
 .text.setup_midi_usart
                0x00000bde       0x2e midi.o
                0x00000bde                setup_midi_usart
 .text.note_on_event
                0x00000c0c        0xe midi.o
                0x00000c0c                note_on_event
 .text.note_off_event
                0x00000c1a        0x2 midi.o
                0x00000c1a                note_off_event
 .text.real_time_event
                0x00000c1c       0x3a midi.o
                0x00000c1c                real_time_event
 .text.update_mode
                0x00000c56       0xb2 mode.o
                0x00000c56                update_mode
 .text.update_tempo
                0x00000d08       0x66 sequencer.o
                0x00000d08                update_tempo
 .text.process_tick
                0x00000d6e       0xc6 sequencer.o
                0x00000d6e                process_tick
 .text.process_start
                0x00000e34       0x5c sequencer.o
                0x00000e34                process_start
 .text.process_stop
                0x00000e90       0x6e sequencer.o
                0x00000e90                process_stop
 .text.update_step_board
                0x00000efe      0x1f6 sequencer.o
                0x00000efe                update_step_board
 .text.update_prescale
                0x000010f4       0x5c sequencer.o
                0x000010f4                update_prescale
 .text.check_tap
                0x00001150      0x136 sequencer.o
                0x00001150                check_tap
 .text.toggle_variation
                0x00001286       0x52 sequencer.o
                0x00001286                toggle_variation
 .text.process_step
                0x000012d8      0x40a sequencer.o
                0x000012d8                process_step
 .text.spi_shift_byte
                0x000016e2       0x14 spi.o
                0x000016e2                spi_shift_byte
 .text.update_spi
                0x000016f6       0x48 spi.o
                0x000016f6                update_spi
 .text.read_switches
                0x0000173e       0x9c spi.o
                0x0000173e                read_switches
 .text.parse_switch_data
                0x000017da       0x4e switches.o
                0x000017da                parse_switch_data
 .text.check_start_stop_tap
                0x00001828       0x6e switches.o
                0x00001828                check_start_stop_tap
 .text.check_inst_switches
                0x00001896      0x32a switches.o
                0x00001896                check_inst_switches
 .text.check_variation_switches
                0x00001bc0       0x5c switches.o
                0x00001bc0                check_variation_switches
 .text.check_clear_switch
                0x00001c1c       0xba switches.o
                0x00001c1c                check_clear_switch
 .text.check_step_press
                0x00001cd6       0x34 switches.o
                0x00001cd6                check_step_press
 .text.bytequeue_init
                0x00001d0a        0xe xnormidi-develop/bytequeue/bytequeue.o
                0x00001d0a                bytequeue_init
 .text.bytequeue_enqueue
                0x00001d18       0x6c xnormidi-develop/bytequeue/bytequeue.o
                0x00001d18                bytequeue_enqueue
 .text.bytequeue_length
                0x00001d84       0x2c xnormidi-develop/bytequeue/bytequeue.o
                0x00001d84                bytequeue_length
 .text.bytequeue_get
                0x00001db0       0x24 xnormidi-develop/bytequeue/bytequeue.o
                0x00001db0                bytequeue_get
 .text.bytequeue_remove
                0x00001dd4       0x36 xnormidi-develop/bytequeue/bytequeue.o
                0x00001dd4                bytequeue_remove
 .text.store_and_clear_interrupt
                0x00001e0a        0x6 xnormidi-develop/bytequeue/interrupt_setting.o
                0x00001e0a                store_and_clear_interrupt
 .text.restore_interrupt_setting
                0x00001e10        0x4 xnormidi-develop/bytequeue/interrupt_setting.o
                0x00001e10                restore_interrupt_setting
 .text.midi_is_statusbyte
                0x00001e14        0x8 xnormidi-develop/midi.o
                0x00001e14                midi_is_statusbyte
 .text.midi_is_realtime
                0x00001e1c        0xc xnormidi-develop/midi.o
                0x00001e1c                midi_is_realtime
 .text.midi_packet_length
                0x00001e28       0x66 xnormidi-develop/midi.o
                0x00001e28                midi_packet_length
 .text.midi_send_clock
                0x00001e8e       0x18 xnormidi-develop/midi.o
                0x00001e8e                midi_send_clock
 .text.midi_send_start
                0x00001ea6       0x18 xnormidi-develop/midi.o
                0x00001ea6                midi_send_start
 .text.midi_send_stop
                0x00001ebe       0x18 xnormidi-develop/midi.o
                0x00001ebe                midi_send_stop
 .text.midi_register_noteon_callback
                0x00001ed6        0x8 xnormidi-develop/midi.o
                0x00001ed6                midi_register_noteon_callback
 .text.midi_register_noteoff_callback
                0x00001ede        0x8 xnormidi-develop/midi.o
                0x00001ede                midi_register_noteoff_callback
 .text.midi_register_realtime_callback
                0x00001ee6        0x8 xnormidi-develop/midi.o
                0x00001ee6                midi_register_realtime_callback
 .text.midi_device_init
                0x00001eee       0x62 xnormidi-develop/midi_device.o
                0x00001eee                midi_device_init
 .text.midi_device_input
                0x00001f50       0x44 xnormidi-develop/midi_device.o
                0x00001f50                midi_device_input
 .text.midi_device_set_send_func
                0x00001f94        0x8 xnormidi-develop/midi_device.o
                0x00001f94                midi_device_set_send_func
 .text.midi_input_callbacks
                0x00001f9c      0x228 xnormidi-develop/midi_device.o
                0x00001f9c                midi_input_callbacks
 .text.midi_process_byte
                0x000021c4      0x186 xnormidi-develop/midi_device.o
                0x000021c4                midi_process_byte
 .text.midi_device_process
                0x0000234a       0x6e xnormidi-develop/midi_device.o
                0x0000234a                midi_device_process
 .text.libgcc.div
                0x000023b8       0x28 c:/program files (x86)/atmel/studio/7.0/toolchain/avr8/avr8-gnu-toolchain/bin/../lib/gcc/avr/4.9.2/avr5\libgcc.a(_divmodhi4.o)
                0x000023b8                _div
                0x000023b8                __divmodhi4
 .text.libgcc   0x000023e0        0xc c:/program files (x86)/atmel/studio/7.0/toolchain/avr8/avr8-gnu-toolchain/bin/../lib/gcc/avr/4.9.2/avr5\libgcc.a(_tablejump2.o)
                0x000023e0                __tablejump2__
 .text.libgcc.mul
                0x000023ec       0x1e c:/program files (x86)/atmel/studio/7.0/toolchain/avr8/avr8-gnu-toolchain/bin/../lib/gcc/avr/4.9.2/avr5\libgcc.a(_umulhisi3.o)
                0x000023ec                __umulhisi3
 .text.libgcc.div
                0x0000240a       0x28 c:/program files (x86)/atmel/studio/7.0/toolchain/avr8/avr8-gnu-toolchain/bin/../lib/gcc/avr/4.9.2/avr5\libgcc.a(_udivmodhi4.o)
                0x0000240a                __udivmodhi4
                0x00002432                . = ALIGN (0x2)
 *(.fini9)
 .fini9         0x00002432        0x0 c:/program files (x86)/atmel/studio/7.0/toolchain/avr8/avr8-gnu-toolchain/bin/../lib/gcc/avr/4.9.2/avr5\libgcc.a(_exit.o)
                0x00002432                _exit
                0x00002432                exit
 *(.fini9)
 *(.fini8)
 *(.fini8)
 *(.fini7)
 *(.fini7)
 *(.fini6)
 *(.fini6)
 *(.fini5)
 *(.fini5)
 *(.fini4)
 *(.fini4)
 *(.fini3)
 *(.fini3)
 *(.fini2)
 *(.fini2)
 *(.fini1)
 *(.fini1)
 *(.fini0)
 .fini0         0x00002432        0x4 c:/program files (x86)/atmel/studio/7.0/toolchain/avr8/avr8-gnu-toolchain/bin/../lib/gcc/avr/4.9.2/avr5\libgcc.a(_exit.o)
 *(.fini0)
                0x00002436                _etext = .

.data           0x00800100      0x170 load address 0x00002436
                0x00800100                PROVIDE (__data_start, .)
 *(.data)
 *(.data*)
 .data.drum_hit
                0x00800100       0x77 drums.o
                0x00800100                drum_hit
 .data.trigger_finished
                0x00800177        0x1 drums.o
                0x00800177                trigger_finished
 .data.led      0x00800178       0xa5 leds.o
                0x00800178                led
 .data.current_mode
                0x0080021d        0x6 mode.o
                0x0080021d                current_mode
 .data.mode_index
                0x00800223        0x1 mode.o
                0x00800223                mode_index
 .data.pre_scale
                0x00800224        0x4 sequencer.o
                0x00800224                pre_scale
 .data.pre_scale_index
                0x00800228        0x1 sequencer.o
                0x00800228                pre_scale_index
 .data.button   0x00800229       0x46 switches.o
                0x00800229                button
 *(.rodata)
 *(.rodata*)
 *(.gnu.linkonce.d*)
                0x00800270                . = ALIGN (0x2)
 *fill*         0x0080026f        0x1 
                0x00800270                _edata = .
                0x00800270                PROVIDE (__data_end, .)

.bss            0x00800270      0x2af
                0x00800270                PROVIDE (__bss_start, .)
 *(.bss)
 *(.bss*)
 .bss.current_drum_hit
                0x00800270        0x1 drums.o
                0x00800270                current_drum_hit
 .bss.current_tempo_adc.2097
                0x00800271        0x2 sequencer.o
 .bss.new_tempo_adc.2096
                0x00800273        0x2 sequencer.o
 .bss.spi_previous_switch_data
                0x00800275        0x5 spi.o
                0x00800275                spi_previous_switch_data
 .bss.spi_current_switch_data
                0x0080027a        0x5 spi.o
                0x0080027a                spi_current_switch_data
 .bss.spi_data  0x0080027f        0x9 spi.o
                0x0080027f                spi_data
 .bss.previous_start_stop_tap_state
                0x00800288        0x1 switches.o
                0x00800288                previous_start_stop_tap_state
 .bss.current_start_stop_tap_state
                0x00800289        0x1 switches.o
                0x00800289                current_start_stop_tap_state
 *(COMMON)
 COMMON         0x0080028a        0x8 clock.o
                0x0080028a                clock
 COMMON         0x00800292        0x2 drums.o
                0x00800292                flag
 COMMON         0x00800294       0xed main.o
                0x00800294                midi_device
 COMMON         0x00800381       0xc5 midi.o
                0x00800381                midi_output_queue_data
                0x00800441                midi_byte_queue
 COMMON         0x00800446       0xd9 sequencer.o
                0x00800446                sequencer
                0x0080051f                PROVIDE (__bss_end, .)
                0x00002436                __data_load_start = LOADADDR (.data)
                0x000025a6                __data_load_end = (__data_load_start + SIZEOF (.data))

.noinit         0x0080051f        0x0
                0x0080051f                PROVIDE (__noinit_start, .)
 *(.noinit*)
                0x0080051f                PROVIDE (__noinit_end, .)
                0x0080051f                _end = .
                0x0080051f                PROVIDE (__heap_start, .)

.eeprom         0x00810000        0x0
 *(.eeprom*)
                0x00810000                __eeprom_end = .

.fuse
 *(.fuse)
 *(.lfuse)
 *(.hfuse)
 *(.efuse)

.lock
 *(.lock*)

.signature
 *(.signature*)

.user_signatures
 *(.user_signatures*)

.stab
 *(.stab)

.stabstr
 *(.stabstr)

.stab.excl
 *(.stab.excl)

.stab.exclstr
 *(.stab.exclstr)

.stab.index
 *(.stab.index)

.stab.indexstr
 *(.stab.indexstr)

.comment        0x00000000       0x30
 *(.comment)
 .comment       0x00000000       0x30 adc.o
                                 0x31 (size before relaxing)
 .comment       0x00000030       0x31 clock.o
 .comment       0x00000030       0x31 drums.o
 .comment       0x00000030       0x31 interrupts.o
 .comment       0x00000030       0x31 leds.o
 .comment       0x00000030       0x31 main.o
 .comment       0x00000030       0x31 midi.o
 .comment       0x00000030       0x31 mode.o
 .comment       0x00000030       0x31 sequencer.o
 .comment       0x00000030       0x31 spi.o
 .comment       0x00000030       0x31 switches.o
 .comment       0x00000030       0x31 xnormidi-develop/bytequeue/bytequeue.o
 .comment       0x00000030       0x31 xnormidi-develop/bytequeue/interrupt_setting.o
 .comment       0x00000030       0x31 xnormidi-develop/midi.o
 .comment       0x00000030       0x31 xnormidi-develop/midi_device.o

.note.gnu.avr.deviceinfo
                0x00000000       0x40
 .note.gnu.avr.deviceinfo
                0x00000000       0x40 C:/Program Files (x86)/Atmel/Studio/7.0/Packs/atmel/ATmega_DFP/1.0.98/gcc/dev/atmega328pb/avr5/crtatmega328pb.o

.note.gnu.build-id
 *(.note.gnu.build-id)

.debug
 *(.debug)

.line
 *(.line)

.debug_srcinfo
 *(.debug_srcinfo)

.debug_sfnames
 *(.debug_sfnames)

.debug_aranges  0x00000000      0x498
 *(.debug_aranges)
 .debug_aranges
                0x00000000       0x28 adc.o
 .debug_aranges
                0x00000028       0x28 clock.o
 .debug_aranges
                0x00000050       0x38 drums.o
 .debug_aranges
                0x00000088       0x40 interrupts.o
 .debug_aranges
                0x000000c8       0x60 leds.o
 .debug_aranges
                0x00000128       0x28 main.o
 .debug_aranges
                0x00000150       0x40 midi.o
 .debug_aranges
                0x00000190       0x20 mode.o
 .debug_aranges
                0x000001b0       0x68 sequencer.o
 .debug_aranges
                0x00000218       0x30 spi.o
 .debug_aranges
                0x00000248       0x48 switches.o
 .debug_aranges
                0x00000290       0x40 xnormidi-develop/bytequeue/bytequeue.o
 .debug_aranges
                0x000002d0       0x28 xnormidi-develop/bytequeue/interrupt_setting.o
 .debug_aranges
                0x000002f8      0x150 xnormidi-develop/midi.o
 .debug_aranges
                0x00000448       0x50 xnormidi-develop/midi_device.o

.debug_pubnames
 *(.debug_pubnames)

.debug_info     0x00000000     0x6ecc
 *(.debug_info .gnu.linkonce.wi.*)
 .debug_info    0x00000000       0xae adc.o
 .debug_info    0x000000ae      0x156 clock.o
 .debug_info    0x00000204      0x75a drums.o
 .debug_info    0x0000095e      0xa2b interrupts.o
 .debug_info    0x00001389      0x6ea leds.o
 .debug_info    0x00001a73      0xac0 main.o
 .debug_info    0x00002533      0xaa8 midi.o
 .debug_info    0x00002fdb      0x52f mode.o
 .debug_info    0x0000350a      0xd01 sequencer.o
 .debug_info    0x0000420b      0x587 spi.o
 .debug_info    0x00004792      0x7cb switches.o
 .debug_info    0x00004f5d      0x2ba xnormidi-develop/bytequeue/bytequeue.o
 .debug_info    0x00005217       0xc8 xnormidi-develop/bytequeue/interrupt_setting.o
 .debug_info    0x000052df     0x11ac xnormidi-develop/midi.o
 .debug_info    0x0000648b      0xa41 xnormidi-develop/midi_device.o

.debug_abbrev   0x00000000     0x17e0
 *(.debug_abbrev)
 .debug_abbrev  0x00000000       0x69 adc.o
 .debug_abbrev  0x00000069       0xdd clock.o
 .debug_abbrev  0x00000146      0x1ae drums.o
 .debug_abbrev  0x000002f4      0x1fd interrupts.o
 .debug_abbrev  0x000004f1      0x1e6 leds.o
 .debug_abbrev  0x000006d7      0x1d6 main.o
 .debug_abbrev  0x000008ad      0x20c midi.o
 .debug_abbrev  0x00000ab9      0x128 mode.o
 .debug_abbrev  0x00000be1      0x272 sequencer.o
 .debug_abbrev  0x00000e53      0x166 spi.o
 .debug_abbrev  0x00000fb9      0x232 switches.o
 .debug_abbrev  0x000011eb      0x16f xnormidi-develop/bytequeue/bytequeue.o
 .debug_abbrev  0x0000135a       0x8b xnormidi-develop/bytequeue/interrupt_setting.o
 .debug_abbrev  0x000013e5      0x1f6 xnormidi-develop/midi.o
 .debug_abbrev  0x000015db      0x205 xnormidi-develop/midi_device.o

.debug_line     0x00000000     0x190d
 *(.debug_line .debug_line.* .debug_line_end)
 .debug_line    0x00000000       0xba adc.o
 .debug_line    0x000000ba       0xbf clock.o
 .debug_line    0x00000179      0x172 drums.o
 .debug_line    0x000002eb      0x1c8 interrupts.o
 .debug_line    0x000004b3      0x1b8 leds.o
 .debug_line    0x0000066b      0x1d6 main.o
 .debug_line    0x00000841      0x197 midi.o
 .debug_line    0x000009d8       0xfa mode.o
 .debug_line    0x00000ad2      0x312 sequencer.o
 .debug_line    0x00000de4      0x10d spi.o
 .debug_line    0x00000ef1      0x1fa switches.o
 .debug_line    0x000010eb      0x132 xnormidi-develop/bytequeue/bytequeue.o
 .debug_line    0x0000121d       0xea xnormidi-develop/bytequeue/interrupt_setting.o
 .debug_line    0x00001307      0x3db xnormidi-develop/midi.o
 .debug_line    0x000016e2      0x22b xnormidi-develop/midi_device.o

.debug_frame    0x00000000      0xcb8
 *(.debug_frame)
 .debug_frame   0x00000000       0x34 adc.o
 .debug_frame   0x00000034       0x34 clock.o
 .debug_frame   0x00000068       0xc8 drums.o
 .debug_frame   0x00000130      0x1a8 interrupts.o
 .debug_frame   0x000002d8      0x12c leds.o
 .debug_frame   0x00000404       0x34 main.o
 .debug_frame   0x00000438       0x78 midi.o
 .debug_frame   0x000004b0       0x24 mode.o
 .debug_frame   0x000004d4      0x118 sequencer.o
 .debug_frame   0x000005ec       0x5c spi.o
 .debug_frame   0x00000648       0xf4 switches.o
 .debug_frame   0x0000073c       0x9c xnormidi-develop/bytequeue/bytequeue.o
 .debug_frame   0x000007d8       0x34 xnormidi-develop/bytequeue/interrupt_setting.o
 .debug_frame   0x0000080c      0x380 xnormidi-develop/midi.o
 .debug_frame   0x00000b8c      0x12c xnormidi-develop/midi_device.o

.debug_str      0x00000000     0x11fc
 *(.debug_str)
 .debug_str     0x00000000      0x151 adc.o
                                0x18a (size before relaxing)
 .debug_str     0x00000151       0x7a clock.o
                                0x1f2 (size before relaxing)
 .debug_str     0x000001cb      0x2df drums.o
                                0x48a (size before relaxing)
 .debug_str     0x000004aa      0x3a9 interrupts.o
                                0x81e (size before relaxing)
 .debug_str     0x00000853       0x9d leds.o
                                0x4aa (size before relaxing)
 .debug_str     0x000008f0      0x174 main.o
                                0x899 (size before relaxing)
 .debug_str     0x00000a64       0xef midi.o
                                0x826 (size before relaxing)
 .debug_str     0x00000b53       0x24 mode.o
                                0x407 (size before relaxing)
 .debug_str     0x00000b77       0xae sequencer.o
                                0x930 (size before relaxing)
 .debug_str     0x00000c25       0x59 spi.o
                                0x407 (size before relaxing)
 .debug_str     0x00000c7e       0x7b switches.o
                                0x5b6 (size before relaxing)
 .debug_str     0x00000cf9       0x96 xnormidi-develop/bytequeue/bytequeue.o
                                0x288 (size before relaxing)
 .debug_str     0x00000d8f       0x37 xnormidi-develop/bytequeue/interrupt_setting.o
                                0x1df (size before relaxing)
 .debug_str     0x00000dc6      0x3a9 xnormidi-develop/midi.o
                                0x8d2 (size before relaxing)
 .debug_str     0x0000116f       0x8d xnormidi-develop/midi_device.o
                                0x628 (size before relaxing)

.debug_loc      0x00000000     0x25dd
 *(.debug_loc)
 .debug_loc     0x00000000       0x32 clock.o
 .debug_loc     0x00000032      0x1c4 drums.o
 .debug_loc     0x000001f6      0x3c7 interrupts.o
 .debug_loc     0x000005bd      0x282 leds.o
 .debug_loc     0x0000083f      0x215 midi.o
 .debug_loc     0x00000a54      0x1ea sequencer.o
 .debug_loc     0x00000c3e       0x7d spi.o
 .debug_loc     0x00000cbb      0x26f switches.o
 .debug_loc     0x00000f2a      0x292 xnormidi-develop/bytequeue/bytequeue.o
 .debug_loc     0x000011bc      0xc4e xnormidi-develop/midi.o
 .debug_loc     0x00001e0a      0x7d3 xnormidi-develop/midi_device.o

.debug_macinfo
 *(.debug_macinfo)

.debug_weaknames
 *(.debug_weaknames)

.debug_funcnames
 *(.debug_funcnames)

.debug_typenames
 *(.debug_typenames)

.debug_varnames
 *(.debug_varnames)

.debug_pubtypes
 *(.debug_pubtypes)

.debug_ranges   0x00000000      0x3f8
 *(.debug_ranges)
 .debug_ranges  0x00000000       0x18 adc.o
 .debug_ranges  0x00000018       0x18 clock.o
 .debug_ranges  0x00000030       0x28 drums.o
 .debug_ranges  0x00000058       0x30 interrupts.o
 .debug_ranges  0x00000088       0x70 leds.o
 .debug_ranges  0x000000f8       0x18 main.o
 .debug_ranges  0x00000110       0x30 midi.o
 .debug_ranges  0x00000140       0x10 mode.o
 .debug_ranges  0x00000150       0x58 sequencer.o
 .debug_ranges  0x000001a8       0x20 spi.o
 .debug_ranges  0x000001c8       0x68 switches.o
 .debug_ranges  0x00000230       0x30 xnormidi-develop/bytequeue/bytequeue.o
 .debug_ranges  0x00000260       0x18 xnormidi-develop/bytequeue/interrupt_setting.o
 .debug_ranges  0x00000278      0x140 xnormidi-develop/midi.o
 .debug_ranges  0x000003b8       0x40 xnormidi-develop/midi_device.o

.debug_macro
 *(.debug_macro)
OUTPUT(TR-808-firmware.elf elf32-avr)
LOAD linker stubs
