Archive member included to satisfy reference by file (symbol)

c:/program files (x86)/atmel/studio/7.0/toolchain/avr8/avr8-gnu-toolchain/bin/../lib/gcc/avr/4.9.2/avr5\libgcc.a(_divmodhi4.o)
                              xnormidi-develop/bytequeue/bytequeue.o (__divmodhi4)
c:/program files (x86)/atmel/studio/7.0/toolchain/avr8/avr8-gnu-toolchain/bin/../lib/gcc/avr/4.9.2/avr5\libgcc.a(_exit.o)
                              C:/Program Files (x86)/Atmel/Studio/7.0/Packs/atmel/ATmega_DFP/1.0.98/gcc/dev/atmega328pb/avr5/crtatmega328pb.o (exit)
c:/program files (x86)/atmel/studio/7.0/toolchain/avr8/avr8-gnu-toolchain/bin/../lib/gcc/avr/4.9.2/avr5\libgcc.a(_tablejump2.o)
                              xnormidi-develop/midi.o (__tablejump2__)
c:/program files (x86)/atmel/studio/7.0/toolchain/avr8/avr8-gnu-toolchain/bin/../lib/gcc/avr/4.9.2/avr5\libgcc.a(_copy_data.o)
                              leds.o (__do_copy_data)
c:/program files (x86)/atmel/studio/7.0/toolchain/avr8/avr8-gnu-toolchain/bin/../lib/gcc/avr/4.9.2/avr5\libgcc.a(_clear_bss.o)
                              main.o (__do_clear_bss)
c:/program files (x86)/atmel/studio/7.0/toolchain/avr8/avr8-gnu-toolchain/bin/../lib/gcc/avr/4.9.2/avr5\libgcc.a(_umulhisi3.o)
                              xnormidi-develop/midi_device.o (__umulhisi3)
c:/program files (x86)/atmel/studio/7.0/toolchain/avr8/avr8-gnu-toolchain/bin/../lib/gcc/avr/4.9.2/avr5\libgcc.a(_udivmodhi4.o)
                              c:/program files (x86)/atmel/studio/7.0/toolchain/avr8/avr8-gnu-toolchain/bin/../lib/gcc/avr/4.9.2/avr5\libgcc.a(_divmodhi4.o) (__udivmodhi4)
c:/program files (x86)/atmel/studio/7.0/toolchain/avr8/avr8-gnu-toolchain/bin/../lib/gcc/avr/4.9.2/../../../../avr/lib/avr5\libc.a(memcpy.o)
                              xnormidi-develop/midi.o (memcpy)

Allocating common symbols
Common symbol       size              file

midi_device         0xed              main.o

Discarded input sections

 .data          0x00000000        0x0 C:/Program Files (x86)/Atmel/Studio/7.0/Packs/atmel/ATmega_DFP/1.0.98/gcc/dev/atmega328pb/avr5/crtatmega328pb.o
 .bss           0x00000000        0x0 C:/Program Files (x86)/Atmel/Studio/7.0/Packs/atmel/ATmega_DFP/1.0.98/gcc/dev/atmega328pb/avr5/crtatmega328pb.o
 .text          0x00000000        0x0 leds.o
 .data          0x00000000        0x0 leds.o
 .bss           0x00000000        0x0 leds.o
 .text.flash_once
                0x00000000        0x2 leds.o
 .text          0x00000000        0x0 main.o
 .data          0x00000000        0x0 main.o
 .bss           0x00000000        0x0 main.o
 .bss.step_number
                0x00000000        0x1 main.o
 .text          0x00000000        0x0 midi.o
 .data          0x00000000        0x0 midi.o
 .bss           0x00000000        0x0 midi.o
 .debug_info    0x00000000       0x5d midi.o
 .debug_abbrev  0x00000000       0x26 midi.o
 .debug_aranges
                0x00000000       0x18 midi.o
 .debug_line    0x00000000       0x1a midi.o
 .debug_str     0x00000000      0x165 midi.o
 .comment       0x00000000       0x31 midi.o
 .text          0x00000000        0x0 spi.o
 .data          0x00000000        0x0 spi.o
 .bss           0x00000000        0x0 spi.o
 .bss.switch_states
                0x00000000        0x5 spi.o
 .text          0x00000000        0x0 switches.o
 .data          0x00000000        0x0 switches.o
 .bss           0x00000000        0x0 switches.o
 .text          0x00000000        0x0 xnormidi-develop/bytequeue/bytequeue.o
 .data          0x00000000        0x0 xnormidi-develop/bytequeue/bytequeue.o
 .bss           0x00000000        0x0 xnormidi-develop/bytequeue/bytequeue.o
 .text          0x00000000        0x0 xnormidi-develop/bytequeue/interrupt_setting.o
 .data          0x00000000        0x0 xnormidi-develop/bytequeue/interrupt_setting.o
 .bss           0x00000000        0x0 xnormidi-develop/bytequeue/interrupt_setting.o
 .text          0x00000000        0x0 xnormidi-develop/midi.o
 .data          0x00000000        0x0 xnormidi-develop/midi.o
 .bss           0x00000000        0x0 xnormidi-develop/midi.o
 .text.midi_send_cc
                0x00000000       0x20 xnormidi-develop/midi.o
 .text.midi_send_noteon
                0x00000000       0x20 xnormidi-develop/midi.o
 .text.midi_send_noteoff
                0x00000000       0x20 xnormidi-develop/midi.o
 .text.midi_send_aftertouch
                0x00000000       0x20 xnormidi-develop/midi.o
 .text.midi_send_pitchbend
                0x00000000       0x4c xnormidi-develop/midi.o
 .text.midi_send_programchange
                0x00000000       0x1e xnormidi-develop/midi.o
 .text.midi_send_channelpressure
                0x00000000       0x1e xnormidi-develop/midi.o
 .text.midi_send_clock
                0x00000000       0x18 xnormidi-develop/midi.o
 .text.midi_send_tick
                0x00000000       0x18 xnormidi-develop/midi.o
 .text.midi_send_start
                0x00000000       0x18 xnormidi-develop/midi.o
 .text.midi_send_continue
                0x00000000       0x18 xnormidi-develop/midi.o
 .text.midi_send_stop
                0x00000000       0x18 xnormidi-develop/midi.o
 .text.midi_send_activesense
                0x00000000       0x18 xnormidi-develop/midi.o
 .text.midi_send_reset
                0x00000000       0x18 xnormidi-develop/midi.o
 .text.midi_send_tcquarterframe
                0x00000000       0x1a xnormidi-develop/midi.o
 .text.midi_send_songposition
                0x00000000       0x2a xnormidi-develop/midi.o
 .text.midi_send_songselect
                0x00000000       0x1a xnormidi-develop/midi.o
 .text.midi_send_tunerequest
                0x00000000       0x18 xnormidi-develop/midi.o
 .text.midi_send_byte
                0x00000000       0x18 xnormidi-develop/midi.o
 .text.midi_send_data
                0x00000000        0xe xnormidi-develop/midi.o
 .text.midi_send_array
                0x00000000       0xa8 xnormidi-develop/midi.o
 .text.midi_register_cc_callback
                0x00000000        0x8 xnormidi-develop/midi.o
 .text.midi_register_aftertouch_callback
                0x00000000        0x8 xnormidi-develop/midi.o
 .text.midi_register_pitchbend_callback
                0x00000000        0x8 xnormidi-develop/midi.o
 .text.midi_register_songposition_callback
                0x00000000        0x8 xnormidi-develop/midi.o
 .text.midi_register_progchange_callback
                0x00000000        0x8 xnormidi-develop/midi.o
 .text.midi_register_chanpressure_callback
                0x00000000        0x8 xnormidi-develop/midi.o
 .text.midi_register_songselect_callback
                0x00000000        0x8 xnormidi-develop/midi.o
 .text.midi_register_tc_quarterframe_callback
                0x00000000        0x8 xnormidi-develop/midi.o
 .text.midi_register_tunerequest_callback
                0x00000000        0x8 xnormidi-develop/midi.o
 .text.midi_register_sysex_callback
                0x00000000        0x8 xnormidi-develop/midi.o
 .text.midi_register_fallthrough_callback
                0x00000000        0x8 xnormidi-develop/midi.o
 .text.midi_register_catchall_callback
                0x00000000        0x8 xnormidi-develop/midi.o
 .text          0x00000000        0x0 xnormidi-develop/midi_device.o
 .data          0x00000000        0x0 xnormidi-develop/midi_device.o
 .bss           0x00000000        0x0 xnormidi-develop/midi_device.o
 .text.midi_device_set_send_func
                0x00000000        0x8 xnormidi-develop/midi_device.o
 .text.midi_device_set_pre_input_process_func
                0x00000000        0x8 xnormidi-develop/midi_device.o
 .text          0x00000000        0x0 xnormidi-develop/sysex_tools.o
 .data          0x00000000        0x0 xnormidi-develop/sysex_tools.o
 .bss           0x00000000        0x0 xnormidi-develop/sysex_tools.o
 .text.sysex_encoded_length
                0x00000000       0x96 xnormidi-develop/sysex_tools.o
 .text.sysex_decoded_length
                0x00000000       0x54 xnormidi-develop/sysex_tools.o
 .text.sysex_encode
                0x00000000      0x1ac xnormidi-develop/sysex_tools.o
 .text.sysex_decode
                0x00000000      0x144 xnormidi-develop/sysex_tools.o
 .debug_info    0x00000000      0x2e0 xnormidi-develop/sysex_tools.o
 .debug_abbrev  0x00000000       0xf4 xnormidi-develop/sysex_tools.o
 .debug_loc     0x00000000      0x7e1 xnormidi-develop/sysex_tools.o
 .debug_aranges
                0x00000000       0x38 xnormidi-develop/sysex_tools.o
 .debug_ranges  0x00000000       0x40 xnormidi-develop/sysex_tools.o
 .debug_line    0x00000000      0x16b xnormidi-develop/sysex_tools.o
 .debug_str     0x00000000      0x262 xnormidi-develop/sysex_tools.o
 .comment       0x00000000       0x31 xnormidi-develop/sysex_tools.o
 .debug_frame   0x00000000       0xf4 xnormidi-develop/sysex_tools.o
 .text          0x00000000        0x0 c:/program files (x86)/atmel/studio/7.0/toolchain/avr8/avr8-gnu-toolchain/bin/../lib/gcc/avr/4.9.2/avr5\libgcc.a(_divmodhi4.o)
 .data          0x00000000        0x0 c:/program files (x86)/atmel/studio/7.0/toolchain/avr8/avr8-gnu-toolchain/bin/../lib/gcc/avr/4.9.2/avr5\libgcc.a(_divmodhi4.o)
 .bss           0x00000000        0x0 c:/program files (x86)/atmel/studio/7.0/toolchain/avr8/avr8-gnu-toolchain/bin/../lib/gcc/avr/4.9.2/avr5\libgcc.a(_divmodhi4.o)
 .text.libgcc.mul
                0x00000000        0x0 c:/program files (x86)/atmel/studio/7.0/toolchain/avr8/avr8-gnu-toolchain/bin/../lib/gcc/avr/4.9.2/avr5\libgcc.a(_divmodhi4.o)
 .text.libgcc   0x00000000        0x0 c:/program files (x86)/atmel/studio/7.0/toolchain/avr8/avr8-gnu-toolchain/bin/../lib/gcc/avr/4.9.2/avr5\libgcc.a(_divmodhi4.o)
 .text.libgcc.prologue
                0x00000000        0x0 c:/program files (x86)/atmel/studio/7.0/toolchain/avr8/avr8-gnu-toolchain/bin/../lib/gcc/avr/4.9.2/avr5\libgcc.a(_divmodhi4.o)
 .text.libgcc.builtins
                0x00000000        0x0 c:/program files (x86)/atmel/studio/7.0/toolchain/avr8/avr8-gnu-toolchain/bin/../lib/gcc/avr/4.9.2/avr5\libgcc.a(_divmodhi4.o)
 .text.libgcc.fmul
                0x00000000        0x0 c:/program files (x86)/atmel/studio/7.0/toolchain/avr8/avr8-gnu-toolchain/bin/../lib/gcc/avr/4.9.2/avr5\libgcc.a(_divmodhi4.o)
 .text.libgcc.fixed
                0x00000000        0x0 c:/program files (x86)/atmel/studio/7.0/toolchain/avr8/avr8-gnu-toolchain/bin/../lib/gcc/avr/4.9.2/avr5\libgcc.a(_divmodhi4.o)
 .text          0x00000000        0x0 c:/program files (x86)/atmel/studio/7.0/toolchain/avr8/avr8-gnu-toolchain/bin/../lib/gcc/avr/4.9.2/avr5\libgcc.a(_exit.o)
 .data          0x00000000        0x0 c:/program files (x86)/atmel/studio/7.0/toolchain/avr8/avr8-gnu-toolchain/bin/../lib/gcc/avr/4.9.2/avr5\libgcc.a(_exit.o)
 .bss           0x00000000        0x0 c:/program files (x86)/atmel/studio/7.0/toolchain/avr8/avr8-gnu-toolchain/bin/../lib/gcc/avr/4.9.2/avr5\libgcc.a(_exit.o)
 .text.libgcc.mul
                0x00000000        0x0 c:/program files (x86)/atmel/studio/7.0/toolchain/avr8/avr8-gnu-toolchain/bin/../lib/gcc/avr/4.9.2/avr5\libgcc.a(_exit.o)
 .text.libgcc.div
                0x00000000        0x0 c:/program files (x86)/atmel/studio/7.0/toolchain/avr8/avr8-gnu-toolchain/bin/../lib/gcc/avr/4.9.2/avr5\libgcc.a(_exit.o)
 .text.libgcc   0x00000000        0x0 c:/program files (x86)/atmel/studio/7.0/toolchain/avr8/avr8-gnu-toolchain/bin/../lib/gcc/avr/4.9.2/avr5\libgcc.a(_exit.o)
 .text.libgcc.prologue
                0x00000000        0x0 c:/program files (x86)/atmel/studio/7.0/toolchain/avr8/avr8-gnu-toolchain/bin/../lib/gcc/avr/4.9.2/avr5\libgcc.a(_exit.o)
 .text.libgcc.builtins
                0x00000000        0x0 c:/program files (x86)/atmel/studio/7.0/toolchain/avr8/avr8-gnu-toolchain/bin/../lib/gcc/avr/4.9.2/avr5\libgcc.a(_exit.o)
 .text.libgcc.fmul
                0x00000000        0x0 c:/program files (x86)/atmel/studio/7.0/toolchain/avr8/avr8-gnu-toolchain/bin/../lib/gcc/avr/4.9.2/avr5\libgcc.a(_exit.o)
 .text.libgcc.fixed
                0x00000000        0x0 c:/program files (x86)/atmel/studio/7.0/toolchain/avr8/avr8-gnu-toolchain/bin/../lib/gcc/avr/4.9.2/avr5\libgcc.a(_exit.o)
 .text          0x00000000        0x0 c:/program files (x86)/atmel/studio/7.0/toolchain/avr8/avr8-gnu-toolchain/bin/../lib/gcc/avr/4.9.2/avr5\libgcc.a(_tablejump2.o)
 .data          0x00000000        0x0 c:/program files (x86)/atmel/studio/7.0/toolchain/avr8/avr8-gnu-toolchain/bin/../lib/gcc/avr/4.9.2/avr5\libgcc.a(_tablejump2.o)
 .bss           0x00000000        0x0 c:/program files (x86)/atmel/studio/7.0/toolchain/avr8/avr8-gnu-toolchain/bin/../lib/gcc/avr/4.9.2/avr5\libgcc.a(_tablejump2.o)
 .text.libgcc.mul
                0x00000000        0x0 c:/program files (x86)/atmel/studio/7.0/toolchain/avr8/avr8-gnu-toolchain/bin/../lib/gcc/avr/4.9.2/avr5\libgcc.a(_tablejump2.o)
 .text.libgcc.div
                0x00000000        0x0 c:/program files (x86)/atmel/studio/7.0/toolchain/avr8/avr8-gnu-toolchain/bin/../lib/gcc/avr/4.9.2/avr5\libgcc.a(_tablejump2.o)
 .text.libgcc.prologue
                0x00000000        0x0 c:/program files (x86)/atmel/studio/7.0/toolchain/avr8/avr8-gnu-toolchain/bin/../lib/gcc/avr/4.9.2/avr5\libgcc.a(_tablejump2.o)
 .text.libgcc.builtins
                0x00000000        0x0 c:/program files (x86)/atmel/studio/7.0/toolchain/avr8/avr8-gnu-toolchain/bin/../lib/gcc/avr/4.9.2/avr5\libgcc.a(_tablejump2.o)
 .text.libgcc.fmul
                0x00000000        0x0 c:/program files (x86)/atmel/studio/7.0/toolchain/avr8/avr8-gnu-toolchain/bin/../lib/gcc/avr/4.9.2/avr5\libgcc.a(_tablejump2.o)
 .text.libgcc.fixed
                0x00000000        0x0 c:/program files (x86)/atmel/studio/7.0/toolchain/avr8/avr8-gnu-toolchain/bin/../lib/gcc/avr/4.9.2/avr5\libgcc.a(_tablejump2.o)
 .text          0x00000000        0x0 c:/program files (x86)/atmel/studio/7.0/toolchain/avr8/avr8-gnu-toolchain/bin/../lib/gcc/avr/4.9.2/avr5\libgcc.a(_copy_data.o)
 .data          0x00000000        0x0 c:/program files (x86)/atmel/studio/7.0/toolchain/avr8/avr8-gnu-toolchain/bin/../lib/gcc/avr/4.9.2/avr5\libgcc.a(_copy_data.o)
 .bss           0x00000000        0x0 c:/program files (x86)/atmel/studio/7.0/toolchain/avr8/avr8-gnu-toolchain/bin/../lib/gcc/avr/4.9.2/avr5\libgcc.a(_copy_data.o)
 .text.libgcc.mul
                0x00000000        0x0 c:/program files (x86)/atmel/studio/7.0/toolchain/avr8/avr8-gnu-toolchain/bin/../lib/gcc/avr/4.9.2/avr5\libgcc.a(_copy_data.o)
 .text.libgcc.div
                0x00000000        0x0 c:/program files (x86)/atmel/studio/7.0/toolchain/avr8/avr8-gnu-toolchain/bin/../lib/gcc/avr/4.9.2/avr5\libgcc.a(_copy_data.o)
 .text.libgcc   0x00000000        0x0 c:/program files (x86)/atmel/studio/7.0/toolchain/avr8/avr8-gnu-toolchain/bin/../lib/gcc/avr/4.9.2/avr5\libgcc.a(_copy_data.o)
 .text.libgcc.prologue
                0x00000000        0x0 c:/program files (x86)/atmel/studio/7.0/toolchain/avr8/avr8-gnu-toolchain/bin/../lib/gcc/avr/4.9.2/avr5\libgcc.a(_copy_data.o)
 .text.libgcc.builtins
                0x00000000        0x0 c:/program files (x86)/atmel/studio/7.0/toolchain/avr8/avr8-gnu-toolchain/bin/../lib/gcc/avr/4.9.2/avr5\libgcc.a(_copy_data.o)
 .text.libgcc.fmul
                0x00000000        0x0 c:/program files (x86)/atmel/studio/7.0/toolchain/avr8/avr8-gnu-toolchain/bin/../lib/gcc/avr/4.9.2/avr5\libgcc.a(_copy_data.o)
 .text.libgcc.fixed
                0x00000000        0x0 c:/program files (x86)/atmel/studio/7.0/toolchain/avr8/avr8-gnu-toolchain/bin/../lib/gcc/avr/4.9.2/avr5\libgcc.a(_copy_data.o)
 .text          0x00000000        0x0 c:/program files (x86)/atmel/studio/7.0/toolchain/avr8/avr8-gnu-toolchain/bin/../lib/gcc/avr/4.9.2/avr5\libgcc.a(_clear_bss.o)
 .data          0x00000000        0x0 c:/program files (x86)/atmel/studio/7.0/toolchain/avr8/avr8-gnu-toolchain/bin/../lib/gcc/avr/4.9.2/avr5\libgcc.a(_clear_bss.o)
 .bss           0x00000000        0x0 c:/program files (x86)/atmel/studio/7.0/toolchain/avr8/avr8-gnu-toolchain/bin/../lib/gcc/avr/4.9.2/avr5\libgcc.a(_clear_bss.o)
 .text.libgcc.mul
                0x00000000        0x0 c:/program files (x86)/atmel/studio/7.0/toolchain/avr8/avr8-gnu-toolchain/bin/../lib/gcc/avr/4.9.2/avr5\libgcc.a(_clear_bss.o)
 .text.libgcc.div
                0x00000000        0x0 c:/program files (x86)/atmel/studio/7.0/toolchain/avr8/avr8-gnu-toolchain/bin/../lib/gcc/avr/4.9.2/avr5\libgcc.a(_clear_bss.o)
 .text.libgcc   0x00000000        0x0 c:/program files (x86)/atmel/studio/7.0/toolchain/avr8/avr8-gnu-toolchain/bin/../lib/gcc/avr/4.9.2/avr5\libgcc.a(_clear_bss.o)
 .text.libgcc.prologue
                0x00000000        0x0 c:/program files (x86)/atmel/studio/7.0/toolchain/avr8/avr8-gnu-toolchain/bin/../lib/gcc/avr/4.9.2/avr5\libgcc.a(_clear_bss.o)
 .text.libgcc.builtins
                0x00000000        0x0 c:/program files (x86)/atmel/studio/7.0/toolchain/avr8/avr8-gnu-toolchain/bin/../lib/gcc/avr/4.9.2/avr5\libgcc.a(_clear_bss.o)
 .text.libgcc.fmul
                0x00000000        0x0 c:/program files (x86)/atmel/studio/7.0/toolchain/avr8/avr8-gnu-toolchain/bin/../lib/gcc/avr/4.9.2/avr5\libgcc.a(_clear_bss.o)
 .text.libgcc.fixed
                0x00000000        0x0 c:/program files (x86)/atmel/studio/7.0/toolchain/avr8/avr8-gnu-toolchain/bin/../lib/gcc/avr/4.9.2/avr5\libgcc.a(_clear_bss.o)
 .text          0x00000000        0x0 c:/program files (x86)/atmel/studio/7.0/toolchain/avr8/avr8-gnu-toolchain/bin/../lib/gcc/avr/4.9.2/avr5\libgcc.a(_umulhisi3.o)
 .data          0x00000000        0x0 c:/program files (x86)/atmel/studio/7.0/toolchain/avr8/avr8-gnu-toolchain/bin/../lib/gcc/avr/4.9.2/avr5\libgcc.a(_umulhisi3.o)
 .bss           0x00000000        0x0 c:/program files (x86)/atmel/studio/7.0/toolchain/avr8/avr8-gnu-toolchain/bin/../lib/gcc/avr/4.9.2/avr5\libgcc.a(_umulhisi3.o)
 .text.libgcc.div
                0x00000000        0x0 c:/program files (x86)/atmel/studio/7.0/toolchain/avr8/avr8-gnu-toolchain/bin/../lib/gcc/avr/4.9.2/avr5\libgcc.a(_umulhisi3.o)
 .text.libgcc   0x00000000        0x0 c:/program files (x86)/atmel/studio/7.0/toolchain/avr8/avr8-gnu-toolchain/bin/../lib/gcc/avr/4.9.2/avr5\libgcc.a(_umulhisi3.o)
 .text.libgcc.prologue
                0x00000000        0x0 c:/program files (x86)/atmel/studio/7.0/toolchain/avr8/avr8-gnu-toolchain/bin/../lib/gcc/avr/4.9.2/avr5\libgcc.a(_umulhisi3.o)
 .text.libgcc.builtins
                0x00000000        0x0 c:/program files (x86)/atmel/studio/7.0/toolchain/avr8/avr8-gnu-toolchain/bin/../lib/gcc/avr/4.9.2/avr5\libgcc.a(_umulhisi3.o)
 .text.libgcc.fmul
                0x00000000        0x0 c:/program files (x86)/atmel/studio/7.0/toolchain/avr8/avr8-gnu-toolchain/bin/../lib/gcc/avr/4.9.2/avr5\libgcc.a(_umulhisi3.o)
 .text.libgcc.fixed
                0x00000000        0x0 c:/program files (x86)/atmel/studio/7.0/toolchain/avr8/avr8-gnu-toolchain/bin/../lib/gcc/avr/4.9.2/avr5\libgcc.a(_umulhisi3.o)
 .text          0x00000000        0x0 c:/program files (x86)/atmel/studio/7.0/toolchain/avr8/avr8-gnu-toolchain/bin/../lib/gcc/avr/4.9.2/avr5\libgcc.a(_udivmodhi4.o)
 .data          0x00000000        0x0 c:/program files (x86)/atmel/studio/7.0/toolchain/avr8/avr8-gnu-toolchain/bin/../lib/gcc/avr/4.9.2/avr5\libgcc.a(_udivmodhi4.o)
 .bss           0x00000000        0x0 c:/program files (x86)/atmel/studio/7.0/toolchain/avr8/avr8-gnu-toolchain/bin/../lib/gcc/avr/4.9.2/avr5\libgcc.a(_udivmodhi4.o)
 .text.libgcc.mul
                0x00000000        0x0 c:/program files (x86)/atmel/studio/7.0/toolchain/avr8/avr8-gnu-toolchain/bin/../lib/gcc/avr/4.9.2/avr5\libgcc.a(_udivmodhi4.o)
 .text.libgcc   0x00000000        0x0 c:/program files (x86)/atmel/studio/7.0/toolchain/avr8/avr8-gnu-toolchain/bin/../lib/gcc/avr/4.9.2/avr5\libgcc.a(_udivmodhi4.o)
 .text.libgcc.prologue
                0x00000000        0x0 c:/program files (x86)/atmel/studio/7.0/toolchain/avr8/avr8-gnu-toolchain/bin/../lib/gcc/avr/4.9.2/avr5\libgcc.a(_udivmodhi4.o)
 .text.libgcc.builtins
                0x00000000        0x0 c:/program files (x86)/atmel/studio/7.0/toolchain/avr8/avr8-gnu-toolchain/bin/../lib/gcc/avr/4.9.2/avr5\libgcc.a(_udivmodhi4.o)
 .text.libgcc.fmul
                0x00000000        0x0 c:/program files (x86)/atmel/studio/7.0/toolchain/avr8/avr8-gnu-toolchain/bin/../lib/gcc/avr/4.9.2/avr5\libgcc.a(_udivmodhi4.o)
 .text.libgcc.fixed
                0x00000000        0x0 c:/program files (x86)/atmel/studio/7.0/toolchain/avr8/avr8-gnu-toolchain/bin/../lib/gcc/avr/4.9.2/avr5\libgcc.a(_udivmodhi4.o)
 .text          0x00000000        0x0 c:/program files (x86)/atmel/studio/7.0/toolchain/avr8/avr8-gnu-toolchain/bin/../lib/gcc/avr/4.9.2/../../../../avr/lib/avr5\libc.a(memcpy.o)
 .data          0x00000000        0x0 c:/program files (x86)/atmel/studio/7.0/toolchain/avr8/avr8-gnu-toolchain/bin/../lib/gcc/avr/4.9.2/../../../../avr/lib/avr5\libc.a(memcpy.o)
 .bss           0x00000000        0x0 c:/program files (x86)/atmel/studio/7.0/toolchain/avr8/avr8-gnu-toolchain/bin/../lib/gcc/avr/4.9.2/../../../../avr/lib/avr5\libc.a(memcpy.o)
 .text.avr-libc
                0x00000000       0x12 c:/program files (x86)/atmel/studio/7.0/toolchain/avr8/avr8-gnu-toolchain/bin/../lib/gcc/avr/4.9.2/../../../../avr/lib/avr5\libc.a(memcpy.o)

Memory Configuration

Name             Origin             Length             Attributes
text             0x00000000         0x00020000         xr
data             0x00800060         0x0000ffa0         rw !x
eeprom           0x00810000         0x00010000         rw !x
fuse             0x00820000         0x00000400         rw !x
lock             0x00830000         0x00000400         rw !x
signature        0x00840000         0x00000400         rw !x
user_signatures  0x00850000         0x00000400         rw !x
*default*        0x00000000         0xffffffff

Linker script and memory map

Address of section .data set to 0x800100
LOAD C:/Program Files (x86)/Atmel/Studio/7.0/Packs/atmel/ATmega_DFP/1.0.98/gcc/dev/atmega328pb/avr5/crtatmega328pb.o
LOAD leds.o
LOAD main.o
LOAD midi.o
LOAD spi.o
LOAD switches.o
LOAD xnormidi-develop/bytequeue/bytequeue.o
LOAD xnormidi-develop/bytequeue/interrupt_setting.o
LOAD xnormidi-develop/midi.o
LOAD xnormidi-develop/midi_device.o
LOAD xnormidi-develop/sysex_tools.o
START GROUP
LOAD c:/program files (x86)/atmel/studio/7.0/toolchain/avr8/avr8-gnu-toolchain/bin/../lib/gcc/avr/4.9.2/../../../../avr/lib/avr5\libm.a
END GROUP
START GROUP
LOAD c:/program files (x86)/atmel/studio/7.0/toolchain/avr8/avr8-gnu-toolchain/bin/../lib/gcc/avr/4.9.2/avr5\libgcc.a
LOAD c:/program files (x86)/atmel/studio/7.0/toolchain/avr8/avr8-gnu-toolchain/bin/../lib/gcc/avr/4.9.2/../../../../avr/lib/avr5\libm.a
LOAD c:/program files (x86)/atmel/studio/7.0/toolchain/avr8/avr8-gnu-toolchain/bin/../lib/gcc/avr/4.9.2/../../../../avr/lib/avr5\libc.a
LOAD C:/Program Files (x86)/Atmel/Studio/7.0/Packs/atmel/ATmega_DFP/1.0.98/gcc/dev/atmega328pb/avr5\libatmega328pb.a
END GROUP

.hash
 *(.hash)

.dynsym
 *(.dynsym)

.dynstr
 *(.dynstr)

.gnu.version
 *(.gnu.version)

.gnu.version_d
 *(.gnu.version_d)

.gnu.version_r
 *(.gnu.version_r)

.rel.init
 *(.rel.init)

.rela.init
 *(.rela.init)

.rel.text
 *(.rel.text)
 *(.rel.text.*)
 *(.rel.gnu.linkonce.t*)

.rela.text
 *(.rela.text)
 *(.rela.text.*)
 *(.rela.gnu.linkonce.t*)

.rel.fini
 *(.rel.fini)

.rela.fini
 *(.rela.fini)

.rel.rodata
 *(.rel.rodata)
 *(.rel.rodata.*)
 *(.rel.gnu.linkonce.r*)

.rela.rodata
 *(.rela.rodata)
 *(.rela.rodata.*)
 *(.rela.gnu.linkonce.r*)

.rel.data
 *(.rel.data)
 *(.rel.data.*)
 *(.rel.gnu.linkonce.d*)

.rela.data
 *(.rela.data)
 *(.rela.data.*)
 *(.rela.gnu.linkonce.d*)

.rel.ctors
 *(.rel.ctors)

.rela.ctors
 *(.rela.ctors)

.rel.dtors
 *(.rel.dtors)

.rela.dtors
 *(.rela.dtors)

.rel.got
 *(.rel.got)

.rela.got
 *(.rela.got)

.rel.bss
 *(.rel.bss)

.rela.bss
 *(.rela.bss)

.rel.plt
 *(.rel.plt)

.rela.plt
 *(.rela.plt)

.text           0x00000000      0xc4c
 *(.vectors)
 .vectors       0x00000000       0xb4 C:/Program Files (x86)/Atmel/Studio/7.0/Packs/atmel/ATmega_DFP/1.0.98/gcc/dev/atmega328pb/avr5/crtatmega328pb.o
                0x00000000                __vector_default
                0x00000000                __vectors
 *(.vectors)
 *(.progmem.gcc*)
 .progmem.gcc_sw_table.midi_packet_length
                0x000000b4       0x1e xnormidi-develop/midi.o
                0x000000d2                . = ALIGN (0x2)
                0x000000d2                __trampolines_start = .
 *(.trampolines)
 .trampolines   0x000000d2        0x0 linker stubs
 *(.trampolines*)
                0x000000d2                __trampolines_end = .
 *(.progmem*)
                0x000000d2                . = ALIGN (0x2)
 *(.jumptables)
 *(.jumptables*)
 *(.lowtext)
 *(.lowtext*)
                0x000000d2                __ctors_start = .
 *(.ctors)
                0x000000d2                __ctors_end = .
                0x000000d2                __dtors_start = .
 *(.dtors)
                0x000000d2                __dtors_end = .
 SORT(*)(.ctors)
 SORT(*)(.dtors)
 *(.init0)
 .init0         0x000000d2        0x0 C:/Program Files (x86)/Atmel/Studio/7.0/Packs/atmel/ATmega_DFP/1.0.98/gcc/dev/atmega328pb/avr5/crtatmega328pb.o
                0x000000d2                __init
 *(.init0)
 *(.init1)
 *(.init1)
 *(.init2)
 .init2         0x000000d2        0xc C:/Program Files (x86)/Atmel/Studio/7.0/Packs/atmel/ATmega_DFP/1.0.98/gcc/dev/atmega328pb/avr5/crtatmega328pb.o
 *(.init2)
 *(.init3)
 *(.init3)
 *(.init4)
 .init4         0x000000de       0x16 c:/program files (x86)/atmel/studio/7.0/toolchain/avr8/avr8-gnu-toolchain/bin/../lib/gcc/avr/4.9.2/avr5\libgcc.a(_copy_data.o)
                0x000000de                __do_copy_data
 .init4         0x000000f4       0x10 c:/program files (x86)/atmel/studio/7.0/toolchain/avr8/avr8-gnu-toolchain/bin/../lib/gcc/avr/4.9.2/avr5\libgcc.a(_clear_bss.o)
                0x000000f4                __do_clear_bss
 *(.init4)
 *(.init5)
 *(.init5)
 *(.init6)
 *(.init6)
 *(.init7)
 *(.init7)
 *(.init8)
 *(.init8)
 *(.init9)
 .init9         0x00000104        0x8 C:/Program Files (x86)/Atmel/Studio/7.0/Packs/atmel/ATmega_DFP/1.0.98/gcc/dev/atmega328pb/avr5/crtatmega328pb.o
 *(.init9)
 *(.text)
 .text          0x0000010c        0x4 C:/Program Files (x86)/Atmel/Studio/7.0/Packs/atmel/ATmega_DFP/1.0.98/gcc/dev/atmega328pb/avr5/crtatmega328pb.o
                0x0000010c                __vector_38
                0x0000010c                __vector_22
                0x0000010c                __vector_28
                0x0000010c                __vector_1
                0x0000010c                __vector_32
                0x0000010c                __vector_34
                0x0000010c                __vector_24
                0x0000010c                __vector_12
                0x0000010c                __bad_interrupt
                0x0000010c                __vector_6
                0x0000010c                __vector_31
                0x0000010c                __vector_35
                0x0000010c                __vector_39
                0x0000010c                __vector_3
                0x0000010c                __vector_23
                0x0000010c                __vector_30
                0x0000010c                __vector_25
                0x0000010c                __vector_11
                0x0000010c                __vector_13
                0x0000010c                __vector_17
                0x0000010c                __vector_19
                0x0000010c                __vector_7
                0x0000010c                __vector_41
                0x0000010c                __vector_43
                0x0000010c                __vector_27
                0x0000010c                __vector_5
                0x0000010c                __vector_33
                0x0000010c                __vector_37
                0x0000010c                __vector_4
                0x0000010c                __vector_44
                0x0000010c                __vector_9
                0x0000010c                __vector_2
                0x0000010c                __vector_21
                0x0000010c                __vector_15
                0x0000010c                __vector_36
                0x0000010c                __vector_29
                0x0000010c                __vector_40
                0x0000010c                __vector_8
                0x0000010c                __vector_26
                0x0000010c                __vector_14
                0x0000010c                __vector_10
                0x0000010c                __vector_16
                0x0000010c                __vector_20
                0x0000010c                __vector_42
                0x00000110                . = ALIGN (0x2)
 *(.text.*)
 .text.turn_on  0x00000110       0x3c leds.o
                0x00000110                turn_on
 .text.turn_off
                0x0000014c       0x3e leds.o
                0x0000014c                turn_off
 .text.toggle   0x0000018a       0x26 leds.o
                0x0000018a                toggle
 .text.note_off_event
                0x000001b0        0x2 main.o
                0x000001b0                note_off_event
 .text.real_time_event
                0x000001b2        0x2 main.o
                0x000001b2                real_time_event
 .text.note_on_event
                0x000001b4      0x136 main.o
                0x000001b4                note_on_event
 .text.update_step_board
                0x000002ea       0x58 main.o
                0x000002ea                update_step_board
 .text.refresh  0x00000342        0xe main.o
                0x00000342                refresh
 .text.setup_midi_usart
                0x00000350       0x12 main.o
                0x00000350                setup_midi_usart
 .text.__vector_18
                0x00000362       0x6a main.o
                0x00000362                __vector_18
 .text.main     0x000003cc       0x78 main.o
                0x000003cc                main
 .text.spi_shift_byte
                0x00000444       0x14 spi.o
                0x00000444                spi_shift_byte
 .text.update_spi
                0x00000458       0x48 spi.o
                0x00000458                update_spi
 .text.read_switches
                0x000004a0       0x82 spi.o
                0x000004a0                read_switches
 .text.parse_switch_data
                0x00000522       0x4e switches.o
                0x00000522                parse_switch_data
 .text.bytequeue_init
                0x00000570        0xe xnormidi-develop/bytequeue/bytequeue.o
                0x00000570                bytequeue_init
 .text.bytequeue_enqueue
                0x0000057e       0x6c xnormidi-develop/bytequeue/bytequeue.o
                0x0000057e                bytequeue_enqueue
 .text.bytequeue_length
                0x000005ea       0x2c xnormidi-develop/bytequeue/bytequeue.o
                0x000005ea                bytequeue_length
 .text.bytequeue_get
                0x00000616       0x24 xnormidi-develop/bytequeue/bytequeue.o
                0x00000616                bytequeue_get
 .text.bytequeue_remove
                0x0000063a       0x36 xnormidi-develop/bytequeue/bytequeue.o
                0x0000063a                bytequeue_remove
 .text.store_and_clear_interrupt
                0x00000670        0x6 xnormidi-develop/bytequeue/interrupt_setting.o
                0x00000670                store_and_clear_interrupt
 .text.restore_interrupt_setting
                0x00000676        0x4 xnormidi-develop/bytequeue/interrupt_setting.o
                0x00000676                restore_interrupt_setting
 .text.midi_is_statusbyte
                0x0000067a        0x8 xnormidi-develop/midi.o
                0x0000067a                midi_is_statusbyte
 .text.midi_is_realtime
                0x00000682        0xc xnormidi-develop/midi.o
                0x00000682                midi_is_realtime
 .text.midi_packet_length
                0x0000068e       0x66 xnormidi-develop/midi.o
                0x0000068e                midi_packet_length
 .text.midi_register_noteon_callback
                0x000006f4        0x8 xnormidi-develop/midi.o
                0x000006f4                midi_register_noteon_callback
 .text.midi_register_noteoff_callback
                0x000006fc        0x8 xnormidi-develop/midi.o
                0x000006fc                midi_register_noteoff_callback
 .text.midi_register_realtime_callback
                0x00000704        0x8 xnormidi-develop/midi.o
                0x00000704                midi_register_realtime_callback
 .text.midi_device_init
                0x0000070c       0x62 xnormidi-develop/midi_device.o
                0x0000070c                midi_device_init
 .text.midi_device_input
                0x0000076e       0x44 xnormidi-develop/midi_device.o
                0x0000076e                midi_device_input
 .text.midi_input_callbacks
                0x000007b2      0x228 xnormidi-develop/midi_device.o
                0x000007b2                midi_input_callbacks
 .text.midi_process_byte
                0x000009da      0x186 xnormidi-develop/midi_device.o
                0x000009da                midi_process_byte
 .text.midi_device_process
                0x00000b60       0x6e xnormidi-develop/midi_device.o
                0x00000b60                midi_device_process
 .text.libgcc.div
                0x00000bce       0x28 c:/program files (x86)/atmel/studio/7.0/toolchain/avr8/avr8-gnu-toolchain/bin/../lib/gcc/avr/4.9.2/avr5\libgcc.a(_divmodhi4.o)
                0x00000bce                _div
                0x00000bce                __divmodhi4
 .text.libgcc   0x00000bf6        0xc c:/program files (x86)/atmel/studio/7.0/toolchain/avr8/avr8-gnu-toolchain/bin/../lib/gcc/avr/4.9.2/avr5\libgcc.a(_tablejump2.o)
                0x00000bf6                __tablejump2__
 .text.libgcc.mul
                0x00000c02       0x1e c:/program files (x86)/atmel/studio/7.0/toolchain/avr8/avr8-gnu-toolchain/bin/../lib/gcc/avr/4.9.2/avr5\libgcc.a(_umulhisi3.o)
                0x00000c02                __umulhisi3
 .text.libgcc.div
                0x00000c20       0x28 c:/program files (x86)/atmel/studio/7.0/toolchain/avr8/avr8-gnu-toolchain/bin/../lib/gcc/avr/4.9.2/avr5\libgcc.a(_udivmodhi4.o)
                0x00000c20                __udivmodhi4
                0x00000c48                . = ALIGN (0x2)
 *(.fini9)
 .fini9         0x00000c48        0x0 c:/program files (x86)/atmel/studio/7.0/toolchain/avr8/avr8-gnu-toolchain/bin/../lib/gcc/avr/4.9.2/avr5\libgcc.a(_exit.o)
                0x00000c48                _exit
                0x00000c48                exit
 *(.fini9)
 *(.fini8)
 *(.fini8)
 *(.fini7)
 *(.fini7)
 *(.fini6)
 *(.fini6)
 *(.fini5)
 *(.fini5)
 *(.fini4)
 *(.fini4)
 *(.fini3)
 *(.fini3)
 *(.fini2)
 *(.fini2)
 *(.fini1)
 *(.fini1)
 *(.fini0)
 .fini0         0x00000c48        0x4 c:/program files (x86)/atmel/studio/7.0/toolchain/avr8/avr8-gnu-toolchain/bin/../lib/gcc/avr/4.9.2/avr5\libgcc.a(_exit.o)
 *(.fini0)
                0x00000c4c                _etext = .

.data           0x00800100      0x14c load address 0x00000c4c
                0x00800100                PROVIDE (__data_start, .)
 *(.data)
 *(.data*)
 .data.led      0x00800100       0xa5 leds.o
                0x00800100                led
 .data.drum_hit
                0x008001a5       0x60 main.o
                0x008001a5                drum_hit
 .data.button   0x00800205       0x46 switches.o
                0x00800205                button
 *(.rodata)
 *(.rodata*)
 *(.gnu.linkonce.d*)
                0x0080024c                . = ALIGN (0x2)
 *fill*         0x0080024b        0x1 
                0x0080024c                _edata = .
                0x0080024c                PROVIDE (__data_end, .)

.bss            0x0080024c      0x100
                0x0080024c                PROVIDE (__bss_start, .)
 *(.bss)
 *(.bss*)
 .bss.spi_previous_switch_data
                0x0080024c        0x5 spi.o
                0x0080024c                spi_previous_switch_data
 .bss.spi_current_switch_data
                0x00800251        0x5 spi.o
                0x00800251                spi_current_switch_data
 .bss.spi_data  0x00800256        0x9 spi.o
                0x00800256                spi_data
 *(COMMON)
 COMMON         0x0080025f       0xed main.o
                0x0080025f                midi_device
                0x0080034c                PROVIDE (__bss_end, .)
                0x00000c4c                __data_load_start = LOADADDR (.data)
                0x00000d98                __data_load_end = (__data_load_start + SIZEOF (.data))

.noinit         0x0080034c        0x0
                0x0080034c                PROVIDE (__noinit_start, .)
 *(.noinit*)
                0x0080034c                PROVIDE (__noinit_end, .)
                0x0080034c                _end = .
                0x0080034c                PROVIDE (__heap_start, .)

.eeprom         0x00810000        0x0
 *(.eeprom*)
                0x00810000                __eeprom_end = .

.fuse
 *(.fuse)
 *(.lfuse)
 *(.hfuse)
 *(.efuse)

.lock
 *(.lock*)

.signature
 *(.signature*)

.user_signatures
 *(.user_signatures*)

.stab
 *(.stab)

.stabstr
 *(.stabstr)

.stab.excl
 *(.stab.excl)

.stab.exclstr
 *(.stab.exclstr)

.stab.index
 *(.stab.index)

.stab.indexstr
 *(.stab.indexstr)

.comment        0x00000000       0x30
 *(.comment)
 .comment       0x00000000       0x30 leds.o
                                 0x31 (size before relaxing)
 .comment       0x00000030       0x31 main.o
 .comment       0x00000030       0x31 spi.o
 .comment       0x00000030       0x31 switches.o
 .comment       0x00000030       0x31 xnormidi-develop/bytequeue/bytequeue.o
 .comment       0x00000030       0x31 xnormidi-develop/bytequeue/interrupt_setting.o
 .comment       0x00000030       0x31 xnormidi-develop/midi.o
 .comment       0x00000030       0x31 xnormidi-develop/midi_device.o

.note.gnu.avr.deviceinfo
                0x00000000       0x40
 .note.gnu.avr.deviceinfo
                0x00000000       0x40 C:/Program Files (x86)/Atmel/Studio/7.0/Packs/atmel/ATmega_DFP/1.0.98/gcc/dev/atmega328pb/avr5/crtatmega328pb.o

.note.gnu.build-id
 *(.note.gnu.build-id)

.debug
 *(.debug)

.line
 *(.line)

.debug_srcinfo
 *(.debug_srcinfo)

.debug_sfnames
 *(.debug_sfnames)

.debug_aranges  0x00000000      0x2e8
 *(.debug_aranges)
 .debug_aranges
                0x00000000       0x38 leds.o
 .debug_aranges
                0x00000038       0x58 main.o
 .debug_aranges
                0x00000090       0x30 spi.o
 .debug_aranges
                0x000000c0       0x20 switches.o
 .debug_aranges
                0x000000e0       0x40 xnormidi-develop/bytequeue/bytequeue.o
 .debug_aranges
                0x00000120       0x28 xnormidi-develop/bytequeue/interrupt_setting.o
 .debug_aranges
                0x00000148      0x150 xnormidi-develop/midi.o
 .debug_aranges
                0x00000298       0x50 xnormidi-develop/midi_device.o

.debug_pubnames
 *(.debug_pubnames)

.debug_info     0x00000000     0x2e37
 *(.debug_info .gnu.linkonce.wi.*)
 .debug_info    0x00000000      0x1e4 leds.o
 .debug_info    0x000001e4      0x98e main.o
 .debug_info    0x00000b72      0x1f3 spi.o
 .debug_info    0x00000d65      0x163 switches.o
 .debug_info    0x00000ec8      0x2ba xnormidi-develop/bytequeue/bytequeue.o
 .debug_info    0x00001182       0xc8 xnormidi-develop/bytequeue/interrupt_setting.o
 .debug_info    0x0000124a     0x11ac xnormidi-develop/midi.o
 .debug_info    0x000023f6      0xa41 xnormidi-develop/midi_device.o

.debug_abbrev   0x00000000      0xb49
 *(.debug_abbrev)
 .debug_abbrev  0x00000000      0x12c leds.o
 .debug_abbrev  0x0000012c      0x288 main.o
 .debug_abbrev  0x000003b4       0xd0 spi.o
 .debug_abbrev  0x00000484       0xd0 switches.o
 .debug_abbrev  0x00000554      0x16f xnormidi-develop/bytequeue/bytequeue.o
 .debug_abbrev  0x000006c3       0x8b xnormidi-develop/bytequeue/interrupt_setting.o
 .debug_abbrev  0x0000074e      0x1f6 xnormidi-develop/midi.o
 .debug_abbrev  0x00000944      0x205 xnormidi-develop/midi_device.o

.debug_line     0x00000000      0xd33
 *(.debug_line .debug_line.* .debug_line_end)
 .debug_line    0x00000000       0xe9 leds.o
 .debug_line    0x000000e9      0x273 main.o
 .debug_line    0x0000035c       0xe7 spi.o
 .debug_line    0x00000443       0xce switches.o
 .debug_line    0x00000511      0x132 xnormidi-develop/bytequeue/bytequeue.o
 .debug_line    0x00000643       0xea xnormidi-develop/bytequeue/interrupt_setting.o
 .debug_line    0x0000072d      0x3db xnormidi-develop/midi.o
 .debug_line    0x00000b08      0x22b xnormidi-develop/midi_device.o

.debug_frame    0x00000000      0x76c
 *(.debug_frame)
 .debug_frame   0x00000000       0x6c leds.o
 .debug_frame   0x0000006c      0x104 main.o
 .debug_frame   0x00000170       0x5c spi.o
 .debug_frame   0x000001cc       0x24 switches.o
 .debug_frame   0x000001f0       0x9c xnormidi-develop/bytequeue/bytequeue.o
 .debug_frame   0x0000028c       0x34 xnormidi-develop/bytequeue/interrupt_setting.o
 .debug_frame   0x000002c0      0x380 xnormidi-develop/midi.o
 .debug_frame   0x00000640      0x12c xnormidi-develop/midi_device.o

.debug_str      0x00000000      0xcd8
 *(.debug_str)
 .debug_str     0x00000000      0x1a4 leds.o
                                0x1e3 (size before relaxing)
 .debug_str     0x000001a4      0x51a main.o
                                0x6e2 (size before relaxing)
 .debug_str     0x000006be       0x59 spi.o
                                0x1e6 (size before relaxing)
 .debug_str     0x00000717       0x1e switches.o
                                0x1e0 (size before relaxing)
 .debug_str     0x00000735       0xed xnormidi-develop/bytequeue/bytequeue.o
                                0x288 (size before relaxing)
 .debug_str     0x00000822       0x37 xnormidi-develop/bytequeue/interrupt_setting.o
                                0x1df (size before relaxing)
 .debug_str     0x00000859      0x3d8 xnormidi-develop/midi.o
                                0x8d2 (size before relaxing)
 .debug_str     0x00000c31       0xa7 xnormidi-develop/midi_device.o
                                0x628 (size before relaxing)

.debug_loc      0x00000000     0x1a88
 *(.debug_loc)
 .debug_loc     0x00000000       0xda leds.o
 .debug_loc     0x000000da      0x25a main.o
 .debug_loc     0x00000334       0x7d spi.o
 .debug_loc     0x000003b1       0x24 switches.o
 .debug_loc     0x000003d5      0x292 xnormidi-develop/bytequeue/bytequeue.o
 .debug_loc     0x00000667      0xc4e xnormidi-develop/midi.o
 .debug_loc     0x000012b5      0x7d3 xnormidi-develop/midi_device.o

.debug_macinfo
 *(.debug_macinfo)

.debug_weaknames
 *(.debug_weaknames)

.debug_funcnames
 *(.debug_funcnames)

.debug_typenames
 *(.debug_typenames)

.debug_varnames
 *(.debug_varnames)

.debug_pubtypes
 *(.debug_pubtypes)

.debug_ranges   0x00000000      0x268
 *(.debug_ranges)
 .debug_ranges  0x00000000       0x28 leds.o
 .debug_ranges  0x00000028       0x48 main.o
 .debug_ranges  0x00000070       0x20 spi.o
 .debug_ranges  0x00000090       0x10 switches.o
 .debug_ranges  0x000000a0       0x30 xnormidi-develop/bytequeue/bytequeue.o
 .debug_ranges  0x000000d0       0x18 xnormidi-develop/bytequeue/interrupt_setting.o
 .debug_ranges  0x000000e8      0x140 xnormidi-develop/midi.o
 .debug_ranges  0x00000228       0x40 xnormidi-develop/midi_device.o

.debug_macro
 *(.debug_macro)
OUTPUT(TR-808-firmware.elf elf32-avr)
LOAD linker stubs
