Archive member included to satisfy reference by file (symbol)

c:/program files (x86)/atmel/studio/7.0/toolchain/avr8/avr8-gnu-toolchain/bin/../lib/gcc/avr/4.9.2/avr5\libgcc.a(_divmodhi4.o)
                              xnormidi-develop/bytequeue/bytequeue.o (__divmodhi4)
c:/program files (x86)/atmel/studio/7.0/toolchain/avr8/avr8-gnu-toolchain/bin/../lib/gcc/avr/4.9.2/avr5\libgcc.a(_divmodsi4.o)
                              twi.o (__divmodsi4)
c:/program files (x86)/atmel/studio/7.0/toolchain/avr8/avr8-gnu-toolchain/bin/../lib/gcc/avr/4.9.2/avr5\libgcc.a(_negsi2.o)
                              c:/program files (x86)/atmel/studio/7.0/toolchain/avr8/avr8-gnu-toolchain/bin/../lib/gcc/avr/4.9.2/avr5\libgcc.a(_divmodsi4.o) (__negsi2)
c:/program files (x86)/atmel/studio/7.0/toolchain/avr8/avr8-gnu-toolchain/bin/../lib/gcc/avr/4.9.2/avr5\libgcc.a(_exit.o)
                              C:/Program Files (x86)/Atmel/Studio/7.0/Packs/atmel/ATmega_DFP/1.0.98/gcc/dev/atmega328pb/avr5/crtatmega328pb.o (exit)
c:/program files (x86)/atmel/studio/7.0/toolchain/avr8/avr8-gnu-toolchain/bin/../lib/gcc/avr/4.9.2/avr5\libgcc.a(_tablejump2.o)
                              twi.o (__tablejump2__)
c:/program files (x86)/atmel/studio/7.0/toolchain/avr8/avr8-gnu-toolchain/bin/../lib/gcc/avr/4.9.2/avr5\libgcc.a(_copy_data.o)
                              twi_eeprom.o (__do_copy_data)
c:/program files (x86)/atmel/studio/7.0/toolchain/avr8/avr8-gnu-toolchain/bin/../lib/gcc/avr/4.9.2/avr5\libgcc.a(_clear_bss.o)
                              twi_eeprom.o (__do_clear_bss)
c:/program files (x86)/atmel/studio/7.0/toolchain/avr8/avr8-gnu-toolchain/bin/../lib/gcc/avr/4.9.2/avr5\libgcc.a(_umulhisi3.o)
                              clock.o (__umulhisi3)
c:/program files (x86)/atmel/studio/7.0/toolchain/avr8/avr8-gnu-toolchain/bin/../lib/gcc/avr/4.9.2/avr5\libgcc.a(_udivmodhi4.o)
                              c:/program files (x86)/atmel/studio/7.0/toolchain/avr8/avr8-gnu-toolchain/bin/../lib/gcc/avr/4.9.2/avr5\libgcc.a(_divmodhi4.o) (__udivmodhi4)
c:/program files (x86)/atmel/studio/7.0/toolchain/avr8/avr8-gnu-toolchain/bin/../lib/gcc/avr/4.9.2/avr5\libgcc.a(_udivmodsi4.o)
                              c:/program files (x86)/atmel/studio/7.0/toolchain/avr8/avr8-gnu-toolchain/bin/../lib/gcc/avr/4.9.2/avr5\libgcc.a(_divmodsi4.o) (__udivmodsi4)
c:/program files (x86)/atmel/studio/7.0/toolchain/avr8/avr8-gnu-toolchain/bin/../lib/gcc/avr/4.9.2/../../../../avr/lib/avr5\libc.a(memcpy.o)
                              twi_eeprom.o (memcpy)

Allocating common symbols
Common symbol       size              file

TWI_write_bytes     0x2               twi_eeprom.o
TWI_buffer_max      0x2               twi_eeprom.o
TWI_buffer          0x8d              twi_eeprom.o
TWI_master_state    0x1               twi_eeprom.o
p_set_eeprom_address
                    0x2               twi_eeprom.o
TWI_status          0x1               twi_eeprom.o
flag                0x3               twi_eeprom.o
p_TWI_buffer        0x2               twi_eeprom.o
pattern_to_write    0x8b              twi_eeprom.o
TWI_error           0x1               twi_eeprom.o
current_pattern_num
                    0x1               twi_eeprom.o
TWI_read_bytes      0x2               twi_eeprom.o
midi_output_queue_data
                    0xc0              midi.o
TWI_return_result   0x2               twi_eeprom.o
TWI_target_slave_addr
                    0x1               twi_eeprom.o
TWI_buffer_len      0x1               twi_eeprom.o
p_write_track       0x2               twi_eeprom.o
TWI_busy            0x1               twi_eeprom.o
TWI_operation       0x1               twi_eeprom.o
midi_byte_queue     0x5               midi.o
p_read_rhythm_track_data
                    0x2               twi_eeprom.o
TWI_bytes_returned  0x2               twi_eeprom.o
p_write_pattern     0x2               twi_eeprom.o
midi_device         0xed              main.o
rhythm_track        0x41              sequencer.o
TWI_buffer_pos      0x2               twi_eeprom.o
current_pattern_bank
                    0x1               twi_eeprom.o
p_read_pattern      0x2               twi_eeprom.o
clock               0xd               clock.o
sequencer           0x9f              sequencer.o

Discarded input sections

 .data          0x00000000        0x0 C:/Program Files (x86)/Atmel/Studio/7.0/Packs/atmel/ATmega_DFP/1.0.98/gcc/dev/atmega328pb/avr5/crtatmega328pb.o
 .bss           0x00000000        0x0 C:/Program Files (x86)/Atmel/Studio/7.0/Packs/atmel/ATmega_DFP/1.0.98/gcc/dev/atmega328pb/avr5/crtatmega328pb.o
 .text          0x00000000        0x0 twi_eeprom.o
 .data          0x00000000        0x0 twi_eeprom.o
 .bss           0x00000000        0x0 twi_eeprom.o
 .text          0x00000000        0x0 adc.o
 .data          0x00000000        0x0 adc.o
 .bss           0x00000000        0x0 adc.o
 .text          0x00000000        0x0 clock.o
 .data          0x00000000        0x0 clock.o
 .bss           0x00000000        0x0 clock.o
 .text          0x00000000        0x0 drums.o
 .data          0x00000000        0x0 drums.o
 .bss           0x00000000        0x0 drums.o
 .data.midi_note_queue
                0x00000000       0x10 drums.o
 .text          0x00000000        0x0 interrupts.o
 .data          0x00000000        0x0 interrupts.o
 .bss           0x00000000        0x0 interrupts.o
 .text          0x00000000        0x0 leds.o
 .data          0x00000000        0x0 leds.o
 .bss           0x00000000        0x0 leds.o
 .text.flash_once
                0x00000000        0x2 leds.o
 .text.update_step_led_mask
                0x00000000       0x28 leds.o
 .text.set_up_led_timer
                0x00000000       0x1a leds.o
 .text          0x00000000        0x0 main.o
 .data          0x00000000        0x0 main.o
 .bss           0x00000000        0x0 main.o
 .text          0x00000000        0x0 midi.o
 .data          0x00000000        0x0 midi.o
 .bss           0x00000000        0x0 midi.o
 .text          0x00000000        0x0 mode.o
 .data          0x00000000        0x0 mode.o
 .bss           0x00000000        0x0 mode.o
 .text          0x00000000        0x0 sequencer.o
 .data          0x00000000        0x0 sequencer.o
 .bss           0x00000000        0x0 sequencer.o
 .text.update_variation
                0x00000000       0x64 sequencer.o
 .text          0x00000000        0x0 spi.o
 .data          0x00000000        0x0 spi.o
 .bss           0x00000000        0x0 spi.o
 .bss.switch_states
                0x00000000        0x5 spi.o
 .text          0x00000000        0x0 switches.o
 .data          0x00000000        0x0 switches.o
 .bss           0x00000000        0x0 switches.o
 .text.read_track_switches
                0x00000000       0x3a switches.o
 .text.test_update_track_leds
                0x00000000       0x5a switches.o
 .text.process_track_press
                0x00000000        0x2 switches.o
 .text.clear_pattern_bank
                0x00000000       0x74 switches.o
 .text.clear_all_patterns
                0x00000000       0x8a switches.o
 .text          0x00000000        0x0 twi.o
 .data          0x00000000        0x0 twi.o
 .bss           0x00000000        0x0 twi.o
 .text.TWI_master_start_read
                0x00000000       0x44 twi.o
 .text          0x00000000        0x0 xnormidi-develop/bytequeue/bytequeue.o
 .data          0x00000000        0x0 xnormidi-develop/bytequeue/bytequeue.o
 .bss           0x00000000        0x0 xnormidi-develop/bytequeue/bytequeue.o
 .text          0x00000000        0x0 xnormidi-develop/bytequeue/interrupt_setting.o
 .data          0x00000000        0x0 xnormidi-develop/bytequeue/interrupt_setting.o
 .bss           0x00000000        0x0 xnormidi-develop/bytequeue/interrupt_setting.o
 .text          0x00000000        0x0 xnormidi-develop/midi.o
 .data          0x00000000        0x0 xnormidi-develop/midi.o
 .bss           0x00000000        0x0 xnormidi-develop/midi.o
 .text.midi_send_cc
                0x00000000       0x20 xnormidi-develop/midi.o
 .text.midi_send_noteon
                0x00000000       0x20 xnormidi-develop/midi.o
 .text.midi_send_noteoff
                0x00000000       0x20 xnormidi-develop/midi.o
 .text.midi_send_aftertouch
                0x00000000       0x20 xnormidi-develop/midi.o
 .text.midi_send_pitchbend
                0x00000000       0x4c xnormidi-develop/midi.o
 .text.midi_send_programchange
                0x00000000       0x1e xnormidi-develop/midi.o
 .text.midi_send_channelpressure
                0x00000000       0x1e xnormidi-develop/midi.o
 .text.midi_send_tick
                0x00000000       0x18 xnormidi-develop/midi.o
 .text.midi_send_continue
                0x00000000       0x18 xnormidi-develop/midi.o
 .text.midi_send_activesense
                0x00000000       0x18 xnormidi-develop/midi.o
 .text.midi_send_reset
                0x00000000       0x18 xnormidi-develop/midi.o
 .text.midi_send_tcquarterframe
                0x00000000       0x1a xnormidi-develop/midi.o
 .text.midi_send_songposition
                0x00000000       0x2a xnormidi-develop/midi.o
 .text.midi_send_songselect
                0x00000000       0x1a xnormidi-develop/midi.o
 .text.midi_send_tunerequest
                0x00000000       0x18 xnormidi-develop/midi.o
 .text.midi_send_byte
                0x00000000       0x18 xnormidi-develop/midi.o
 .text.midi_send_data
                0x00000000        0xe xnormidi-develop/midi.o
 .text.midi_send_array
                0x00000000       0xa8 xnormidi-develop/midi.o
 .text.midi_register_cc_callback
                0x00000000        0x8 xnormidi-develop/midi.o
 .text.midi_register_aftertouch_callback
                0x00000000        0x8 xnormidi-develop/midi.o
 .text.midi_register_pitchbend_callback
                0x00000000        0x8 xnormidi-develop/midi.o
 .text.midi_register_songposition_callback
                0x00000000        0x8 xnormidi-develop/midi.o
 .text.midi_register_progchange_callback
                0x00000000        0x8 xnormidi-develop/midi.o
 .text.midi_register_chanpressure_callback
                0x00000000        0x8 xnormidi-develop/midi.o
 .text.midi_register_songselect_callback
                0x00000000        0x8 xnormidi-develop/midi.o
 .text.midi_register_tc_quarterframe_callback
                0x00000000        0x8 xnormidi-develop/midi.o
 .text.midi_register_tunerequest_callback
                0x00000000        0x8 xnormidi-develop/midi.o
 .text.midi_register_sysex_callback
                0x00000000        0x8 xnormidi-develop/midi.o
 .text.midi_register_fallthrough_callback
                0x00000000        0x8 xnormidi-develop/midi.o
 .text.midi_register_catchall_callback
                0x00000000        0x8 xnormidi-develop/midi.o
 .text          0x00000000        0x0 xnormidi-develop/midi_device.o
 .data          0x00000000        0x0 xnormidi-develop/midi_device.o
 .bss           0x00000000        0x0 xnormidi-develop/midi_device.o
 .text.midi_device_set_pre_input_process_func
                0x00000000        0x8 xnormidi-develop/midi_device.o
 .text          0x00000000        0x0 xnormidi-develop/sysex_tools.o
 .data          0x00000000        0x0 xnormidi-develop/sysex_tools.o
 .bss           0x00000000        0x0 xnormidi-develop/sysex_tools.o
 .text.sysex_encoded_length
                0x00000000       0x96 xnormidi-develop/sysex_tools.o
 .text.sysex_decoded_length
                0x00000000       0x54 xnormidi-develop/sysex_tools.o
 .text.sysex_encode
                0x00000000      0x1ac xnormidi-develop/sysex_tools.o
 .text.sysex_decode
                0x00000000      0x144 xnormidi-develop/sysex_tools.o
 .comment       0x00000000       0x31 xnormidi-develop/sysex_tools.o
 .text          0x00000000        0x0 c:/program files (x86)/atmel/studio/7.0/toolchain/avr8/avr8-gnu-toolchain/bin/../lib/gcc/avr/4.9.2/avr5\libgcc.a(_divmodhi4.o)
 .data          0x00000000        0x0 c:/program files (x86)/atmel/studio/7.0/toolchain/avr8/avr8-gnu-toolchain/bin/../lib/gcc/avr/4.9.2/avr5\libgcc.a(_divmodhi4.o)
 .bss           0x00000000        0x0 c:/program files (x86)/atmel/studio/7.0/toolchain/avr8/avr8-gnu-toolchain/bin/../lib/gcc/avr/4.9.2/avr5\libgcc.a(_divmodhi4.o)
 .text.libgcc.mul
                0x00000000        0x0 c:/program files (x86)/atmel/studio/7.0/toolchain/avr8/avr8-gnu-toolchain/bin/../lib/gcc/avr/4.9.2/avr5\libgcc.a(_divmodhi4.o)
 .text.libgcc   0x00000000        0x0 c:/program files (x86)/atmel/studio/7.0/toolchain/avr8/avr8-gnu-toolchain/bin/../lib/gcc/avr/4.9.2/avr5\libgcc.a(_divmodhi4.o)
 .text.libgcc.prologue
                0x00000000        0x0 c:/program files (x86)/atmel/studio/7.0/toolchain/avr8/avr8-gnu-toolchain/bin/../lib/gcc/avr/4.9.2/avr5\libgcc.a(_divmodhi4.o)
 .text.libgcc.builtins
                0x00000000        0x0 c:/program files (x86)/atmel/studio/7.0/toolchain/avr8/avr8-gnu-toolchain/bin/../lib/gcc/avr/4.9.2/avr5\libgcc.a(_divmodhi4.o)
 .text.libgcc.fmul
                0x00000000        0x0 c:/program files (x86)/atmel/studio/7.0/toolchain/avr8/avr8-gnu-toolchain/bin/../lib/gcc/avr/4.9.2/avr5\libgcc.a(_divmodhi4.o)
 .text.libgcc.fixed
                0x00000000        0x0 c:/program files (x86)/atmel/studio/7.0/toolchain/avr8/avr8-gnu-toolchain/bin/../lib/gcc/avr/4.9.2/avr5\libgcc.a(_divmodhi4.o)
 .text          0x00000000        0x0 c:/program files (x86)/atmel/studio/7.0/toolchain/avr8/avr8-gnu-toolchain/bin/../lib/gcc/avr/4.9.2/avr5\libgcc.a(_divmodsi4.o)
 .data          0x00000000        0x0 c:/program files (x86)/atmel/studio/7.0/toolchain/avr8/avr8-gnu-toolchain/bin/../lib/gcc/avr/4.9.2/avr5\libgcc.a(_divmodsi4.o)
 .bss           0x00000000        0x0 c:/program files (x86)/atmel/studio/7.0/toolchain/avr8/avr8-gnu-toolchain/bin/../lib/gcc/avr/4.9.2/avr5\libgcc.a(_divmodsi4.o)
 .text.libgcc.mul
                0x00000000        0x0 c:/program files (x86)/atmel/studio/7.0/toolchain/avr8/avr8-gnu-toolchain/bin/../lib/gcc/avr/4.9.2/avr5\libgcc.a(_divmodsi4.o)
 .text.libgcc   0x00000000        0x0 c:/program files (x86)/atmel/studio/7.0/toolchain/avr8/avr8-gnu-toolchain/bin/../lib/gcc/avr/4.9.2/avr5\libgcc.a(_divmodsi4.o)
 .text.libgcc.prologue
                0x00000000        0x0 c:/program files (x86)/atmel/studio/7.0/toolchain/avr8/avr8-gnu-toolchain/bin/../lib/gcc/avr/4.9.2/avr5\libgcc.a(_divmodsi4.o)
 .text.libgcc.builtins
                0x00000000        0x0 c:/program files (x86)/atmel/studio/7.0/toolchain/avr8/avr8-gnu-toolchain/bin/../lib/gcc/avr/4.9.2/avr5\libgcc.a(_divmodsi4.o)
 .text.libgcc.fmul
                0x00000000        0x0 c:/program files (x86)/atmel/studio/7.0/toolchain/avr8/avr8-gnu-toolchain/bin/../lib/gcc/avr/4.9.2/avr5\libgcc.a(_divmodsi4.o)
 .text.libgcc.fixed
                0x00000000        0x0 c:/program files (x86)/atmel/studio/7.0/toolchain/avr8/avr8-gnu-toolchain/bin/../lib/gcc/avr/4.9.2/avr5\libgcc.a(_divmodsi4.o)
 .text          0x00000000        0x0 c:/program files (x86)/atmel/studio/7.0/toolchain/avr8/avr8-gnu-toolchain/bin/../lib/gcc/avr/4.9.2/avr5\libgcc.a(_negsi2.o)
 .data          0x00000000        0x0 c:/program files (x86)/atmel/studio/7.0/toolchain/avr8/avr8-gnu-toolchain/bin/../lib/gcc/avr/4.9.2/avr5\libgcc.a(_negsi2.o)
 .bss           0x00000000        0x0 c:/program files (x86)/atmel/studio/7.0/toolchain/avr8/avr8-gnu-toolchain/bin/../lib/gcc/avr/4.9.2/avr5\libgcc.a(_negsi2.o)
 .text.libgcc.mul
                0x00000000        0x0 c:/program files (x86)/atmel/studio/7.0/toolchain/avr8/avr8-gnu-toolchain/bin/../lib/gcc/avr/4.9.2/avr5\libgcc.a(_negsi2.o)
 .text.libgcc   0x00000000        0x0 c:/program files (x86)/atmel/studio/7.0/toolchain/avr8/avr8-gnu-toolchain/bin/../lib/gcc/avr/4.9.2/avr5\libgcc.a(_negsi2.o)
 .text.libgcc.prologue
                0x00000000        0x0 c:/program files (x86)/atmel/studio/7.0/toolchain/avr8/avr8-gnu-toolchain/bin/../lib/gcc/avr/4.9.2/avr5\libgcc.a(_negsi2.o)
 .text.libgcc.builtins
                0x00000000        0x0 c:/program files (x86)/atmel/studio/7.0/toolchain/avr8/avr8-gnu-toolchain/bin/../lib/gcc/avr/4.9.2/avr5\libgcc.a(_negsi2.o)
 .text.libgcc.fmul
                0x00000000        0x0 c:/program files (x86)/atmel/studio/7.0/toolchain/avr8/avr8-gnu-toolchain/bin/../lib/gcc/avr/4.9.2/avr5\libgcc.a(_negsi2.o)
 .text.libgcc.fixed
                0x00000000        0x0 c:/program files (x86)/atmel/studio/7.0/toolchain/avr8/avr8-gnu-toolchain/bin/../lib/gcc/avr/4.9.2/avr5\libgcc.a(_negsi2.o)
 .text          0x00000000        0x0 c:/program files (x86)/atmel/studio/7.0/toolchain/avr8/avr8-gnu-toolchain/bin/../lib/gcc/avr/4.9.2/avr5\libgcc.a(_exit.o)
 .data          0x00000000        0x0 c:/program files (x86)/atmel/studio/7.0/toolchain/avr8/avr8-gnu-toolchain/bin/../lib/gcc/avr/4.9.2/avr5\libgcc.a(_exit.o)
 .bss           0x00000000        0x0 c:/program files (x86)/atmel/studio/7.0/toolchain/avr8/avr8-gnu-toolchain/bin/../lib/gcc/avr/4.9.2/avr5\libgcc.a(_exit.o)
 .text.libgcc.mul
                0x00000000        0x0 c:/program files (x86)/atmel/studio/7.0/toolchain/avr8/avr8-gnu-toolchain/bin/../lib/gcc/avr/4.9.2/avr5\libgcc.a(_exit.o)
 .text.libgcc.div
                0x00000000        0x0 c:/program files (x86)/atmel/studio/7.0/toolchain/avr8/avr8-gnu-toolchain/bin/../lib/gcc/avr/4.9.2/avr5\libgcc.a(_exit.o)
 .text.libgcc   0x00000000        0x0 c:/program files (x86)/atmel/studio/7.0/toolchain/avr8/avr8-gnu-toolchain/bin/../lib/gcc/avr/4.9.2/avr5\libgcc.a(_exit.o)
 .text.libgcc.prologue
                0x00000000        0x0 c:/program files (x86)/atmel/studio/7.0/toolchain/avr8/avr8-gnu-toolchain/bin/../lib/gcc/avr/4.9.2/avr5\libgcc.a(_exit.o)
 .text.libgcc.builtins
                0x00000000        0x0 c:/program files (x86)/atmel/studio/7.0/toolchain/avr8/avr8-gnu-toolchain/bin/../lib/gcc/avr/4.9.2/avr5\libgcc.a(_exit.o)
 .text.libgcc.fmul
                0x00000000        0x0 c:/program files (x86)/atmel/studio/7.0/toolchain/avr8/avr8-gnu-toolchain/bin/../lib/gcc/avr/4.9.2/avr5\libgcc.a(_exit.o)
 .text.libgcc.fixed
                0x00000000        0x0 c:/program files (x86)/atmel/studio/7.0/toolchain/avr8/avr8-gnu-toolchain/bin/../lib/gcc/avr/4.9.2/avr5\libgcc.a(_exit.o)
 .text          0x00000000        0x0 c:/program files (x86)/atmel/studio/7.0/toolchain/avr8/avr8-gnu-toolchain/bin/../lib/gcc/avr/4.9.2/avr5\libgcc.a(_tablejump2.o)
 .data          0x00000000        0x0 c:/program files (x86)/atmel/studio/7.0/toolchain/avr8/avr8-gnu-toolchain/bin/../lib/gcc/avr/4.9.2/avr5\libgcc.a(_tablejump2.o)
 .bss           0x00000000        0x0 c:/program files (x86)/atmel/studio/7.0/toolchain/avr8/avr8-gnu-toolchain/bin/../lib/gcc/avr/4.9.2/avr5\libgcc.a(_tablejump2.o)
 .text.libgcc.mul
                0x00000000        0x0 c:/program files (x86)/atmel/studio/7.0/toolchain/avr8/avr8-gnu-toolchain/bin/../lib/gcc/avr/4.9.2/avr5\libgcc.a(_tablejump2.o)
 .text.libgcc.div
                0x00000000        0x0 c:/program files (x86)/atmel/studio/7.0/toolchain/avr8/avr8-gnu-toolchain/bin/../lib/gcc/avr/4.9.2/avr5\libgcc.a(_tablejump2.o)
 .text.libgcc.prologue
                0x00000000        0x0 c:/program files (x86)/atmel/studio/7.0/toolchain/avr8/avr8-gnu-toolchain/bin/../lib/gcc/avr/4.9.2/avr5\libgcc.a(_tablejump2.o)
 .text.libgcc.builtins
                0x00000000        0x0 c:/program files (x86)/atmel/studio/7.0/toolchain/avr8/avr8-gnu-toolchain/bin/../lib/gcc/avr/4.9.2/avr5\libgcc.a(_tablejump2.o)
 .text.libgcc.fmul
                0x00000000        0x0 c:/program files (x86)/atmel/studio/7.0/toolchain/avr8/avr8-gnu-toolchain/bin/../lib/gcc/avr/4.9.2/avr5\libgcc.a(_tablejump2.o)
 .text.libgcc.fixed
                0x00000000        0x0 c:/program files (x86)/atmel/studio/7.0/toolchain/avr8/avr8-gnu-toolchain/bin/../lib/gcc/avr/4.9.2/avr5\libgcc.a(_tablejump2.o)
 .text          0x00000000        0x0 c:/program files (x86)/atmel/studio/7.0/toolchain/avr8/avr8-gnu-toolchain/bin/../lib/gcc/avr/4.9.2/avr5\libgcc.a(_copy_data.o)
 .data          0x00000000        0x0 c:/program files (x86)/atmel/studio/7.0/toolchain/avr8/avr8-gnu-toolchain/bin/../lib/gcc/avr/4.9.2/avr5\libgcc.a(_copy_data.o)
 .bss           0x00000000        0x0 c:/program files (x86)/atmel/studio/7.0/toolchain/avr8/avr8-gnu-toolchain/bin/../lib/gcc/avr/4.9.2/avr5\libgcc.a(_copy_data.o)
 .text.libgcc.mul
                0x00000000        0x0 c:/program files (x86)/atmel/studio/7.0/toolchain/avr8/avr8-gnu-toolchain/bin/../lib/gcc/avr/4.9.2/avr5\libgcc.a(_copy_data.o)
 .text.libgcc.div
                0x00000000        0x0 c:/program files (x86)/atmel/studio/7.0/toolchain/avr8/avr8-gnu-toolchain/bin/../lib/gcc/avr/4.9.2/avr5\libgcc.a(_copy_data.o)
 .text.libgcc   0x00000000        0x0 c:/program files (x86)/atmel/studio/7.0/toolchain/avr8/avr8-gnu-toolchain/bin/../lib/gcc/avr/4.9.2/avr5\libgcc.a(_copy_data.o)
 .text.libgcc.prologue
                0x00000000        0x0 c:/program files (x86)/atmel/studio/7.0/toolchain/avr8/avr8-gnu-toolchain/bin/../lib/gcc/avr/4.9.2/avr5\libgcc.a(_copy_data.o)
 .text.libgcc.builtins
                0x00000000        0x0 c:/program files (x86)/atmel/studio/7.0/toolchain/avr8/avr8-gnu-toolchain/bin/../lib/gcc/avr/4.9.2/avr5\libgcc.a(_copy_data.o)
 .text.libgcc.fmul
                0x00000000        0x0 c:/program files (x86)/atmel/studio/7.0/toolchain/avr8/avr8-gnu-toolchain/bin/../lib/gcc/avr/4.9.2/avr5\libgcc.a(_copy_data.o)
 .text.libgcc.fixed
                0x00000000        0x0 c:/program files (x86)/atmel/studio/7.0/toolchain/avr8/avr8-gnu-toolchain/bin/../lib/gcc/avr/4.9.2/avr5\libgcc.a(_copy_data.o)
 .text          0x00000000        0x0 c:/program files (x86)/atmel/studio/7.0/toolchain/avr8/avr8-gnu-toolchain/bin/../lib/gcc/avr/4.9.2/avr5\libgcc.a(_clear_bss.o)
 .data          0x00000000        0x0 c:/program files (x86)/atmel/studio/7.0/toolchain/avr8/avr8-gnu-toolchain/bin/../lib/gcc/avr/4.9.2/avr5\libgcc.a(_clear_bss.o)
 .bss           0x00000000        0x0 c:/program files (x86)/atmel/studio/7.0/toolchain/avr8/avr8-gnu-toolchain/bin/../lib/gcc/avr/4.9.2/avr5\libgcc.a(_clear_bss.o)
 .text.libgcc.mul
                0x00000000        0x0 c:/program files (x86)/atmel/studio/7.0/toolchain/avr8/avr8-gnu-toolchain/bin/../lib/gcc/avr/4.9.2/avr5\libgcc.a(_clear_bss.o)
 .text.libgcc.div
                0x00000000        0x0 c:/program files (x86)/atmel/studio/7.0/toolchain/avr8/avr8-gnu-toolchain/bin/../lib/gcc/avr/4.9.2/avr5\libgcc.a(_clear_bss.o)
 .text.libgcc   0x00000000        0x0 c:/program files (x86)/atmel/studio/7.0/toolchain/avr8/avr8-gnu-toolchain/bin/../lib/gcc/avr/4.9.2/avr5\libgcc.a(_clear_bss.o)
 .text.libgcc.prologue
                0x00000000        0x0 c:/program files (x86)/atmel/studio/7.0/toolchain/avr8/avr8-gnu-toolchain/bin/../lib/gcc/avr/4.9.2/avr5\libgcc.a(_clear_bss.o)
 .text.libgcc.builtins
                0x00000000        0x0 c:/program files (x86)/atmel/studio/7.0/toolchain/avr8/avr8-gnu-toolchain/bin/../lib/gcc/avr/4.9.2/avr5\libgcc.a(_clear_bss.o)
 .text.libgcc.fmul
                0x00000000        0x0 c:/program files (x86)/atmel/studio/7.0/toolchain/avr8/avr8-gnu-toolchain/bin/../lib/gcc/avr/4.9.2/avr5\libgcc.a(_clear_bss.o)
 .text.libgcc.fixed
                0x00000000        0x0 c:/program files (x86)/atmel/studio/7.0/toolchain/avr8/avr8-gnu-toolchain/bin/../lib/gcc/avr/4.9.2/avr5\libgcc.a(_clear_bss.o)
 .text          0x00000000        0x0 c:/program files (x86)/atmel/studio/7.0/toolchain/avr8/avr8-gnu-toolchain/bin/../lib/gcc/avr/4.9.2/avr5\libgcc.a(_umulhisi3.o)
 .data          0x00000000        0x0 c:/program files (x86)/atmel/studio/7.0/toolchain/avr8/avr8-gnu-toolchain/bin/../lib/gcc/avr/4.9.2/avr5\libgcc.a(_umulhisi3.o)
 .bss           0x00000000        0x0 c:/program files (x86)/atmel/studio/7.0/toolchain/avr8/avr8-gnu-toolchain/bin/../lib/gcc/avr/4.9.2/avr5\libgcc.a(_umulhisi3.o)
 .text.libgcc.div
                0x00000000        0x0 c:/program files (x86)/atmel/studio/7.0/toolchain/avr8/avr8-gnu-toolchain/bin/../lib/gcc/avr/4.9.2/avr5\libgcc.a(_umulhisi3.o)
 .text.libgcc   0x00000000        0x0 c:/program files (x86)/atmel/studio/7.0/toolchain/avr8/avr8-gnu-toolchain/bin/../lib/gcc/avr/4.9.2/avr5\libgcc.a(_umulhisi3.o)
 .text.libgcc.prologue
                0x00000000        0x0 c:/program files (x86)/atmel/studio/7.0/toolchain/avr8/avr8-gnu-toolchain/bin/../lib/gcc/avr/4.9.2/avr5\libgcc.a(_umulhisi3.o)
 .text.libgcc.builtins
                0x00000000        0x0 c:/program files (x86)/atmel/studio/7.0/toolchain/avr8/avr8-gnu-toolchain/bin/../lib/gcc/avr/4.9.2/avr5\libgcc.a(_umulhisi3.o)
 .text.libgcc.fmul
                0x00000000        0x0 c:/program files (x86)/atmel/studio/7.0/toolchain/avr8/avr8-gnu-toolchain/bin/../lib/gcc/avr/4.9.2/avr5\libgcc.a(_umulhisi3.o)
 .text.libgcc.fixed
                0x00000000        0x0 c:/program files (x86)/atmel/studio/7.0/toolchain/avr8/avr8-gnu-toolchain/bin/../lib/gcc/avr/4.9.2/avr5\libgcc.a(_umulhisi3.o)
 .text          0x00000000        0x0 c:/program files (x86)/atmel/studio/7.0/toolchain/avr8/avr8-gnu-toolchain/bin/../lib/gcc/avr/4.9.2/avr5\libgcc.a(_udivmodhi4.o)
 .data          0x00000000        0x0 c:/program files (x86)/atmel/studio/7.0/toolchain/avr8/avr8-gnu-toolchain/bin/../lib/gcc/avr/4.9.2/avr5\libgcc.a(_udivmodhi4.o)
 .bss           0x00000000        0x0 c:/program files (x86)/atmel/studio/7.0/toolchain/avr8/avr8-gnu-toolchain/bin/../lib/gcc/avr/4.9.2/avr5\libgcc.a(_udivmodhi4.o)
 .text.libgcc.mul
                0x00000000        0x0 c:/program files (x86)/atmel/studio/7.0/toolchain/avr8/avr8-gnu-toolchain/bin/../lib/gcc/avr/4.9.2/avr5\libgcc.a(_udivmodhi4.o)
 .text.libgcc   0x00000000        0x0 c:/program files (x86)/atmel/studio/7.0/toolchain/avr8/avr8-gnu-toolchain/bin/../lib/gcc/avr/4.9.2/avr5\libgcc.a(_udivmodhi4.o)
 .text.libgcc.prologue
                0x00000000        0x0 c:/program files (x86)/atmel/studio/7.0/toolchain/avr8/avr8-gnu-toolchain/bin/../lib/gcc/avr/4.9.2/avr5\libgcc.a(_udivmodhi4.o)
 .text.libgcc.builtins
                0x00000000        0x0 c:/program files (x86)/atmel/studio/7.0/toolchain/avr8/avr8-gnu-toolchain/bin/../lib/gcc/avr/4.9.2/avr5\libgcc.a(_udivmodhi4.o)
 .text.libgcc.fmul
                0x00000000        0x0 c:/program files (x86)/atmel/studio/7.0/toolchain/avr8/avr8-gnu-toolchain/bin/../lib/gcc/avr/4.9.2/avr5\libgcc.a(_udivmodhi4.o)
 .text.libgcc.fixed
                0x00000000        0x0 c:/program files (x86)/atmel/studio/7.0/toolchain/avr8/avr8-gnu-toolchain/bin/../lib/gcc/avr/4.9.2/avr5\libgcc.a(_udivmodhi4.o)
 .text          0x00000000        0x0 c:/program files (x86)/atmel/studio/7.0/toolchain/avr8/avr8-gnu-toolchain/bin/../lib/gcc/avr/4.9.2/avr5\libgcc.a(_udivmodsi4.o)
 .data          0x00000000        0x0 c:/program files (x86)/atmel/studio/7.0/toolchain/avr8/avr8-gnu-toolchain/bin/../lib/gcc/avr/4.9.2/avr5\libgcc.a(_udivmodsi4.o)
 .bss           0x00000000        0x0 c:/program files (x86)/atmel/studio/7.0/toolchain/avr8/avr8-gnu-toolchain/bin/../lib/gcc/avr/4.9.2/avr5\libgcc.a(_udivmodsi4.o)
 .text.libgcc.mul
                0x00000000        0x0 c:/program files (x86)/atmel/studio/7.0/toolchain/avr8/avr8-gnu-toolchain/bin/../lib/gcc/avr/4.9.2/avr5\libgcc.a(_udivmodsi4.o)
 .text.libgcc   0x00000000        0x0 c:/program files (x86)/atmel/studio/7.0/toolchain/avr8/avr8-gnu-toolchain/bin/../lib/gcc/avr/4.9.2/avr5\libgcc.a(_udivmodsi4.o)
 .text.libgcc.prologue
                0x00000000        0x0 c:/program files (x86)/atmel/studio/7.0/toolchain/avr8/avr8-gnu-toolchain/bin/../lib/gcc/avr/4.9.2/avr5\libgcc.a(_udivmodsi4.o)
 .text.libgcc.builtins
                0x00000000        0x0 c:/program files (x86)/atmel/studio/7.0/toolchain/avr8/avr8-gnu-toolchain/bin/../lib/gcc/avr/4.9.2/avr5\libgcc.a(_udivmodsi4.o)
 .text.libgcc.fmul
                0x00000000        0x0 c:/program files (x86)/atmel/studio/7.0/toolchain/avr8/avr8-gnu-toolchain/bin/../lib/gcc/avr/4.9.2/avr5\libgcc.a(_udivmodsi4.o)
 .text.libgcc.fixed
                0x00000000        0x0 c:/program files (x86)/atmel/studio/7.0/toolchain/avr8/avr8-gnu-toolchain/bin/../lib/gcc/avr/4.9.2/avr5\libgcc.a(_udivmodsi4.o)
 .text          0x00000000        0x0 c:/program files (x86)/atmel/studio/7.0/toolchain/avr8/avr8-gnu-toolchain/bin/../lib/gcc/avr/4.9.2/../../../../avr/lib/avr5\libc.a(memcpy.o)
 .data          0x00000000        0x0 c:/program files (x86)/atmel/studio/7.0/toolchain/avr8/avr8-gnu-toolchain/bin/../lib/gcc/avr/4.9.2/../../../../avr/lib/avr5\libc.a(memcpy.o)
 .bss           0x00000000        0x0 c:/program files (x86)/atmel/studio/7.0/toolchain/avr8/avr8-gnu-toolchain/bin/../lib/gcc/avr/4.9.2/../../../../avr/lib/avr5\libc.a(memcpy.o)

Memory Configuration

Name             Origin             Length             Attributes
text             0x00000000         0x00020000         xr
data             0x00800060         0x0000ffa0         rw !x
eeprom           0x00810000         0x00010000         rw !x
fuse             0x00820000         0x00000400         rw !x
lock             0x00830000         0x00000400         rw !x
signature        0x00840000         0x00000400         rw !x
user_signatures  0x00850000         0x00000400         rw !x
*default*        0x00000000         0xffffffff

Linker script and memory map

Address of section .data set to 0x800100
LOAD C:/Program Files (x86)/Atmel/Studio/7.0/Packs/atmel/ATmega_DFP/1.0.98/gcc/dev/atmega328pb/avr5/crtatmega328pb.o
LOAD twi_eeprom.o
LOAD adc.o
LOAD clock.o
LOAD drums.o
LOAD interrupts.o
LOAD leds.o
LOAD main.o
LOAD midi.o
LOAD mode.o
LOAD sequencer.o
LOAD spi.o
LOAD switches.o
LOAD twi.o
LOAD xnormidi-develop/bytequeue/bytequeue.o
LOAD xnormidi-develop/bytequeue/interrupt_setting.o
LOAD xnormidi-develop/midi.o
LOAD xnormidi-develop/midi_device.o
LOAD xnormidi-develop/sysex_tools.o
START GROUP
LOAD c:/program files (x86)/atmel/studio/7.0/toolchain/avr8/avr8-gnu-toolchain/bin/../lib/gcc/avr/4.9.2/../../../../avr/lib/avr5\libm.a
END GROUP
START GROUP
LOAD c:/program files (x86)/atmel/studio/7.0/toolchain/avr8/avr8-gnu-toolchain/bin/../lib/gcc/avr/4.9.2/avr5\libgcc.a
LOAD c:/program files (x86)/atmel/studio/7.0/toolchain/avr8/avr8-gnu-toolchain/bin/../lib/gcc/avr/4.9.2/../../../../avr/lib/avr5\libm.a
LOAD c:/program files (x86)/atmel/studio/7.0/toolchain/avr8/avr8-gnu-toolchain/bin/../lib/gcc/avr/4.9.2/../../../../avr/lib/avr5\libc.a
LOAD C:/Program Files (x86)/Atmel/Studio/7.0/Packs/atmel/ATmega_DFP/1.0.98/gcc/dev/atmega328pb/avr5\libatmega328pb.a
END GROUP

.hash
 *(.hash)

.dynsym
 *(.dynsym)

.dynstr
 *(.dynstr)

.gnu.version
 *(.gnu.version)

.gnu.version_d
 *(.gnu.version_d)

.gnu.version_r
 *(.gnu.version_r)

.rel.init
 *(.rel.init)

.rela.init
 *(.rela.init)

.rel.text
 *(.rel.text)
 *(.rel.text.*)
 *(.rel.gnu.linkonce.t*)

.rela.text
 *(.rela.text)
 *(.rela.text.*)
 *(.rela.gnu.linkonce.t*)

.rel.fini
 *(.rel.fini)

.rela.fini
 *(.rela.fini)

.rel.rodata
 *(.rel.rodata)
 *(.rel.rodata.*)
 *(.rel.gnu.linkonce.r*)

.rela.rodata
 *(.rela.rodata)
 *(.rela.rodata.*)
 *(.rela.gnu.linkonce.r*)

.rel.data
 *(.rel.data)
 *(.rel.data.*)
 *(.rel.gnu.linkonce.d*)

.rela.data
 *(.rela.data)
 *(.rela.data.*)
 *(.rela.gnu.linkonce.d*)

.rel.ctors
 *(.rel.ctors)

.rela.ctors
 *(.rela.ctors)

.rel.dtors
 *(.rel.dtors)

.rela.dtors
 *(.rela.dtors)

.rel.got
 *(.rel.got)

.rela.got
 *(.rela.got)

.rel.bss
 *(.rel.bss)

.rela.bss
 *(.rela.bss)

.rel.plt
 *(.rel.plt)

.rela.plt
 *(.rela.plt)

.text           0x00000000     0x546c
 *(.vectors)
 .vectors       0x00000000       0xb4 C:/Program Files (x86)/Atmel/Studio/7.0/Packs/atmel/ATmega_DFP/1.0.98/gcc/dev/atmega328pb/avr5/crtatmega328pb.o
                0x00000000                __vector_default
                0x00000000                __vectors
 *(.vectors)
 *(.progmem.gcc*)
 .progmem.gcc_sw_table.__vector_24
                0x000000b4      0x182 twi.o
 .progmem.gcc_sw_table.midi_packet_length
                0x00000236       0x1e xnormidi-develop/midi.o
                0x00000254                . = ALIGN (0x2)
                0x00000254                __trampolines_start = .
 *(.trampolines)
 .trampolines   0x00000254        0x0 linker stubs
 *(.trampolines*)
                0x00000254                __trampolines_end = .
 *(.progmem*)
                0x00000254                . = ALIGN (0x2)
 *(.jumptables)
 *(.jumptables*)
 *(.lowtext)
 *(.lowtext*)
                0x00000254                __ctors_start = .
 *(.ctors)
                0x00000254                __ctors_end = .
                0x00000254                __dtors_start = .
 *(.dtors)
                0x00000254                __dtors_end = .
 SORT(*)(.ctors)
 SORT(*)(.dtors)
 *(.init0)
 .init0         0x00000254        0x0 C:/Program Files (x86)/Atmel/Studio/7.0/Packs/atmel/ATmega_DFP/1.0.98/gcc/dev/atmega328pb/avr5/crtatmega328pb.o
                0x00000254                __init
 *(.init0)
 *(.init1)
 *(.init1)
 *(.init2)
 .init2         0x00000254        0xc C:/Program Files (x86)/Atmel/Studio/7.0/Packs/atmel/ATmega_DFP/1.0.98/gcc/dev/atmega328pb/avr5/crtatmega328pb.o
 *(.init2)
 *(.init3)
 *(.init3)
 *(.init4)
 .init4         0x00000260       0x16 c:/program files (x86)/atmel/studio/7.0/toolchain/avr8/avr8-gnu-toolchain/bin/../lib/gcc/avr/4.9.2/avr5\libgcc.a(_copy_data.o)
                0x00000260                __do_copy_data
 .init4         0x00000276       0x10 c:/program files (x86)/atmel/studio/7.0/toolchain/avr8/avr8-gnu-toolchain/bin/../lib/gcc/avr/4.9.2/avr5\libgcc.a(_clear_bss.o)
                0x00000276                __do_clear_bss
 *(.init4)
 *(.init5)
 *(.init5)
 *(.init6)
 *(.init6)
 *(.init7)
 *(.init7)
 *(.init8)
 *(.init8)
 *(.init9)
 .init9         0x00000286        0x8 C:/Program Files (x86)/Atmel/Studio/7.0/Packs/atmel/ATmega_DFP/1.0.98/gcc/dev/atmega328pb/avr5/crtatmega328pb.o
 *(.init9)
 *(.text)
 .text          0x0000028e        0x4 C:/Program Files (x86)/Atmel/Studio/7.0/Packs/atmel/ATmega_DFP/1.0.98/gcc/dev/atmega328pb/avr5/crtatmega328pb.o
                0x0000028e                __vector_38
                0x0000028e                __vector_22
                0x0000028e                __vector_28
                0x0000028e                __vector_32
                0x0000028e                __vector_34
                0x0000028e                __vector_12
                0x0000028e                __bad_interrupt
                0x0000028e                __vector_6
                0x0000028e                __vector_31
                0x0000028e                __vector_35
                0x0000028e                __vector_39
                0x0000028e                __vector_3
                0x0000028e                __vector_23
                0x0000028e                __vector_30
                0x0000028e                __vector_25
                0x0000028e                __vector_13
                0x0000028e                __vector_17
                0x0000028e                __vector_41
                0x0000028e                __vector_43
                0x0000028e                __vector_27
                0x0000028e                __vector_37
                0x0000028e                __vector_4
                0x0000028e                __vector_44
                0x0000028e                __vector_9
                0x0000028e                __vector_21
                0x0000028e                __vector_15
                0x0000028e                __vector_36
                0x0000028e                __vector_29
                0x0000028e                __vector_40
                0x0000028e                __vector_8
                0x0000028e                __vector_26
                0x0000028e                __vector_10
                0x0000028e                __vector_16
                0x0000028e                __vector_20
                0x00000292                . = ALIGN (0x2)
 *(.text.*)
 .text.handle_TWI_result
                0x00000292       0x44 twi_eeprom.o
                0x00000292                handle_TWI_result
 .text.eeprom_init
                0x000002d6       0x70 twi_eeprom.o
                0x000002d6                eeprom_init
 .text.read_pattern
                0x00000346       0x62 twi_eeprom.o
                0x00000346                read_pattern
 .text.start_write_current_pattern
                0x000003a8       0x62 twi_eeprom.o
                0x000003a8                start_write_current_pattern
 .text.write_pattern_page
                0x0000040a       0x76 twi_eeprom.o
                0x0000040a                write_pattern_page
 .text.write_next_pattern_page
                0x00000480       0x4e twi_eeprom.o
                0x00000480                write_next_pattern_page
 .text.eeprom_read_rhythm_track
                0x000004ce       0x62 twi_eeprom.o
                0x000004ce                eeprom_read_rhythm_track
 .text.eeprom_write_rhythm_track
                0x00000530       0x52 twi_eeprom.o
                0x00000530                eeprom_write_rhythm_track
 .text.setup_adc
                0x00000582       0x2c adc.o
                0x00000582                setup_adc
 .text.read_tempo_pot
                0x000005ae       0x1a adc.o
                0x000005ae                read_tempo_pot
 .text.setup_clock
                0x000005c8       0x28 clock.o
                0x000005c8                setup_clock
 .text.update_clock_rate
                0x000005f0       0x22 clock.o
                0x000005f0                update_clock_rate
 .text.process_external_clock_event
                0x00000612       0x76 clock.o
                0x00000612                process_external_clock_event
 .text.process_external_sync_pulse
                0x00000688       0x8e clock.o
                0x00000688                process_external_sync_pulse
 .text.clear_all_trigs
                0x00000716       0x1a drums.o
                0x00000716                clear_all_trigs
 .text.trigger_drum
                0x00000730       0xca drums.o
                0x00000730                trigger_drum
 .text.trigger_roll
                0x000007fa       0xd0 drums.o
                0x000007fa                trigger_roll
 .text.trigger_step
                0x000008ca      0x308 drums.o
                0x000008ca                trigger_step
 .text.live_hits
                0x00000bd2      0x10a drums.o
                0x00000bd2                live_hits
 .text.__vector_2
                0x00000cdc       0x7a interrupts.o
                0x00000cdc                __vector_2
 .text.__vector_1
                0x00000d56       0x5a interrupts.o
                0x00000d56                __vector_1
 .text.__vector_5
                0x00000db0       0x66 interrupts.o
                0x00000db0                __vector_5
 .text.__vector_14
                0x00000e16       0xce interrupts.o
                0x00000e16                __vector_14
 .text.__vector_7
                0x00000ee4       0x2a interrupts.o
                0x00000ee4                __vector_7
 .text.__vector_33
                0x00000f0e       0x14 interrupts.o
                0x00000f0e                __vector_33
 .text.__vector_42
                0x00000f22       0x14 interrupts.o
                0x00000f22                __vector_42
 .text.__vector_11
                0x00000f36       0xf4 interrupts.o
                0x00000f36                __vector_11
 .text.__vector_18
                0x0000102a       0x6a interrupts.o
                0x0000102a                __vector_18
 .text.__vector_19
                0x00001094       0x7e interrupts.o
                0x00001094                __vector_19
 .text.turn_on  0x00001112       0x36 leds.o
                0x00001112                turn_on
 .text.turn_off
                0x00001148       0x38 leds.o
                0x00001148                turn_off
 .text.toggle   0x00001180       0x1e leds.o
                0x00001180                toggle
 .text.turn_off_all_inst_leds
                0x0000119e       0x1e leds.o
                0x0000119e                turn_off_all_inst_leds
 .text.show_mutes
                0x000011bc       0x54 leds.o
                0x000011bc                show_mutes
 .text.update_inst_leds
                0x00001210      0x112 leds.o
                0x00001210                update_inst_leds
 .text.update_inst_led_mask
                0x00001322      0x12a leds.o
                0x00001322                update_inst_led_mask
 .text.update_prescale_leds
                0x0000144c       0x96 leds.o
                0x0000144c                update_prescale_leds
 .text.refresh_step_leds
                0x000014e2        0xa leds.o
                0x000014e2                refresh_step_leds
 .text.refresh  0x000014ec       0x62 main.o
                0x000014ec                refresh
 .text.main     0x0000154e      0x1c6 main.o
                0x0000154e                main
 .text.midi_send
                0x00001714       0x48 midi.o
                0x00001714                midi_send
 .text.setup_midi_usart
                0x0000175c       0x2e midi.o
                0x0000175c                setup_midi_usart
 .text.note_on_event
                0x0000178a       0x34 midi.o
                0x0000178a                note_on_event
 .text.note_off_event
                0x000017be        0x2 midi.o
                0x000017be                note_off_event
 .text.real_time_event
                0x000017c0       0x3a midi.o
                0x000017c0                real_time_event
 .text.update_mode
                0x000017fa      0x236 mode.o
                0x000017fa                update_mode
 .text.update_fill_mode
                0x00001a30      0x238 mode.o
                0x00001a30                update_fill_mode
 .text.update_tempo
                0x00001c68       0x48 sequencer.o
                0x00001c68                update_tempo
 .text.show_current_measure
                0x00001cb0       0x4e sequencer.o
                0x00001cb0                show_current_measure
 .text.process_tick
                0x00001cfe      0x1fa sequencer.o
                0x00001cfe                process_tick
 .text.process_start
                0x00001ef8      0x148 sequencer.o
                0x00001ef8                process_start
 .text.update_shuffle
                0x00002040       0x94 sequencer.o
                0x00002040                update_shuffle
 .text.update_prescale
                0x000020d4       0x66 sequencer.o
                0x000020d4                update_prescale
 .text.toggle_variation
                0x0000213a       0x58 sequencer.o
                0x0000213a                toggle_variation
 .text.read_next_pattern
                0x00002192       0xf4 sequencer.o
                0x00002192                read_next_pattern
 .text.process_stop
                0x00002286      0x16a sequencer.o
                0x00002286                process_stop
 .text.update_fill
                0x000023f0      0x126 sequencer.o
                0x000023f0                update_fill
 .text.process_new_measure
                0x00002516      0x36e sequencer.o
                0x00002516                process_new_measure
 .text.check_tap
                0x00002884      0x22a sequencer.o
                0x00002884                check_tap
 .text.process_step
                0x00002aae      0x690 sequencer.o
                0x00002aae                process_step
 .text.read_rhythm_track
                0x0000313e       0x5c sequencer.o
                0x0000313e                read_rhythm_track
 .text.write_rhythm_track
                0x0000319a       0x7c sequencer.o
                0x0000319a                write_rhythm_track
 .text.update_rhythm_track
                0x00003216       0xba sequencer.o
                0x00003216                update_rhythm_track
 .text.delete_track_pattern
                0x000032d0       0x4c sequencer.o
                0x000032d0                delete_track_pattern
 .text.insert_track_pattern
                0x0000331c       0x38 sequencer.o
                0x0000331c                insert_track_pattern
 .text.update_step_board
                0x00003354      0x9ae sequencer.o
                0x00003354                update_step_board
 .text.spi_shift_byte
                0x00003d02       0x14 spi.o
                0x00003d02                spi_shift_byte
 .text.update_spi
                0x00003d16       0x48 spi.o
                0x00003d16                update_spi
 .text.read_switches
                0x00003d5e       0xae spi.o
                0x00003d5e                read_switches
 .text.parse_switch_data
                0x00003e0c       0x4a switches.o
                0x00003e0c                parse_switch_data
 .text.check_write_sw
                0x00003e56      0x1ac switches.o
                0x00003e56                check_write_sw
 .text.check_start_stop_tap
                0x00004002       0x82 switches.o
                0x00004002                check_start_stop_tap
 .text.check_variation_switches
                0x00004084       0x80 switches.o
                0x00004084                check_variation_switches
 .text.check_clear_switch
                0x00004104      0x1da switches.o
                0x00004104                check_clear_switch
 .text.check_step_press
                0x000042de       0x38 switches.o
                0x000042de                check_step_press
 .text.check_intro_fill_variation_switch
                0x00004316       0xfa switches.o
                0x00004316                check_intro_fill_variation_switch
 .text.assign_triggers
                0x00004410      0x15c switches.o
                0x00004410                assign_triggers
 .text.assign_mutes
                0x0000456c      0x17c switches.o
                0x0000456c                assign_mutes
 .text.process_inst_press
                0x000046e8       0x74 switches.o
                0x000046e8                process_inst_press
 .text.check_inst_switches
                0x0000475c      0x17a switches.o
                0x0000475c                check_inst_switches
 .text.TWI_init
                0x000048d6       0x62 twi.o
                0x000048d6                TWI_init
 .text.TWI_master_start_write
                0x00004938       0x44 twi.o
                0x00004938                TWI_master_start_write
 .text.TWI_master_start_write_then_read
                0x0000497c       0x6e twi.o
                0x0000497c                TWI_master_start_write_then_read
 .text.__vector_24
                0x000049ea      0x2c2 twi.o
                0x000049ea                __vector_24
 .text.bytequeue_init
                0x00004cac        0xe xnormidi-develop/bytequeue/bytequeue.o
                0x00004cac                bytequeue_init
 .text.bytequeue_enqueue
                0x00004cba       0x6c xnormidi-develop/bytequeue/bytequeue.o
                0x00004cba                bytequeue_enqueue
 .text.bytequeue_length
                0x00004d26       0x2c xnormidi-develop/bytequeue/bytequeue.o
                0x00004d26                bytequeue_length
 .text.bytequeue_get
                0x00004d52       0x24 xnormidi-develop/bytequeue/bytequeue.o
                0x00004d52                bytequeue_get
 .text.bytequeue_remove
                0x00004d76       0x36 xnormidi-develop/bytequeue/bytequeue.o
                0x00004d76                bytequeue_remove
 .text.store_and_clear_interrupt
                0x00004dac        0x6 xnormidi-develop/bytequeue/interrupt_setting.o
                0x00004dac                store_and_clear_interrupt
 .text.restore_interrupt_setting
                0x00004db2        0x4 xnormidi-develop/bytequeue/interrupt_setting.o
                0x00004db2                restore_interrupt_setting
 .text.midi_is_statusbyte
                0x00004db6        0x8 xnormidi-develop/midi.o
                0x00004db6                midi_is_statusbyte
 .text.midi_is_realtime
                0x00004dbe        0xc xnormidi-develop/midi.o
                0x00004dbe                midi_is_realtime
 .text.midi_packet_length
                0x00004dca       0x66 xnormidi-develop/midi.o
                0x00004dca                midi_packet_length
 .text.midi_send_clock
                0x00004e30       0x18 xnormidi-develop/midi.o
                0x00004e30                midi_send_clock
 .text.midi_send_start
                0x00004e48       0x18 xnormidi-develop/midi.o
                0x00004e48                midi_send_start
 .text.midi_send_stop
                0x00004e60       0x18 xnormidi-develop/midi.o
                0x00004e60                midi_send_stop
 .text.midi_register_noteon_callback
                0x00004e78        0x8 xnormidi-develop/midi.o
                0x00004e78                midi_register_noteon_callback
 .text.midi_register_noteoff_callback
                0x00004e80        0x8 xnormidi-develop/midi.o
                0x00004e80                midi_register_noteoff_callback
 .text.midi_register_realtime_callback
                0x00004e88        0x8 xnormidi-develop/midi.o
                0x00004e88                midi_register_realtime_callback
 .text.midi_device_init
                0x00004e90       0x62 xnormidi-develop/midi_device.o
                0x00004e90                midi_device_init
 .text.midi_device_input
                0x00004ef2       0x44 xnormidi-develop/midi_device.o
                0x00004ef2                midi_device_input
 .text.midi_device_set_send_func
                0x00004f36        0x8 xnormidi-develop/midi_device.o
                0x00004f36                midi_device_set_send_func
 .text.midi_input_callbacks
                0x00004f3e      0x228 xnormidi-develop/midi_device.o
                0x00004f3e                midi_input_callbacks
 .text.midi_process_byte
                0x00005166      0x186 xnormidi-develop/midi_device.o
                0x00005166                midi_process_byte
 .text.midi_device_process
                0x000052ec       0x6e xnormidi-develop/midi_device.o
                0x000052ec                midi_device_process
 .text.libgcc.div
                0x0000535a       0x28 c:/program files (x86)/atmel/studio/7.0/toolchain/avr8/avr8-gnu-toolchain/bin/../lib/gcc/avr/4.9.2/avr5\libgcc.a(_divmodhi4.o)
                0x0000535a                _div
                0x0000535a                __divmodhi4
 .text.libgcc.div
                0x00005382       0x2e c:/program files (x86)/atmel/studio/7.0/toolchain/avr8/avr8-gnu-toolchain/bin/../lib/gcc/avr/4.9.2/avr5\libgcc.a(_divmodsi4.o)
                0x00005382                __divmodsi4
 .text.libgcc.div
                0x000053b0       0x10 c:/program files (x86)/atmel/studio/7.0/toolchain/avr8/avr8-gnu-toolchain/bin/../lib/gcc/avr/4.9.2/avr5\libgcc.a(_negsi2.o)
                0x000053b0                __negsi2
 .text.libgcc   0x000053c0        0xc c:/program files (x86)/atmel/studio/7.0/toolchain/avr8/avr8-gnu-toolchain/bin/../lib/gcc/avr/4.9.2/avr5\libgcc.a(_tablejump2.o)
                0x000053c0                __tablejump2__
 .text.libgcc.mul
                0x000053cc       0x1e c:/program files (x86)/atmel/studio/7.0/toolchain/avr8/avr8-gnu-toolchain/bin/../lib/gcc/avr/4.9.2/avr5\libgcc.a(_umulhisi3.o)
                0x000053cc                __umulhisi3
 .text.libgcc.div
                0x000053ea       0x28 c:/program files (x86)/atmel/studio/7.0/toolchain/avr8/avr8-gnu-toolchain/bin/../lib/gcc/avr/4.9.2/avr5\libgcc.a(_udivmodhi4.o)
                0x000053ea                __udivmodhi4
 .text.libgcc.div
                0x00005412       0x44 c:/program files (x86)/atmel/studio/7.0/toolchain/avr8/avr8-gnu-toolchain/bin/../lib/gcc/avr/4.9.2/avr5\libgcc.a(_udivmodsi4.o)
                0x00005412                __udivmodsi4
 .text.avr-libc
                0x00005456       0x12 c:/program files (x86)/atmel/studio/7.0/toolchain/avr8/avr8-gnu-toolchain/bin/../lib/gcc/avr/4.9.2/../../../../avr/lib/avr5\libc.a(memcpy.o)
                0x00005456                memcpy
                0x00005468                . = ALIGN (0x2)
 *(.fini9)
 .fini9         0x00005468        0x0 c:/program files (x86)/atmel/studio/7.0/toolchain/avr8/avr8-gnu-toolchain/bin/../lib/gcc/avr/4.9.2/avr5\libgcc.a(_exit.o)
                0x00005468                _exit
                0x00005468                exit
 *(.fini9)
 *(.fini8)
 *(.fini8)
 *(.fini7)
 *(.fini7)
 *(.fini6)
 *(.fini6)
 *(.fini5)
 *(.fini5)
 *(.fini4)
 *(.fini4)
 *(.fini3)
 *(.fini3)
 *(.fini2)
 *(.fini2)
 *(.fini1)
 *(.fini1)
 *(.fini0)
 .fini0         0x00005468        0x4 c:/program files (x86)/atmel/studio/7.0/toolchain/avr8/avr8-gnu-toolchain/bin/../lib/gcc/avr/4.9.2/avr5\libgcc.a(_exit.o)
 *(.fini0)
                0x0000546c                _etext = .

.data           0x00800100      0x138 load address 0x0000546c
                0x00800100                PROVIDE (__data_start, .)
 *(.data)
 *(.data*)
 .data.current_writing_page
                0x00800100        0x2 twi_eeprom.o
                0x00800100                current_writing_page
 .data.current_pattern_page
                0x00800102        0x2 twi_eeprom.o
                0x00800102                current_pattern_page
 .data.drum_hit
                0x00800104       0x77 drums.o
                0x00800104                drum_hit
 .data.track_led
                0x0080017b        0xc leds.o
                0x0080017b                track_led
 .data.led      0x00800187       0x6e leds.o
                0x00800187                led
 .data.mode_index
                0x008001f5        0x1 mode.o
                0x008001f5                mode_index
 .data.pre_scale
                0x008001f6        0x4 sequencer.o
                0x008001f6                pre_scale
 .data.button   0x008001fa       0x23 switches.o
                0x008001fa                button
 *(.rodata)
 .rodata        0x0080021d        0xa drums.o
 .rodata        0x00800227       0x11 mode.o
 *(.rodata*)
 *(.gnu.linkonce.d*)
                0x00800238                . = ALIGN (0x2)
                0x00800238                _edata = .
                0x00800238                PROVIDE (__data_end, .)

.bss            0x00800238      0x3f7
                0x00800238                PROVIDE (__bss_start, .)
 *(.bss)
 *(.bss*)
 .bss.current_drum_hit
                0x00800238        0x1 drums.o
                0x00800238                current_drum_hit
 .bss.sync_index
                0x00800239        0x1 mode.o
                0x00800239                sync_index
 .bss.fill_index
                0x0080023a        0x1 mode.o
                0x0080023a                fill_index
 .bss.current_tempo_adc.2355
                0x0080023b        0x2 sequencer.o
 .bss.new_tempo_adc.2354
                0x0080023d        0x2 sequencer.o
 .bss.spi_previous_switch_data
                0x0080023f        0x5 spi.o
                0x0080023f                spi_previous_switch_data
 .bss.spi_current_switch_data
                0x00800244        0x5 spi.o
                0x00800244                spi_current_switch_data
 .bss.spi_data  0x00800249        0x9 spi.o
                0x00800249                spi_data
 .bss.previous_start_stop_tap_state
                0x00800252        0x1 switches.o
                0x00800252                previous_start_stop_tap_state
 .bss.current_start_stop_tap_state
                0x00800253        0x1 switches.o
                0x00800253                current_start_stop_tap_state
 *(COMMON)
 COMMON         0x00800254      0x13c twi_eeprom.o
                0x00800254                TWI_write_bytes
                0x00800256                TWI_buffer_max
                0x00800258                TWI_buffer
                0x008002e5                TWI_master_state
                0x008002e6                p_set_eeprom_address
                0x008002e8                TWI_status
                0x008002e9                flag
                0x008002ec                p_TWI_buffer
                0x008002ee                pattern_to_write
                0x00800379                TWI_error
                0x0080037a                current_pattern_num
                0x0080037b                TWI_read_bytes
                0x0080037d                TWI_return_result
                0x0080037f                TWI_target_slave_addr
                0x00800380                TWI_buffer_len
                0x00800381                p_write_track
                0x00800383                TWI_busy
                0x00800384                TWI_operation
                0x00800385                p_read_rhythm_track_data
                0x00800387                TWI_bytes_returned
                0x00800389                p_write_pattern
                0x0080038b                TWI_buffer_pos
                0x0080038d                current_pattern_bank
                0x0080038e                p_read_pattern
 COMMON         0x00800390        0xd clock.o
                0x00800390                clock
 COMMON         0x0080039d       0xed main.o
                0x0080039d                midi_device
 COMMON         0x0080048a       0xc5 midi.o
                0x0080048a                midi_output_queue_data
                0x0080054a                midi_byte_queue
 COMMON         0x0080054f       0xe0 sequencer.o
                0x0080054f                rhythm_track
                0x00800590                sequencer
                0x0080062f                PROVIDE (__bss_end, .)
                0x0000546c                __data_load_start = LOADADDR (.data)
                0x000055a4                __data_load_end = (__data_load_start + SIZEOF (.data))

.noinit         0x0080062f        0x0
                0x0080062f                PROVIDE (__noinit_start, .)
 *(.noinit*)
                0x0080062f                PROVIDE (__noinit_end, .)
                0x0080062f                _end = .
                0x0080062f                PROVIDE (__heap_start, .)

.eeprom         0x00810000        0x0
 *(.eeprom*)
                0x00810000                __eeprom_end = .

.fuse
 *(.fuse)
 *(.lfuse)
 *(.hfuse)
 *(.efuse)

.lock
 *(.lock*)

.signature
 *(.signature*)

.user_signatures
 *(.user_signatures*)

.stab
 *(.stab)

.stabstr
 *(.stabstr)

.stab.excl
 *(.stab.excl)

.stab.exclstr
 *(.stab.exclstr)

.stab.index
 *(.stab.index)

.stab.indexstr
 *(.stab.indexstr)

.comment        0x00000000       0x30
 *(.comment)
 .comment       0x00000000       0x30 twi_eeprom.o
                                 0x31 (size before relaxing)
 .comment       0x00000030       0x31 adc.o
 .comment       0x00000030       0x31 clock.o
 .comment       0x00000030       0x31 drums.o
 .comment       0x00000030       0x31 interrupts.o
 .comment       0x00000030       0x31 leds.o
 .comment       0x00000030       0x31 main.o
 .comment       0x00000030       0x31 midi.o
 .comment       0x00000030       0x31 mode.o
 .comment       0x00000030       0x31 sequencer.o
 .comment       0x00000030       0x31 spi.o
 .comment       0x00000030       0x31 switches.o
 .comment       0x00000030       0x31 twi.o
 .comment       0x00000030       0x31 xnormidi-develop/bytequeue/bytequeue.o
 .comment       0x00000030       0x31 xnormidi-develop/bytequeue/interrupt_setting.o
 .comment       0x00000030       0x31 xnormidi-develop/midi.o
 .comment       0x00000030       0x31 xnormidi-develop/midi_device.o

.note.gnu.avr.deviceinfo
                0x00000000       0x40
 .note.gnu.avr.deviceinfo
                0x00000000       0x40 C:/Program Files (x86)/Atmel/Studio/7.0/Packs/atmel/ATmega_DFP/1.0.98/gcc/dev/atmega328pb/avr5/crtatmega328pb.o

.note.gnu.build-id
 *(.note.gnu.build-id)

.debug
 *(.debug)

.line
 *(.line)

.debug_srcinfo
 *(.debug_srcinfo)

.debug_sfnames
 *(.debug_sfnames)

.debug_aranges
 *(.debug_aranges)

.debug_pubnames
 *(.debug_pubnames)

.debug_info
 *(.debug_info .gnu.linkonce.wi.*)

.debug_abbrev
 *(.debug_abbrev)

.debug_line
 *(.debug_line .debug_line.* .debug_line_end)

.debug_frame
 *(.debug_frame)

.debug_str
 *(.debug_str)

.debug_loc
 *(.debug_loc)

.debug_macinfo
 *(.debug_macinfo)

.debug_weaknames
 *(.debug_weaknames)

.debug_funcnames
 *(.debug_funcnames)

.debug_typenames
 *(.debug_typenames)

.debug_varnames
 *(.debug_varnames)

.debug_pubtypes
 *(.debug_pubtypes)

.debug_ranges
 *(.debug_ranges)

.debug_macro
 *(.debug_macro)
OUTPUT(TR-808-firmware.elf elf32-avr)
LOAD linker stubs
